Archive member included to satisfy reference by file (symbol)

C:/Program Files/SEGGER/SEGGER Embedded Studio for ARM 4.16/lib/libc_v7em_fpv4_sp_d16_hard_t_le_eabi.a(libc2_asm.o)
                              Output/blinky_FreeRTOS_pca10056 Release/Obj/queue.o (memcpy)
C:/Program Files/SEGGER/SEGGER Embedded Studio for ARM 4.16/lib/libdebugio_v7em_fpv4_sp_d16_hard_t_le_eabi.a(libdebugio.o)
                              Output/blinky_FreeRTOS_pca10056 Release/Obj/thumb_crt0.o (debug_fopen)
C:/Program Files/SEGGER/SEGGER Embedded Studio for ARM 4.16/lib/libdebugio_mempoll_v7em_fpv4_sp_d16_hard_t_le_eabi.a(mempoll_debug_operations.o)
                              C:/Program Files/SEGGER/SEGGER Embedded Studio for ARM 4.16/lib/libdebugio_v7em_fpv4_sp_d16_hard_t_le_eabi.a(libdebugio.o) (__do_debug_operation)
C:/Program Files/SEGGER/SEGGER Embedded Studio for ARM 4.16/lib/libdebugio_mempoll_v7em_fpv4_sp_d16_hard_t_le_eabi.a(do_nv_debug_operation.o)
                              C:/Program Files/SEGGER/SEGGER Embedded Studio for ARM 4.16/lib/libdebugio_v7em_fpv4_sp_d16_hard_t_le_eabi.a(libdebugio.o) (__do_nvdebug_operation)
C:/Program Files/SEGGER/SEGGER Embedded Studio for ARM 4.16/lib/libm_v7em_fpv4_sp_d16_hard_t_le_eabi.a(libm_asm.o)
                              C:/Program Files/SEGGER/SEGGER Embedded Studio for ARM 4.16/lib/libvfscanf_v7em_fpv4_sp_d16_hard_t_le_eabi.o (__aeabi_i2d)
C:/Program Files/SEGGER/SEGGER Embedded Studio for ARM 4.16/lib/libm_v7em_fpv4_sp_d16_hard_t_le_eabi.a(libm2.o)
                              C:/Program Files/SEGGER/SEGGER Embedded Studio for ARM 4.16/lib/libvfprintf_v7em_fpv4_sp_d16_hard_t_le_eabi.o (frexp)
C:/Program Files/SEGGER/SEGGER Embedded Studio for ARM 4.16/lib/libm_v7em_fpv4_sp_d16_hard_t_le_eabi.a(libm2_asm.o)
                              C:/Program Files/SEGGER/SEGGER Embedded Studio for ARM 4.16/lib/libm_v7em_fpv4_sp_d16_hard_t_le_eabi.a(libm2.o) (fabs)
C:/Program Files/SEGGER/SEGGER Embedded Studio for ARM 4.16/lib/libc_v7em_fpv4_sp_d16_hard_t_le_eabi.a(libc_asm.o)
                              C:/Program Files/SEGGER/SEGGER Embedded Studio for ARM 4.16/lib/libvfprintf_v7em_fpv4_sp_d16_hard_t_le_eabi.o (__aeabi_uldivmod)
C:/Program Files/SEGGER/SEGGER Embedded Studio for ARM 4.16/lib/libc_v7em_fpv4_sp_d16_hard_t_le_eabi.a(libc2.o)
                              C:/Program Files/SEGGER/SEGGER Embedded Studio for ARM 4.16/lib/libvfscanf_v7em_fpv4_sp_d16_hard_t_le_eabi.o (__getc)
C:/Program Files/SEGGER/SEGGER Embedded Studio for ARM 4.16/lib/libc_v7em_fpv4_sp_d16_hard_t_le_eabi.a(libc.o)
                              C:/Program Files/SEGGER/SEGGER Embedded Studio for ARM 4.16/lib/libc_v7em_fpv4_sp_d16_hard_t_le_eabi.a(libc2.o) (__heap_lock)

Discarded input sections

 .text          0x0000000000000000        0x0 Output/blinky_FreeRTOS_pca10056 Release/Obj/thumb_crt0.o
 .data          0x0000000000000000        0x0 Output/blinky_FreeRTOS_pca10056 Release/Obj/thumb_crt0.o
 .bss           0x0000000000000000        0x0 Output/blinky_FreeRTOS_pca10056 Release/Obj/thumb_crt0.o
 .text.__aeabi_read_tp
                0x0000000000000000        0x8 Output/blinky_FreeRTOS_pca10056 Release/Obj/thumb_crt0.o
 .text.abort    0x0000000000000000        0x2 Output/blinky_FreeRTOS_pca10056 Release/Obj/thumb_crt0.o
 .text.__assert
                0x0000000000000000        0x2 Output/blinky_FreeRTOS_pca10056 Release/Obj/thumb_crt0.o
 .text.__aeabi_assert
                0x0000000000000000        0x2 Output/blinky_FreeRTOS_pca10056 Release/Obj/thumb_crt0.o
 .text.__sync_synchronize
                0x0000000000000000        0x2 Output/blinky_FreeRTOS_pca10056 Release/Obj/thumb_crt0.o
 .text.__getchar
                0x0000000000000000        0x4 Output/blinky_FreeRTOS_pca10056 Release/Obj/thumb_crt0.o
 .text.__putchar
                0x0000000000000000        0x4 Output/blinky_FreeRTOS_pca10056 Release/Obj/thumb_crt0.o
 .text.__open   0x0000000000000000        0x4 Output/blinky_FreeRTOS_pca10056 Release/Obj/thumb_crt0.o
 .text.__close  0x0000000000000000        0x4 Output/blinky_FreeRTOS_pca10056 Release/Obj/thumb_crt0.o
 .text.__write  0x0000000000000000        0xa Output/blinky_FreeRTOS_pca10056 Release/Obj/thumb_crt0.o
 .text.__read   0x0000000000000000        0xa Output/blinky_FreeRTOS_pca10056 Release/Obj/thumb_crt0.o
 .text.__seek   0x0000000000000000       0x1a Output/blinky_FreeRTOS_pca10056 Release/Obj/thumb_crt0.o
 .bss.__user_locale_name_buffer
                0x0000000000000000        0x4 Output/blinky_FreeRTOS_pca10056 Release/Obj/thumb_crt0.o
 .stack         0x0000000000000000        0x0 Output/blinky_FreeRTOS_pca10056 Release/Obj/thumb_crt0.o
 .stack_process
                0x0000000000000000        0x0 Output/blinky_FreeRTOS_pca10056 Release/Obj/thumb_crt0.o
 .heap          0x0000000000000000        0x0 Output/blinky_FreeRTOS_pca10056 Release/Obj/thumb_crt0.o
[...]
Memory Configuration

Name             Origin             Length             Attributes
UNPLACED_SECTIONS 0x0000000100000000 0x0000000000000000 xw
RAM              0x0000000020000000 0x0000000000040000 xw
FLASH            0x0000000000000000 0x0000000000100000 xw
*default*        0x0000000000000000 0xffffffffffffffff

Linker script and memory map

                0x0000000000000000                __vfprintf = __vfprintf_long
                0x0000000000000000                __vfscanf = __vfscanf_long
                0x0000000020000000                __RAM_segment_start__ = 0x20000000
                0x0000000020040000                __RAM_segment_end__ = 0x20040000
                0x0000000000040000                __RAM_segment_size__ = 0x40000
                0x0000000000000000                __FLASH_segment_start__ = 0x0
                0x0000000000100000                __FLASH_segment_end__ = 0x100000
                0x0000000000100000                __FLASH_segment_size__ = 0x100000
                0x0000000000002000                __HEAPSIZE__ = 0x2000
                0x0000000000000000                __STACKSIZE_PROCESS__ = 0x0
                0x0000000000002000                __STACKSIZE__ = 0x2000
                0x0000000020000000                __vectors_ram_load_start__ = 0x20000000

.vectors_ram    0x0000000020000000        0x0
                0x0000000020000000                __vectors_ram_start__ = .
                0x0000000020000000                __app_ram_start__ = __vectors_ram_start__
 *(.vectors_ram .vectors_ram.*)
                0x0000000020000000                __vectors_ram_end__ = (__vectors_ram_start__ + SIZEOF (.vectors_ram))
                0x0000000000000000                __vectors_ram_size__ = SIZEOF (.vectors_ram)
                0x0000000020000000                __vectors_ram_load_end__ = __vectors_ram_end__
                0x0000000000000001                . = ASSERT (((__vectors_ram_start__ == __vectors_ram_end__) || ((__vectors_ram_end__ - __RAM_segment_start__) <= __RAM_segment_size__)), error: .vectors_ram is too large to fit in RAM memory segment)
                0x0000000020000000                __nrf_sections_run_load_start__ = ALIGN (__vectors_ram_end__, 0x4)

.nrf_sections_run
                0x0000000020000000        0x0
                0x0000000020000000                __nrf_sections_run_start__ = .
                0x0000000020000000                __start_nrf_sections_run = __nrf_sections_run_start__
 *(.nrf_sections_run .nrf_sections_run.*)
                0x0000000020000000                __nrf_sections_run_end__ = (__nrf_sections_run_start__ + SIZEOF (.nrf_sections_run))
                0x0000000000000000                __nrf_sections_run_size__ = SIZEOF (.nrf_sections_run)
                0x0000000020000000                __nrf_sections_run_load_end__ = __nrf_sections_run_end__
                0x0000000000000001                . = ASSERT (((__nrf_sections_run_start__ == __nrf_sections_run_end__) || ((__nrf_sections_run_end__ - __RAM_segment_start__) <= __RAM_segment_size__)), error: .nrf_sections_run is too large to fit in RAM memory segment)
                0x0000000000000000                __vectors_load_start__ = 0x0

.vectors        0x0000000000000000      0x200
                0x0000000000000000                __vectors_start__ = .
 *(.vectors .vectors.*)
 .vectors       0x0000000000000000      0x200 Output/blinky_FreeRTOS_pca10056 Release/Obj/ses_startup_nrf52840.o
                0x0000000000000000                _vectors
                0x0000000000000200                __vectors_end__ = (__vectors_start__ + SIZEOF (.vectors))
                0x0000000000000200                __vectors_size__ = SIZEOF (.vectors)
                0x0000000000000200                __vectors_load_end__ = __vectors_end__
                0x0000000000000001                . = ASSERT (((__vectors_start__ == __vectors_end__) || ((__vectors_end__ - __FLASH_segment_start__) <= __FLASH_segment_size__)), error: .vectors is too large to fit in FLASH memory segment)
                0x0000000000000200                __init_load_start__ = ALIGN (__vectors_end__, 0x4)

.init           0x0000000000000200      0x1d4
                0x0000000000000200                __init_start__ = .
 *(.init .init.*)
 .init          0x0000000000000200      0x15c Output/blinky_FreeRTOS_pca10056 Release/Obj/thumb_crt0.o
                0x0000000000000200                _start
                0x00000000000002b4                exit
 .init          0x000000000000035c       0x18 Output/blinky_FreeRTOS_pca10056 Release/Obj/ses_startup_nrf52840.o
                0x000000000000035c                NMI_Handler
                0x000000000000035e                HardFault_Handler
                0x0000000000000360                MemoryManagement_Handler
                0x0000000000000362                BusFault_Handler
                0x0000000000000364                UsageFault_Handler
                0x0000000000000368                DebugMon_Handler
                0x000000000000036c                SysTick_Handler
                0x000000000000036e                SWI2_EGU2_IRQHandler
                0x000000000000036e                PWM1_IRQHandler
                0x000000000000036e                RTC0_IRQHandler
                0x000000000000036e                RADIO_IRQHandler
                0x000000000000036e                PDM_IRQHandler
                0x000000000000036e                QSPI_IRQHandler
                0x000000000000036e                QDEC_IRQHandler
                0x000000000000036e                TIMER3_IRQHandler
                0x000000000000036e                PWM3_IRQHandler
                0x000000000000036e                FPU_IRQHandler
                0x000000000000036e                USBD_IRQHandler
                0x000000000000036e                SPIM0_SPIS0_TWIM0_TWIS0_SPI0_TWI0_IRQHandler
                0x000000000000036e                TEMP_IRQHandler
                0x000000000000036e                UARTE0_UART0_IRQHandler
                0x000000000000036e                TIMER4_IRQHandler
                0x000000000000036e                SWI0_EGU0_IRQHandler
                0x000000000000036e                I2S_IRQHandler
                0x000000000000036e                SWI4_EGU4_IRQHandler
                0x000000000000036e                TIMER0_IRQHandler
                0x000000000000036e                UARTE1_IRQHandler
                0x000000000000036e                Dummy_Handler
                0x000000000000036e                TIMER1_IRQHandler
                0x000000000000036e                SPIM3_IRQHandler
                0x000000000000036e                PWM2_IRQHandler
                0x000000000000036e                ECB_IRQHandler
                0x000000000000036e                SPIM1_SPIS1_TWIM1_TWIS1_SPI1_TWI1_IRQHandler
                0x000000000000036e                SAADC_IRQHandler
                0x000000000000036e                CCM_AAR_IRQHandler
                0x000000000000036e                WDT_IRQHandler
                0x000000000000036e                SWI5_EGU5_IRQHandler
                0x000000000000036e                RNG_IRQHandler
                0x000000000000036e                RTC2_IRQHandler
                0x000000000000036e                PWM0_IRQHandler
                0x000000000000036e                SWI3_EGU3_IRQHandler
                0x000000000000036e                SWI1_EGU1_IRQHandler
                0x000000000000036e                SPIM2_SPIS2_SPI2_IRQHandler
                0x000000000000036e                NFCT_IRQHandler
                0x000000000000036e                CRYPTOCELL_IRQHandler
                0x000000000000036e                MWU_IRQHandler
                0x000000000000036e                TIMER2_IRQHandler
                0x000000000000036e                COMP_LPCOMP_IRQHandler
                0x0000000000000370                nRFInitialize
 .init          0x0000000000000374       0x60 Output/blinky_FreeRTOS_pca10056 Release/Obj/ses_startup_nrf_common.o
                0x0000000000000374                Reset_Handler
                0x000000000000039c                InitializeUserMemorySections
                0x00000000000003d4                __init_end__ = (__init_start__ + SIZEOF (.init))
                0x00000000000001d4                __init_size__ = SIZEOF (.init)
                0x00000000000003d4                __init_load_end__ = __init_end__
                0x0000000000000001                . = ASSERT (((__init_start__ == __init_end__) || ((__init_end__ - __FLASH_segment_start__) <= __FLASH_segment_size__)), error: .init is too large to fit in FLASH memory segment)
                0x00000000000003d4                __init_rodata_load_start__ = ALIGN (__init_end__, 0x4)

.init_rodata    0x00000000000003d4        0x0
                0x00000000000003d4                __init_rodata_start__ = .
 *(.init_rodata .init_rodata.*)
                0x00000000000003d4                __init_rodata_end__ = (__init_rodata_start__ + SIZEOF (.init_rodata))
                0x0000000000000000                __init_rodata_size__ = SIZEOF (.init_rodata)
                0x00000000000003d4                __init_rodata_load_end__ = __init_rodata_end__
                0x0000000000000001                . = ASSERT (((__init_rodata_start__ == __init_rodata_end__) || ((__init_rodata_end__ - __FLASH_segment_start__) <= __FLASH_segment_size__)), error: .init_rodata is too large to fit in FLASH memory segment)
                0x00000000000003d4                __text_load_start__ = ALIGN (__init_rodata_end__, 0x4)

.text           0x00000000000003d4     0x1b0c
                0x00000000000003d4                __text_start__ = .
 *(.text .text.* .glue_7t .glue_7 .gnu.linkonce.t.* .gcc_except_table .ARM.extab* .gnu.linkonce.armextab.*)
 .glue_7        0x00000000000003d4        0x0 linker stubs
 .glue_7t       0x00000000000003d4        0x0 linker stubs
 .text.bsp_board_led_off
                0x00000000000003d4       0x28 Output/blinky_FreeRTOS_pca10056 Release/Obj/boards.o
                0x00000000000003d4                bsp_board_led_off
 .text.bsp_board_leds_off
                0x00000000000003fc       0x1e Output/blinky_FreeRTOS_pca10056 Release/Obj/boards.o
                0x00000000000003fc                bsp_board_leds_off
 *fill*         0x000000000000041a        0x2 
 .text.bsp_board_led_invert
                0x000000000000041c       0x34 Output/blinky_FreeRTOS_pca10056 Release/Obj/boards.o
                0x000000000000041c                bsp_board_led_invert
 .text.bsp_board_init
                0x0000000000000450       0x3e Output/blinky_FreeRTOS_pca10056 Release/Obj/boards.o
                0x0000000000000450                bsp_board_init
 *fill*         0x000000000000048e        0x2 
 .text.pvPortMalloc
                0x0000000000000490       0x50 Output/blinky_FreeRTOS_pca10056 Release/Obj/heap_1.o
                0x0000000000000490                pvPortMalloc
 .text.vPortFree
                0x00000000000004e0        0x2 Output/blinky_FreeRTOS_pca10056 Release/Obj/heap_1.o
                0x00000000000004e0                vPortFree
 .text.vListInitialise
                0x00000000000004e2       0x16 Output/blinky_FreeRTOS_pca10056 Release/Obj/list.o
                0x00000000000004e2                vListInitialise
 .text.vListInitialiseItem
                0x00000000000004f8        0x6 Output/blinky_FreeRTOS_pca10056 Release/Obj/list.o
                0x00000000000004f8                vListInitialiseItem
 .text.vListInsertEnd
                0x00000000000004fe       0x18 Output/blinky_FreeRTOS_pca10056 Release/Obj/list.o
                0x00000000000004fe                vListInsertEnd
 .text.vListInsert
                0x0000000000000516       0x2e Output/blinky_FreeRTOS_pca10056 Release/Obj/list.o
                0x0000000000000516                vListInsert
 .text.uxListRemove
                0x0000000000000544       0x20 Output/blinky_FreeRTOS_pca10056 Release/Obj/list.o
                0x0000000000000544                uxListRemove
 .text.vPortStartFirstTask
                0x0000000000000564       0x1c Output/blinky_FreeRTOS_pca10056 Release/Obj/port.o
                0x0000000000000564                vPortStartFirstTask
 .text.SVC_Handler
                0x0000000000000580       0x20 Output/blinky_FreeRTOS_pca10056 Release/Obj/port.o
                0x0000000000000580                SVC_Handler
 .text.PendSV_Handler
                0x00000000000005a0       0x60 Output/blinky_FreeRTOS_pca10056 Release/Obj/port.o
                0x00000000000005a0                PendSV_Handler
 .text.prvTaskExitError
                0x0000000000000600        0x8 Output/blinky_FreeRTOS_pca10056 Release/Obj/port_cmsis.o
 .text.pxPortInitialiseStack
                0x0000000000000608       0x24 Output/blinky_FreeRTOS_pca10056 Release/Obj/port_cmsis.o
                0x0000000000000608                pxPortInitialiseStack
 .text.xPortStartScheduler
                0x000000000000062c       0x4c Output/blinky_FreeRTOS_pca10056 Release/Obj/port_cmsis.o
                0x000000000000062c                xPortStartScheduler
 .text.vPortEnterCritical
                0x0000000000000678       0x14 Output/blinky_FreeRTOS_pca10056 Release/Obj/port_cmsis.o
                0x0000000000000678                vPortEnterCritical
 .text.vPortExitCritical
                0x000000000000068c       0x14 Output/blinky_FreeRTOS_pca10056 Release/Obj/port_cmsis.o
                0x000000000000068c                vPortExitCritical
 .text.RTC1_IRQHandler
                0x00000000000006a0       0x78 Output/blinky_FreeRTOS_pca10056 Release/Obj/port_cmsis_systick.o
                0x00000000000006a0                RTC1_IRQHandler
 .text.vPortSetupTimerInterrupt
                0x0000000000000718       0x40 Output/blinky_FreeRTOS_pca10056 Release/Obj/port_cmsis_systick.o
                0x0000000000000718                vPortSetupTimerInterrupt
 .text.vPortSuppressTicksAndSleep
                0x0000000000000758       0xb4 Output/blinky_FreeRTOS_pca10056 Release/Obj/port_cmsis_systick.o
                0x0000000000000758                vPortSuppressTicksAndSleep
 .text.prvIsQueueEmpty
                0x000000000000080c       0x16 Output/blinky_FreeRTOS_pca10056 Release/Obj/queue.o
 .text.prvCopyDataToQueue
                0x0000000000000822       0x66 Output/blinky_FreeRTOS_pca10056 Release/Obj/queue.o
 .text.prvCopyDataFromQueue
                0x0000000000000888       0x2a Output/blinky_FreeRTOS_pca10056 Release/Obj/queue.o
 .text.prvUnlockQueue
                0x00000000000008b2       0x70 Output/blinky_FreeRTOS_pca10056 Release/Obj/queue.o
 *fill*         0x0000000000000922        0x2 
 .text.xQueueGenericReset
                0x0000000000000924       0x6c Output/blinky_FreeRTOS_pca10056 Release/Obj/queue.o
                0x0000000000000924                xQueueGenericReset
 .text.xQueueGenericCreate
                0x0000000000000990       0x2e Output/blinky_FreeRTOS_pca10056 Release/Obj/queue.o
                0x0000000000000990                xQueueGenericCreate
 *fill*         0x00000000000009be        0x2 
 .text.xQueueGenericSend
                0x00000000000009c0      0x100 Output/blinky_FreeRTOS_pca10056 Release/Obj/queue.o
                0x00000000000009c0                xQueueGenericSend
 .text.xQueueGenericSendFromISR
                0x0000000000000ac0       0x5e Output/blinky_FreeRTOS_pca10056 Release/Obj/queue.o
                0x0000000000000ac0                xQueueGenericSendFromISR
 *fill*         0x0000000000000b1e        0x2 
 .text.xQueueReceive
                0x0000000000000b20       0xf4 Output/blinky_FreeRTOS_pca10056 Release/Obj/queue.o
                0x0000000000000b20                xQueueReceive
 .text.vQueueAddToRegistry
                0x0000000000000c14       0x1c Output/blinky_FreeRTOS_pca10056 Release/Obj/queue.o
                0x0000000000000c14                vQueueAddToRegistry
 .text.vQueueWaitForMessageRestricted
                0x0000000000000c30       0x46 Output/blinky_FreeRTOS_pca10056 Release/Obj/queue.o
                0x0000000000000c30                vQueueWaitForMessageRestricted
 *fill*         0x0000000000000c76        0x2 
 .text.prvGetExpectedIdleTime
                0x0000000000000c78       0x3c Output/blinky_FreeRTOS_pca10056 Release/Obj/tasks.o
 .text.prvResetNextTaskUnblockTime
                0x0000000000000cb4       0x24 Output/blinky_FreeRTOS_pca10056 Release/Obj/tasks.o
 .text.prvAddCurrentTaskToDelayedList
                0x0000000000000cd8       0x8c Output/blinky_FreeRTOS_pca10056 Release/Obj/tasks.o
 .text.xTaskCreate
                0x0000000000000d64      0x1b4 Output/blinky_FreeRTOS_pca10056 Release/Obj/tasks.o
                0x0000000000000d64                xTaskCreate
 .text.vTaskStartScheduler
                0x0000000000000f18       0x60 Output/blinky_FreeRTOS_pca10056 Release/Obj/tasks.o
                0x0000000000000f18                vTaskStartScheduler
 .text.vTaskSuspendAll
                0x0000000000000f78       0x10 Output/blinky_FreeRTOS_pca10056 Release/Obj/tasks.o
                0x0000000000000f78                vTaskSuspendAll
 .text.xTaskGetTickCount
                0x0000000000000f88        0xc Output/blinky_FreeRTOS_pca10056 Release/Obj/tasks.o
                0x0000000000000f88                xTaskGetTickCount
 .text.vTaskStepTick
                0x0000000000000f94       0x10 Output/blinky_FreeRTOS_pca10056 Release/Obj/tasks.o
                0x0000000000000f94                vTaskStepTick
 .text.xTaskIncrementTick
                0x0000000000000fa4       0xf0 Output/blinky_FreeRTOS_pca10056 Release/Obj/tasks.o
                0x0000000000000fa4                xTaskIncrementTick
 .text.xTaskResumeAll
                0x0000000000001094       0xd8 Output/blinky_FreeRTOS_pca10056 Release/Obj/tasks.o
                0x0000000000001094                xTaskResumeAll
 .text.vTaskDelay
                0x000000000000116c       0x30 Output/blinky_FreeRTOS_pca10056 Release/Obj/tasks.o
                0x000000000000116c                vTaskDelay
 .text.prvIdleTask
                0x000000000000119c       0x84 Output/blinky_FreeRTOS_pca10056 Release/Obj/tasks.o
 .text.vTaskSwitchContext
                0x0000000000001220       0x5c Output/blinky_FreeRTOS_pca10056 Release/Obj/tasks.o
                0x0000000000001220                vTaskSwitchContext
 .text.vTaskPlaceOnEventList
                0x000000000000127c       0x20 Output/blinky_FreeRTOS_pca10056 Release/Obj/tasks.o
                0x000000000000127c                vTaskPlaceOnEventList
 .text.vTaskPlaceOnEventListRestricted
                0x000000000000129c       0x28 Output/blinky_FreeRTOS_pca10056 Release/Obj/tasks.o
                0x000000000000129c                vTaskPlaceOnEventListRestricted
 .text.xTaskRemoveFromEventList
                0x00000000000012c4       0x74 Output/blinky_FreeRTOS_pca10056 Release/Obj/tasks.o
                0x00000000000012c4                xTaskRemoveFromEventList
 .text.vTaskInternalSetTimeOutState
                0x0000000000001338       0x18 Output/blinky_FreeRTOS_pca10056 Release/Obj/tasks.o
                0x0000000000001338                vTaskInternalSetTimeOutState
 .text.xTaskCheckForTimeOut
                0x0000000000001350       0x50 Output/blinky_FreeRTOS_pca10056 Release/Obj/tasks.o
                0x0000000000001350                xTaskCheckForTimeOut
 .text.vTaskMissedYield
                0x00000000000013a0        0xc Output/blinky_FreeRTOS_pca10056 Release/Obj/tasks.o
                0x00000000000013a0                vTaskMissedYield
 .text.eTaskConfirmSleepModeStatus
                0x00000000000013ac       0x34 Output/blinky_FreeRTOS_pca10056 Release/Obj/tasks.o
                0x00000000000013ac                eTaskConfirmSleepModeStatus
 .text.xTaskGetSchedulerState
                0x00000000000013e0       0x20 Output/blinky_FreeRTOS_pca10056 Release/Obj/tasks.o
                0x00000000000013e0                xTaskGetSchedulerState
 .text.xTaskPriorityDisinherit
                0x0000000000001400       0x70 Output/blinky_FreeRTOS_pca10056 Release/Obj/tasks.o
                0x0000000000001400                xTaskPriorityDisinherit
 .text.prvCheckForValidListAndQueue
                0x0000000000001470       0x58 Output/blinky_FreeRTOS_pca10056 Release/Obj/timers.o
 .text.prvInsertTimerInActiveList
                0x00000000000014c8       0x3c Output/blinky_FreeRTOS_pca10056 Release/Obj/timers.o
 .text.xTimerCreateTimerTask
                0x0000000000001504       0x38 Output/blinky_FreeRTOS_pca10056 Release/Obj/timers.o
                0x0000000000001504                xTimerCreateTimerTask
 .text.xTimerCreate
                0x000000000000153c       0x34 Output/blinky_FreeRTOS_pca10056 Release/Obj/timers.o
                0x000000000000153c                xTimerCreate
 .text.xTimerGenericCommand
                0x0000000000001570       0x44 Output/blinky_FreeRTOS_pca10056 Release/Obj/timers.o
                0x0000000000001570                xTimerGenericCommand
 .text.prvSwitchTimerLists
                0x00000000000015b4       0x68 Output/blinky_FreeRTOS_pca10056 Release/Obj/timers.o
 .text.prvTimerTask
                0x000000000000161c      0x18c Output/blinky_FreeRTOS_pca10056 Release/Obj/timers.o
 .text.app_error_handler_bare
                0x00000000000017a8       0x1a Output/blinky_FreeRTOS_pca10056 Release/Obj/app_error.o
                0x00000000000017a8                app_error_handler_bare
 *fill*         0x00000000000017c2        0x2 
 .text.app_error_fault_handler
                0x00000000000017c4       0x34 Output/blinky_FreeRTOS_pca10056 Release/Obj/app_error_weak.o
                0x00000000000017c4                app_error_fault_handler
 .text.app_util_disable_irq
                0x00000000000017f8       0x10 Output/blinky_FreeRTOS_pca10056 Release/Obj/app_util_platform.o
                0x00000000000017f8                app_util_disable_irq
 .text.app_util_enable_irq
                0x0000000000001808       0x14 Output/blinky_FreeRTOS_pca10056 Release/Obj/app_util_platform.o
                0x0000000000001808                app_util_enable_irq
 .text.app_util_critical_region_enter
                0x000000000000181c        0x4 Output/blinky_FreeRTOS_pca10056 Release/Obj/app_util_platform.o
                0x000000000000181c                app_util_critical_region_enter
 .text.app_util_critical_region_exit
                0x0000000000001820        0x4 Output/blinky_FreeRTOS_pca10056 Release/Obj/app_util_platform.o
                0x0000000000001820                app_util_critical_region_exit
 .text.clock_clk_started_notify
                0x0000000000001824       0x24 Output/blinky_FreeRTOS_pca10056 Release/Obj/nrf_drv_clock.o
 .text.clock_irq_handler
                0x0000000000001848       0x1c Output/blinky_FreeRTOS_pca10056 Release/Obj/nrf_drv_clock.o
 .text.nrf_drv_clock_init
                0x0000000000001864       0x30 Output/blinky_FreeRTOS_pca10056 Release/Obj/nrf_drv_clock.o
                0x0000000000001864                nrf_drv_clock_init
 .text.nrf_drv_clock_lfclk_request
                0x0000000000001894       0x54 Output/blinky_FreeRTOS_pca10056 Release/Obj/nrf_drv_clock.o
                0x0000000000001894                nrf_drv_clock_lfclk_request
 .text.nrfx_clock_init
                0x00000000000018e8       0x18 Output/blinky_FreeRTOS_pca10056 Release/Obj/nrfx_clock.o
                0x00000000000018e8                nrfx_clock_init
 .text.nrfx_clock_enable
                0x0000000000001900       0x24 Output/blinky_FreeRTOS_pca10056 Release/Obj/nrfx_clock.o
                0x0000000000001900                nrfx_clock_enable
 .text.nrfx_clock_lfclk_start
                0x0000000000001924       0x24 Output/blinky_FreeRTOS_pca10056 Release/Obj/nrfx_clock.o
                0x0000000000001924                nrfx_clock_lfclk_start
 .text.POWER_CLOCK_IRQHandler
                0x0000000000001948       0x64 Output/blinky_FreeRTOS_pca10056 Release/Obj/nrfx_clock.o
                0x0000000000001948                POWER_CLOCK_IRQHandler
 .text.nrf_gpiote_event_clear
                0x00000000000019ac       0x18 Output/blinky_FreeRTOS_pca10056 Release/Obj/nrfx_gpiote.o
 .text.nrf_gpio_pin_port_decode
                0x00000000000019c4       0x18 Output/blinky_FreeRTOS_pca10056 Release/Obj/nrfx_gpiote.o
 .text.nrf_gpio_cfg_sense_set
                0x00000000000019dc       0x2e Output/blinky_FreeRTOS_pca10056 Release/Obj/nrfx_gpiote.o
 *fill*         0x0000000000001a0a        0x2 
 .text.GPIOTE_IRQHandler
                0x0000000000001a0c      0x1ac Output/blinky_FreeRTOS_pca10056 Release/Obj/nrfx_gpiote.o
                0x0000000000001a0c                GPIOTE_IRQHandler
 .text.led_toggle_timer_callback
                0x0000000000001bb8        0x6 Output/blinky_FreeRTOS_pca10056 Release/Obj/main.o
 .text.led_toggle_task_function
                0x0000000000001bbe       0x10 Output/blinky_FreeRTOS_pca10056 Release/Obj/main.o
 *fill*         0x0000000000001bce        0x2 
 .text.startup.main
                0x0000000000001bd0       0x80 Output/blinky_FreeRTOS_pca10056 Release/Obj/main.o
                0x0000000000001bd0                main
 .text.errata_98
                0x0000000000001c50       0x20 Output/blinky_FreeRTOS_pca10056 Release/Obj/system_nrf52840.o
 .text.SystemInit
                0x0000000000001c70      0x1b8 Output/blinky_FreeRTOS_pca10056 Release/Obj/system_nrf52840.o
                0x0000000000001c70                SystemInit
 .text.libc.memcpy
                0x0000000000001e28       0x52 C:/Program Files/SEGGER/SEGGER Embedded Studio for ARM 4.16/lib/libc_v7em_fpv4_sp_d16_hard_t_le_eabi.a(libc2_asm.o)
                0x0000000000001e28                __aeabi_memcpy
                0x0000000000001e28                memcpy
                0x0000000000001e34                __aeabi_memcpy8
                0x0000000000001e34                __aeabi_memcpy4
 .text.libc.memset
                0x0000000000001e7a       0x66 C:/Program Files/SEGGER/SEGGER Embedded Studio for ARM 4.16/lib/libc_v7em_fpv4_sp_d16_hard_t_le_eabi.a(libc2_asm.o)
                0x0000000000001e7a                memset
                0x0000000000001ee0                __text_end__ = (__text_start__ + SIZEOF (.text))
                0x0000000000001b0c                __text_size__ = SIZEOF (.text)
                0x0000000000001ee0                __text_load_end__ = __text_end__

.vfp11_veneer   0x0000000100000000        0x0
 .vfp11_veneer  0x0000000100000000        0x0 linker stubs

.v4_bx          0x0000000100000000        0x0
 .v4_bx         0x0000000100000000        0x0 linker stubs

.iplt           0x0000000100000000        0x0
 .iplt          0x0000000100000000        0x0 Output/blinky_FreeRTOS_pca10056 Release/Obj/thumb_crt0.o
                0x0000000000000001                . = ASSERT (((__text_start__ == __text_end__) || ((__text_end__ - __FLASH_segment_start__) <= __FLASH_segment_size__)), error: .text is too large to fit in FLASH memory segment)
                0x0000000000001ee0                __log_const_data_load_start__ = ALIGN (__text_end__, 0x4)

.log_const_data
                0x0000000000001ee0        0x0
                0x0000000000001ee0                __log_const_data_start__ = .
                0x0000000000001ee0                __start_log_const_data = __log_const_data_start__
 *(SORT_BY_NAME(.log_const_data*))
                0x0000000000001ee0                __log_const_data_end__ = (__log_const_data_start__ + SIZEOF (.log_const_data))
                0x0000000000000000                __log_const_data_size__ = SIZEOF (.log_const_data)
                0x0000000000001ee0                __stop_log_const_data = __log_const_data_end__
                0x0000000000001ee0                __log_const_data_load_end__ = __log_const_data_end__
                0x0000000000000001                . = ASSERT (((__log_const_data_start__ == __log_const_data_end__) || ((__log_const_data_end__ - __FLASH_segment_start__) <= __FLASH_segment_size__)), error: .log_const_data is too large to fit in FLASH memory segment)
                0x0000000000001ee0                __log_backends_load_start__ = ALIGN (__log_const_data_end__, 0x4)

.log_backends   0x0000000000001ee0        0x0
                0x0000000000001ee0                __log_backends_start__ = .
                0x0000000000001ee0                __start_log_backends = __log_backends_start__
 *(SORT_BY_NAME(.log_backends*))
                0x0000000000001ee0                __log_backends_end__ = (__log_backends_start__ + SIZEOF (.log_backends))
                0x0000000000000000                __log_backends_size__ = SIZEOF (.log_backends)
                0x0000000000001ee0                __stop_log_backends = __log_backends_end__
                0x0000000000001ee0                __log_backends_load_end__ = __log_backends_end__
                0x0000000000000001                . = ASSERT (((__log_backends_start__ == __log_backends_end__) || ((__log_backends_end__ - __FLASH_segment_start__) <= __FLASH_segment_size__)), error: .log_backends is too large to fit in FLASH memory segment)
                0x0000000000001ee0                __nrf_balloc_load_start__ = ALIGN (__log_backends_end__, 0x4)

.nrf_balloc     0x0000000000001ee0        0x0
                0x0000000000001ee0                __nrf_balloc_start__ = .
                0x0000000000001ee0                __start_nrf_balloc = __nrf_balloc_start__
 *(.nrf_balloc*)
                0x0000000000001ee0                __nrf_balloc_end__ = (__nrf_balloc_start__ + SIZEOF (.nrf_balloc))
                0x0000000000000000                __nrf_balloc_size__ = SIZEOF (.nrf_balloc)
                0x0000000000001ee0                __stop_nrf_balloc = __nrf_balloc_end__
                0x0000000000001ee0                __nrf_balloc_load_end__ = __nrf_balloc_end__
                0x0000000000000001                . = ASSERT (((__nrf_balloc_start__ == __nrf_balloc_end__) || ((__nrf_balloc_end__ - __FLASH_segment_start__) <= __FLASH_segment_size__)), error: .nrf_balloc is too large to fit in FLASH memory segment)
                0x0000000000001ee0                __nrf_sections_load_start__ = ALIGN (__nrf_balloc_end__, 0x4)

.nrf_sections   0x0000000000001ee0        0x0
                0x0000000000001ee0                __nrf_sections_start__ = .
                0x0000000000001ee0                __start_nrf_sections = __nrf_sections_start__
 *(.nrf_sections .nrf_sections.*)
                0x0000000000001ee0                __nrf_sections_end__ = (__nrf_sections_start__ + SIZEOF (.nrf_sections))
                0x0000000000000000                __nrf_sections_size__ = SIZEOF (.nrf_sections)
                0x0000000000001ee0                __nrf_sections_load_end__ = __nrf_sections_end__
                0x0000000000000001                . = ASSERT (((__nrf_sections_start__ == __nrf_sections_end__) || ((__nrf_sections_end__ - __FLASH_segment_start__) <= __FLASH_segment_size__)), error: .nrf_sections is too large to fit in FLASH memory segment)
                0x0000000000001ee0                __log_dynamic_data_load_start__ = ALIGN (__nrf_sections_end__, 0x4)

.log_dynamic_data
                0x0000000020000000        0x0 load address 0x0000000000001ee0
                0x0000000020000000                __log_dynamic_data_start__ = .
 *(SORT_BY_NAME(.log_dynamic_data*))
                0x0000000020000000                __log_dynamic_data_end__ = (__log_dynamic_data_start__ + SIZEOF (.log_dynamic_data))
                0x0000000000000000                __log_dynamic_data_size__ = SIZEOF (.log_dynamic_data)
                0x0000000000001ee0                __log_dynamic_data_load_end__ = (__log_dynamic_data_load_start__ + SIZEOF (.log_dynamic_data))
                0x0000000000000001                . = ASSERT (((__log_dynamic_data_load_start__ == __log_dynamic_data_load_end__) || ((__log_dynamic_data_load_end__ - __FLASH_segment_start__) <= __FLASH_segment_size__)), error: .log_dynamic_data is too large to fit in FLASH memory segment)

.log_dynamic_data_run
                0x0000000020000000        0x0
                0x0000000020000000                __log_dynamic_data_run_start__ = .
                0x0000000020000000                __start_log_dynamic_data = __log_dynamic_data_run_start__
                0x0000000020000000                . = MAX ((__log_dynamic_data_run_start__ + SIZEOF (.log_dynamic_data)), .)
                0x0000000020000000                __log_dynamic_data_run_end__ = (__log_dynamic_data_run_start__ + SIZEOF (.log_dynamic_data_run))
                0x0000000000000000                __log_dynamic_data_run_size__ = SIZEOF (.log_dynamic_data_run)
                0x0000000020000000                __stop_log_dynamic_data = __log_dynamic_data_run_end__
                0x0000000020000000                __log_dynamic_data_run_load_end__ = __log_dynamic_data_run_end__
                0x0000000000000001                . = ASSERT (((__log_dynamic_data_run_start__ == __log_dynamic_data_run_end__) || ((__log_dynamic_data_run_end__ - __RAM_segment_start__) <= __RAM_segment_size__)), error: .log_dynamic_data_run is too large to fit in RAM memory segment)
                0x0000000000001ee0                __log_filter_data_load_start__ = ALIGN ((__log_dynamic_data_load_start__ + SIZEOF (.log_dynamic_data)), 0x4)

.log_filter_data
                0x0000000020000000        0x0 load address 0x0000000000001ee0
                0x0000000020000000                __log_filter_data_start__ = .
 *(SORT_BY_NAME(.log_filter_data*))
                0x0000000020000000                __log_filter_data_end__ = (__log_filter_data_start__ + SIZEOF (.log_filter_data))
                0x0000000000000000                __log_filter_data_size__ = SIZEOF (.log_filter_data)
                0x0000000000001ee0                __log_filter_data_load_end__ = (__log_filter_data_load_start__ + SIZEOF (.log_filter_data))
                0x0000000000000001                . = ASSERT (((__log_filter_data_load_start__ == __log_filter_data_load_end__) || ((__log_filter_data_load_end__ - __FLASH_segment_start__) <= __FLASH_segment_size__)), error: .log_filter_data is too large to fit in FLASH memory segment)

.log_filter_data_run
                0x0000000020000000        0x0
                0x0000000020000000                __log_filter_data_run_start__ = .
                0x0000000020000000                __start_log_filter_data = __log_filter_data_run_start__
                0x0000000020000000                . = MAX ((__log_filter_data_run_start__ + SIZEOF (.log_filter_data)), .)
                0x0000000020000000                __log_filter_data_run_end__ = (__log_filter_data_run_start__ + SIZEOF (.log_filter_data_run))
                0x0000000000000000                __log_filter_data_run_size__ = SIZEOF (.log_filter_data_run)
                0x0000000020000000                __stop_log_filter_data = __log_filter_data_run_end__
                0x0000000020000000                __log_filter_data_run_load_end__ = __log_filter_data_run_end__
                0x0000000000000001                . = ASSERT (((__log_filter_data_run_start__ == __log_filter_data_run_end__) || ((__log_filter_data_run_end__ - __RAM_segment_start__) <= __RAM_segment_size__)), error: .log_filter_data_run is too large to fit in RAM memory segment)
                0x0000000020000000                __nrf_sections_run_end_load_start__ = ALIGN (__log_filter_data_run_end__, 0x4)

.nrf_sections_run_end
                0x0000000020000000        0x0
                0x0000000020000000                __nrf_sections_run_end_start__ = .
                0x0000000020000000                __end_nrf_sections_run = __nrf_sections_run_end_start__
 *(.nrf_sections_run_end .nrf_sections_run_end.*)
                0x0000000020000000                __nrf_sections_run_end_end__ = (__nrf_sections_run_end_start__ + SIZEOF (.nrf_sections_run_end))
                0x0000000000000000                __nrf_sections_run_end_size__ = SIZEOF (.nrf_sections_run_end)
                0x0000000020000000                __nrf_sections_run_end_load_end__ = __nrf_sections_run_end_end__
                0x0000000000000001                . = ASSERT (((__nrf_sections_run_end_start__ == __nrf_sections_run_end_end__) || ((__nrf_sections_run_end_end__ - __RAM_segment_start__) <= __RAM_segment_size__)), error: .nrf_sections_run_end is too large to fit in RAM memory segment)
                0x0000000000001ee0                __dtors_load_start__ = ALIGN ((__log_filter_data_load_start__ + SIZEOF (.log_filter_data)), 0x4)

.dtors          0x0000000000001ee0        0x0
                0x0000000000001ee0                __dtors_start__ = .
 *(SORT_BY_NAME(.dtors.*))
 *(.dtors)
 *(.fini_array)
 *(SORT_BY_NAME(.fini_array.*))
                0x0000000000001ee0                __dtors_end__ = (__dtors_start__ + SIZEOF (.dtors))
                0x0000000000000000                __dtors_size__ = SIZEOF (.dtors)
                0x0000000000001ee0                __dtors_load_end__ = __dtors_end__
                0x0000000000000001                . = ASSERT (((__dtors_start__ == __dtors_end__) || ((__dtors_end__ - __FLASH_segment_start__) <= __FLASH_segment_size__)), error: .dtors is too large to fit in FLASH memory segment)
                0x0000000000001ee0                __ctors_load_start__ = ALIGN (__dtors_end__, 0x4)

.ctors          0x0000000000001ee0        0x0
                0x0000000000001ee0                __ctors_start__ = .
 *(SORT_BY_NAME(.ctors.*))
 *(.ctors)
 *(.init_array)
 *(SORT_BY_NAME(.init_array.*))
                0x0000000000001ee0                __ctors_end__ = (__ctors_start__ + SIZEOF (.ctors))
                0x0000000000000000                __ctors_size__ = SIZEOF (.ctors)
                0x0000000000001ee0                __ctors_load_end__ = __ctors_end__
                0x0000000000000001                . = ASSERT (((__ctors_start__ == __ctors_end__) || ((__ctors_end__ - __FLASH_segment_start__) <= __FLASH_segment_size__)), error: .ctors is too large to fit in FLASH memory segment)
                0x0000000000001ee0                __rodata_load_start__ = ALIGN (__ctors_end__, 0x4)

.rodata         0x0000000000001ee0       0x20
                0x0000000000001ee0                __rodata_start__ = .
 *(.rodata .rodata.* .gnu.linkonce.r.*)
 .rodata.m_board_led_list
                0x0000000000001ee0        0x4 Output/blinky_FreeRTOS_pca10056 Release/Obj/boards.o
 .rodata.vTaskStartScheduler.str1.1
                0x0000000000001ee4        0x5 Output/blinky_FreeRTOS_pca10056 Release/Obj/tasks.o
 .rodata.prvCheckForValidListAndQueue.str1.1
                0x0000000000001ee9        0x5 Output/blinky_FreeRTOS_pca10056 Release/Obj/timers.o
 .rodata.xTimerCreateTimerTask.str1.1
                0x0000000000001eee        0x8 Output/blinky_FreeRTOS_pca10056 Release/Obj/timers.o
 .rodata.main.str1.1
                0x0000000000001ef6        0xa Output/blinky_FreeRTOS_pca10056 Release/Obj/main.o
                0x0000000000001f00                __rodata_end__ = (__rodata_start__ + SIZEOF (.rodata))
                0x0000000000000020                __rodata_size__ = SIZEOF (.rodata)
                0x0000000000001f00                __rodata_load_end__ = __rodata_end__

.rel.dyn        0x0000000000001f00        0x0
 .rel.iplt      0x0000000000001f00        0x0 Output/blinky_FreeRTOS_pca10056 Release/Obj/thumb_crt0.o
                0x0000000000000001                . = ASSERT (((__rodata_start__ == __rodata_end__) || ((__rodata_end__ - __FLASH_segment_start__) <= __FLASH_segment_size__)), error: .rodata is too large to fit in FLASH memory segment)
                0x0000000000001f00                __ARM.exidx_load_start__ = ALIGN (__rodata_end__, 0x4)

.ARM.exidx      0x0000000000001f00        0x0
                0x0000000000001f00                __ARM.exidx_start__ = .
                0x0000000000001f00                __exidx_start = __ARM.exidx_start__
 *(.ARM.exidx .ARM.exidx.*)
                0x0000000000001f00                __ARM.exidx_end__ = (__ARM.exidx_start__ + SIZEOF (.ARM.exidx))
                0x0000000000000000                __ARM.exidx_size__ = SIZEOF (.ARM.exidx)
                0x0000000000001f00                __exidx_end = __ARM.exidx_end__
                0x0000000000001f00                __ARM.exidx_load_end__ = __ARM.exidx_end__
                0x0000000000000001                . = ASSERT (((__ARM.exidx_start__ == __ARM.exidx_end__) || ((__ARM.exidx_end__ - __FLASH_segment_start__) <= __FLASH_segment_size__)), error: .ARM.exidx is too large to fit in FLASH memory segment)
                0x0000000000001f00                __fast_load_start__ = ALIGN (__ARM.exidx_end__, 0x4)

.fast           0x0000000020000000        0x0 load address 0x0000000000001f00
                0x0000000020000000                __fast_start__ = .
 *(.fast .fast.*)
                0x0000000020000000                __fast_end__ = (__fast_start__ + SIZEOF (.fast))
                0x0000000000000000                __fast_size__ = SIZEOF (.fast)
                0x0000000000001f00                __fast_load_end__ = (__fast_load_start__ + SIZEOF (.fast))
                0x0000000000000001                . = ASSERT (((__fast_load_start__ == __fast_load_end__) || ((__fast_load_end__ - __FLASH_segment_start__) <= __FLASH_segment_size__)), error: .fast is too large to fit in FLASH memory segment)

.fast_run       0x0000000020000000        0x0
                0x0000000020000000                __fast_run_start__ = .
                0x0000000020000000                . = MAX ((__fast_run_start__ + SIZEOF (.fast)), .)
                0x0000000020000000                __fast_run_end__ = (__fast_run_start__ + SIZEOF (.fast_run))
                0x0000000000000000                __fast_run_size__ = SIZEOF (.fast_run)
                0x0000000020000000                __fast_run_load_end__ = __fast_run_end__
                0x0000000000000001                . = ASSERT (((__fast_run_start__ == __fast_run_end__) || ((__fast_run_end__ - __RAM_segment_start__) <= __RAM_segment_size__)), error: .fast_run is too large to fit in RAM memory segment)
                0x0000000000001f00                __data_load_start__ = ALIGN ((__fast_load_start__ + SIZEOF (.fast)), 0x4)

.data           0x0000000020000000        0x4 load address 0x0000000000001f00
                0x0000000020000000                __data_start__ = .
 *(.data .data.* .gnu.linkonce.d.*)
 .data.SystemCoreClock
                0x0000000020000000        0x4 Output/blinky_FreeRTOS_pca10056 Release/Obj/system_nrf52840.o
                0x0000000020000000                SystemCoreClock
                0x0000000020000004                __data_end__ = (__data_start__ + SIZEOF (.data))
                0x0000000000000004                __data_size__ = SIZEOF (.data)
                0x0000000000001f04                __data_load_end__ = (__data_load_start__ + SIZEOF (.data))

.igot.plt       0x0000000100000000        0x0
 .igot.plt      0x0000000100000000        0x0 Output/blinky_FreeRTOS_pca10056 Release/Obj/thumb_crt0.o
                0x0000000000000001                . = ASSERT (((__data_load_start__ == __data_load_end__) || ((__data_load_end__ - __FLASH_segment_start__) <= __FLASH_segment_size__)), error: .data is too large to fit in FLASH memory segment)

.data_run       0x0000000020000000        0x4 load address 0x0000000000001f00
                0x0000000020000000                __data_run_start__ = .
                0x0000000020000004                . = MAX ((__data_run_start__ + SIZEOF (.data)), .)
 *fill*         0x0000000020000000        0x4 
                0x0000000020000004                __data_run_end__ = (__data_run_start__ + SIZEOF (.data_run))
                0x0000000000000004                __data_run_size__ = SIZEOF (.data_run)
                0x0000000020000004                __data_run_load_end__ = __data_run_end__
                0x0000000000000001                . = ASSERT (((__data_run_start__ == __data_run_end__) || ((__data_run_end__ - __RAM_segment_start__) <= __RAM_segment_size__)), error: .data_run is too large to fit in RAM memory segment)
                0x0000000000001f04                __tdata_load_start__ = ALIGN ((__data_load_start__ + SIZEOF (.data)), 0x4)

.tdata          0x0000000020000004        0x0 load address 0x0000000000001f04
                0x0000000020000004                __tdata_start__ = .
 *(.tdata .tdata.*)
                0x0000000020000004                __tdata_end__ = (__tdata_start__ + SIZEOF (.tdata))
                0x0000000000000000                __tdata_size__ = SIZEOF (.tdata)
                0x0000000000001f04                __tdata_load_end__ = (__tdata_load_start__ + SIZEOF (.tdata))
                0x0000000000001f04                __FLASH_segment_used_end__ = (ALIGN ((__data_load_start__ + SIZEOF (.data)), 0x4) + SIZEOF (.tdata))
                0x0000000000001f04                __FLASH_segment_used_size__ = (__FLASH_segment_used_end__ - __FLASH_segment_start__)
                0x0000000000000001                . = ASSERT (((__tdata_load_start__ == __tdata_load_end__) || ((__tdata_load_end__ - __FLASH_segment_start__) <= __FLASH_segment_size__)), error: .tdata is too large to fit in FLASH memory segment)

.tdata_run      0x0000000020000004        0x0
                0x0000000020000004                __tdata_run_start__ = .
                0x0000000020000004                . = MAX ((__tdata_run_start__ + SIZEOF (.tdata)), .)
                0x0000000020000004                __tdata_run_end__ = (__tdata_run_start__ + SIZEOF (.tdata_run))
                0x0000000000000000                __tdata_run_size__ = SIZEOF (.tdata_run)
                0x0000000020000004                __tdata_run_load_end__ = __tdata_run_end__
                0x0000000000000001                . = ASSERT (((__tdata_run_start__ == __tdata_run_end__) || ((__tdata_run_end__ - __RAM_segment_start__) <= __RAM_segment_size__)), error: .tdata_run is too large to fit in RAM memory segment)
                0x0000000020000004                __bss_load_start__ = ALIGN (__tdata_run_end__, 0x4)

.bss            0x0000000020000004     0x11c8
                0x0000000020000004                __bss_start__ = .
 *(.bss .bss.* .gnu.linkonce.b.*)
 .bss.pucAlignedHeap.8252
                0x0000000020000004        0x4 Output/blinky_FreeRTOS_pca10056 Release/Obj/heap_1.o
 .bss.ucHeap    0x0000000020000008     0x1000 Output/blinky_FreeRTOS_pca10056 Release/Obj/heap_1.o
 .bss.xNextFreeByte
                0x0000000020001008        0x4 Output/blinky_FreeRTOS_pca10056 Release/Obj/heap_1.o
 .bss.uxCriticalNesting
                0x000000002000100c        0x4 Output/blinky_FreeRTOS_pca10056 Release/Obj/port_cmsis.o
 .bss.xQueueRegistry
                0x0000000020001010       0x10 Output/blinky_FreeRTOS_pca10056 Release/Obj/queue.o
                0x0000000020001010                xQueueRegistry
 .bss.pxCurrentTCB
                0x0000000020001020        0x4 Output/blinky_FreeRTOS_pca10056 Release/Obj/tasks.o
                0x0000000020001020                pxCurrentTCB
 .bss.pxDelayedTaskList
                0x0000000020001024        0x4 Output/blinky_FreeRTOS_pca10056 Release/Obj/tasks.o
 .bss.pxOverflowDelayedTaskList
                0x0000000020001028        0x4 Output/blinky_FreeRTOS_pca10056 Release/Obj/tasks.o
 .bss.pxReadyTasksLists
                0x000000002000102c       0x3c Output/blinky_FreeRTOS_pca10056 Release/Obj/tasks.o
 .bss.uxCurrentNumberOfTasks
                0x0000000020001068        0x4 Output/blinky_FreeRTOS_pca10056 Release/Obj/tasks.o
 .bss.uxDeletedTasksWaitingCleanUp
                0x000000002000106c        0x4 Output/blinky_FreeRTOS_pca10056 Release/Obj/tasks.o
 .bss.uxPendedTicks
                0x0000000020001070        0x4 Output/blinky_FreeRTOS_pca10056 Release/Obj/tasks.o
 .bss.uxSchedulerSuspended
                0x0000000020001074        0x4 Output/blinky_FreeRTOS_pca10056 Release/Obj/tasks.o
 .bss.uxTaskNumber
                0x0000000020001078        0x4 Output/blinky_FreeRTOS_pca10056 Release/Obj/tasks.o
 .bss.uxTopReadyPriority
                0x000000002000107c        0x4 Output/blinky_FreeRTOS_pca10056 Release/Obj/tasks.o
 .bss.xDelayedTaskList1
                0x0000000020001080       0x14 Output/blinky_FreeRTOS_pca10056 Release/Obj/tasks.o
 .bss.xDelayedTaskList2
                0x0000000020001094       0x14 Output/blinky_FreeRTOS_pca10056 Release/Obj/tasks.o
 .bss.xIdleTaskHandle
                0x00000000200010a8        0x4 Output/blinky_FreeRTOS_pca10056 Release/Obj/tasks.o
 .bss.xNextTaskUnblockTime
                0x00000000200010ac        0x4 Output/blinky_FreeRTOS_pca10056 Release/Obj/tasks.o
 .bss.xNumOfOverflows
                0x00000000200010b0        0x4 Output/blinky_FreeRTOS_pca10056 Release/Obj/tasks.o
 .bss.xPendingReadyList
                0x00000000200010b4       0x14 Output/blinky_FreeRTOS_pca10056 Release/Obj/tasks.o
 .bss.xSchedulerRunning
                0x00000000200010c8        0x4 Output/blinky_FreeRTOS_pca10056 Release/Obj/tasks.o
 .bss.xSuspendedTaskList
                0x00000000200010cc       0x14 Output/blinky_FreeRTOS_pca10056 Release/Obj/tasks.o
 .bss.xTasksWaitingTermination
                0x00000000200010e0       0x14 Output/blinky_FreeRTOS_pca10056 Release/Obj/tasks.o
 .bss.xTickCount
                0x00000000200010f4        0x4 Output/blinky_FreeRTOS_pca10056 Release/Obj/tasks.o
 .bss.xYieldPending
                0x00000000200010f8        0x4 Output/blinky_FreeRTOS_pca10056 Release/Obj/tasks.o
 .bss.pxCurrentTimerList
                0x00000000200010fc        0x4 Output/blinky_FreeRTOS_pca10056 Release/Obj/timers.o
 .bss.pxOverflowTimerList
                0x0000000020001100        0x4 Output/blinky_FreeRTOS_pca10056 Release/Obj/timers.o
 .bss.xActiveTimerList1
                0x0000000020001104       0x14 Output/blinky_FreeRTOS_pca10056 Release/Obj/timers.o
 .bss.xActiveTimerList2
                0x0000000020001118       0x14 Output/blinky_FreeRTOS_pca10056 Release/Obj/timers.o
 .bss.xLastTime.8544
                0x000000002000112c        0x4 Output/blinky_FreeRTOS_pca10056 Release/Obj/timers.o
 .bss.xTimerQueue
                0x0000000020001130        0x4 Output/blinky_FreeRTOS_pca10056 Release/Obj/timers.o
 .bss.xTimerTaskHandle
                0x0000000020001134        0x4 Output/blinky_FreeRTOS_pca10056 Release/Obj/timers.o
 .bss.m_in_critical_region
                0x0000000020001138        0x4 Output/blinky_FreeRTOS_pca10056 Release/Obj/app_util_platform.o
 .bss.m_clock_cb
                0x000000002000113c       0x14 Output/blinky_FreeRTOS_pca10056 Release/Obj/nrf_drv_clock.o
 .bss.m_clock_cb
                0x0000000020001150        0x8 Output/blinky_FreeRTOS_pca10056 Release/Obj/nrfx_clock.o
 .bss.m_cb      0x0000000020001158       0x6c Output/blinky_FreeRTOS_pca10056 Release/Obj/nrfx_gpiote.o
 .bss.led_toggle_task_handle
                0x00000000200011c4        0x4 Output/blinky_FreeRTOS_pca10056 Release/Obj/main.o
                0x00000000200011c4                led_toggle_task_handle
 .bss.led_toggle_timer_handle
                0x00000000200011c8        0x4 Output/blinky_FreeRTOS_pca10056 Release/Obj/main.o
                0x00000000200011c8                led_toggle_timer_handle
 *(COMMON)
                0x00000000200011cc                __bss_end__ = (__bss_start__ + SIZEOF (.bss))
                0x00000000000011c8                __bss_size__ = SIZEOF (.bss)
                0x00000000200011cc                __bss_load_end__ = __bss_end__
                0x0000000000000001                . = ASSERT (((__bss_start__ == __bss_end__) || ((__bss_end__ - __RAM_segment_start__) <= __RAM_segment_size__)), error: .bss is too large to fit in RAM memory segment)
                0x00000000200011cc                __tbss_load_start__ = ALIGN (__bss_end__, 0x4)

.tbss           0x00000000200011cc        0x0
                0x00000000200011cc                __tbss_start__ = .
 *(.tbss .tbss.*)
                0x00000000200011cc                __tbss_end__ = (__tbss_start__ + SIZEOF (.tbss))
                0x0000000000000000                __tbss_size__ = SIZEOF (.tbss)
                0x00000000200011cc                __tbss_load_end__ = __tbss_end__
                0x0000000000000001                . = ASSERT (((__tbss_start__ == __tbss_end__) || ((__tbss_end__ - __RAM_segment_start__) <= __RAM_segment_size__)), error: .tbss is too large to fit in RAM memory segment)
                0x00000000200011cc                __non_init_load_start__ = ALIGN (__tbss_end__, 0x4)

.non_init       0x00000000200011cc        0x0
                0x00000000200011cc                __non_init_start__ = .
 *(.non_init .non_init.*)
                0x00000000200011cc                __non_init_end__ = (__non_init_start__ + SIZEOF (.non_init))
                0x0000000000000000                __non_init_size__ = SIZEOF (.non_init)
                0x00000000200011cc                __non_init_load_end__ = __non_init_end__
                0x0000000000000001                . = ASSERT (((__non_init_start__ == __non_init_end__) || ((__non_init_end__ - __RAM_segment_start__) <= __RAM_segment_size__)), error: .non_init is too large to fit in RAM memory segment)
                0x00000000200011cc                __heap_load_start__ = ALIGN (__non_init_end__, 0x4)

.heap           0x00000000200011cc     0x2000
                0x00000000200011cc                __heap_start__ = .
 *(.heap .heap.*)
                0x00000000200031cc                . = ALIGN (MAX ((__heap_start__ + __HEAPSIZE__), .), 0x4)
 *fill*         0x00000000200011cc     0x2000 
                0x00000000200031cc                __heap_end__ = (__heap_start__ + SIZEOF (.heap))
                0x0000000000002000                __heap_size__ = SIZEOF (.heap)
                0x00000000200031cc                __heap_load_end__ = __heap_end__
                0x0000000000000001                . = ASSERT (((__heap_start__ == __heap_end__) || ((__heap_end__ - __RAM_segment_start__) <= __RAM_segment_size__)), error: .heap is too large to fit in RAM memory segment)
                0x000000002003e000                __stack_load_start__ = (__RAM_segment_start__ + (__RAM_segment_size__ - 0x2000))

.stack          0x000000002003e000     0x2000
                0x000000002003e000                __stack_start__ = .
                0x000000002003e000                __StackLimit = __stack_start__
 *(.stack .stack.*)
                0x0000000020040000                . = ALIGN (MAX ((__stack_start__ + __STACKSIZE__), .), 0x8)
 *fill*         0x000000002003e000     0x2000 
                0x0000000020040000                __stack_end__ = (__stack_start__ + SIZEOF (.stack))
                0x0000000000002000                __stack_size__ = SIZEOF (.stack)
                0x0000000020040000                __StackTop = __stack_end__
                0x0000000020040000                __stack_load_end__ = __stack_end__
                0x0000000000000001                . = ASSERT (((__stack_start__ == __stack_end__) || ((__stack_end__ - __RAM_segment_start__) <= __RAM_segment_size__)), error: .stack is too large to fit in RAM memory segment)
                0x0000000000000001                . = ASSERT ((__heap_end__ <= __stack_start__), error: section .heap overlaps absolute placed section .stack)
                0x0000000020040000                __stack_process_load_start__ = ALIGN (__stack_end__, 0x8)

.stack_process  0x0000000020040000        0x0
                0x0000000020040000                __stack_process_start__ = .
 *(.stack_process .stack_process.*)
                0x0000000020040000                . = ALIGN (MAX ((__stack_process_start__ + __STACKSIZE_PROCESS__), .), 0x8)
                0x0000000020040000                __stack_process_end__ = (__stack_process_start__ + SIZEOF (.stack_process))
                0x0000000000000000                __stack_process_size__ = SIZEOF (.stack_process)
                0x0000000020040000                __stack_process_load_end__ = __stack_process_end__
                0x0000000020040000                __RAM_segment_used_end__ = (ALIGN (__stack_end__, 0x8) + SIZEOF (.stack_process))
                0x0000000000040000                __RAM_segment_used_size__ = (__RAM_segment_used_end__ - __RAM_segment_start__)
                0x0000000000000001                . = ASSERT (((__stack_process_start__ == __stack_process_end__) || ((__stack_process_end__ - __RAM_segment_start__) <= __RAM_segment_size__)), error: .stack_process is too large to fit in RAM memory segment)
START GROUP
LOAD Output/blinky_FreeRTOS_pca10056 Release/Obj/thumb_crt0.o
LOAD Output/blinky_FreeRTOS_pca10056 Release/Obj/nrf_log_frontend.o
LOAD Output/blinky_FreeRTOS_pca10056 Release/Obj/nrf_log_str_formatter.o
LOAD Output/blinky_FreeRTOS_pca10056 Release/Obj/boards.o
LOAD Output/blinky_FreeRTOS_pca10056 Release/Obj/croutine.o
LOAD Output/blinky_FreeRTOS_pca10056 Release/Obj/event_groups.o
LOAD Output/blinky_FreeRTOS_pca10056 Release/Obj/heap_1.o
LOAD Output/blinky_FreeRTOS_pca10056 Release/Obj/list.o
LOAD Output/blinky_FreeRTOS_pca10056 Release/Obj/port.o
LOAD Output/blinky_FreeRTOS_pca10056 Release/Obj/port_cmsis.o
LOAD Output/blinky_FreeRTOS_pca10056 Release/Obj/port_cmsis_systick.o
LOAD Output/blinky_FreeRTOS_pca10056 Release/Obj/queue.o
LOAD Output/blinky_FreeRTOS_pca10056 Release/Obj/stream_buffer.o
LOAD Output/blinky_FreeRTOS_pca10056 Release/Obj/tasks.o
LOAD Output/blinky_FreeRTOS_pca10056 Release/Obj/timers.o
LOAD Output/blinky_FreeRTOS_pca10056 Release/Obj/app_button.o
LOAD Output/blinky_FreeRTOS_pca10056 Release/Obj/app_error.o
LOAD Output/blinky_FreeRTOS_pca10056 Release/Obj/app_error_handler_gcc.o
LOAD Output/blinky_FreeRTOS_pca10056 Release/Obj/app_error_weak.o
LOAD Output/blinky_FreeRTOS_pca10056 Release/Obj/app_timer_freertos.o
LOAD Output/blinky_FreeRTOS_pca10056 Release/Obj/app_util_platform.o
LOAD Output/blinky_FreeRTOS_pca10056 Release/Obj/nrf_assert.o
LOAD Output/blinky_FreeRTOS_pca10056 Release/Obj/nrf_atomic.o
LOAD Output/blinky_FreeRTOS_pca10056 Release/Obj/nrf_balloc.o
LOAD Output/blinky_FreeRTOS_pca10056 Release/Obj/nrf_fprintf.o
LOAD Output/blinky_FreeRTOS_pca10056 Release/Obj/nrf_fprintf_format.o
LOAD Output/blinky_FreeRTOS_pca10056 Release/Obj/nrf_memobj.o
LOAD Output/blinky_FreeRTOS_pca10056 Release/Obj/nrf_ringbuf.o
LOAD Output/blinky_FreeRTOS_pca10056 Release/Obj/nrf_strerror.o
LOAD Output/blinky_FreeRTOS_pca10056 Release/Obj/nrf_drv_clock.o
LOAD Output/blinky_FreeRTOS_pca10056 Release/Obj/nrf_nvic.o
LOAD Output/blinky_FreeRTOS_pca10056 Release/Obj/nrf_soc.o
LOAD Output/blinky_FreeRTOS_pca10056 Release/Obj/nrfx_atomic.o
LOAD Output/blinky_FreeRTOS_pca10056 Release/Obj/nrfx_clock.o
LOAD Output/blinky_FreeRTOS_pca10056 Release/Obj/nrfx_gpiote.o
LOAD Output/blinky_FreeRTOS_pca10056 Release/Obj/bsp.o
LOAD Output/blinky_FreeRTOS_pca10056 Release/Obj/main.o
LOAD Output/blinky_FreeRTOS_pca10056 Release/Obj/ses_startup_nrf52840.o
LOAD Output/blinky_FreeRTOS_pca10056 Release/Obj/ses_startup_nrf_common.o
LOAD Output/blinky_FreeRTOS_pca10056 Release/Obj/system_nrf52840.o
LOAD C:/Program Files/SEGGER/SEGGER Embedded Studio for ARM 4.16/lib/libdebugio_mempoll_v7em_fpv4_sp_d16_hard_t_le_eabi.a
LOAD C:/Program Files/SEGGER/SEGGER Embedded Studio for ARM 4.16/lib/libm_v7em_fpv4_sp_d16_hard_t_le_eabi.a
LOAD C:/Program Files/SEGGER/SEGGER Embedded Studio for ARM 4.16/lib/libc_v7em_fpv4_sp_d16_hard_t_le_eabi.a
LOAD C:/Program Files/SEGGER/SEGGER Embedded Studio for ARM 4.16/lib/libcpp_v7em_fpv4_sp_d16_hard_t_le_eabi.a
LOAD C:/Program Files/SEGGER/SEGGER Embedded Studio for ARM 4.16/lib/libdebugio_v7em_fpv4_sp_d16_hard_t_le_eabi.a
LOAD C:/Program Files/SEGGER/SEGGER Embedded Studio for ARM 4.16/lib/libvfprintf_v7em_fpv4_sp_d16_hard_t_le_eabi.o
LOAD C:/Program Files/SEGGER/SEGGER Embedded Studio for ARM 4.16/lib/libvfscanf_v7em_fpv4_sp_d16_hard_t_le_eabi.o
END GROUP
OUTPUT(Output/Release/Exe/blinky_FreeRTOS_pca10056.elf elf32-littlearm)

.ARM.attributes
                0x0000000000000000       0x35
 .ARM.attributes
                0x0000000000000000       0x25 Output/blinky_FreeRTOS_pca10056 Release/Obj/thumb_crt0.o
 .ARM.attributes
                0x0000000000000025       0x39 Output/blinky_FreeRTOS_pca10056 Release/Obj/boards.o
 .ARM.attributes
                0x000000000000005e       0x39 Output/blinky_FreeRTOS_pca10056 Release/Obj/heap_1.o
 .ARM.attributes
                0x0000000000000097       0x39 Output/blinky_FreeRTOS_pca10056 Release/Obj/list.o
 .ARM.attributes
                0x00000000000000d0       0x39 Output/blinky_FreeRTOS_pca10056 Release/Obj/port.o
 .ARM.attributes
                0x0000000000000109       0x39 Output/blinky_FreeRTOS_pca10056 Release/Obj/port_cmsis.o
 .ARM.attributes
                0x0000000000000142       0x39 Output/blinky_FreeRTOS_pca10056 Release/Obj/port_cmsis_systick.o
 .ARM.attributes
                0x000000000000017b       0x39 Output/blinky_FreeRTOS_pca10056 Release/Obj/queue.o
 .ARM.attributes
                0x00000000000001b4       0x39 Output/blinky_FreeRTOS_pca10056 Release/Obj/tasks.o
 .ARM.attributes
                0x00000000000001ed       0x39 Output/blinky_FreeRTOS_pca10056 Release/Obj/timers.o
 .ARM.attributes
                0x0000000000000226       0x39 Output/blinky_FreeRTOS_pca10056 Release/Obj/app_error.o
 .ARM.attributes
                0x000000000000025f       0x39 Output/blinky_FreeRTOS_pca10056 Release/Obj/app_error_weak.o
 .ARM.attributes
                0x0000000000000298       0x39 Output/blinky_FreeRTOS_pca10056 Release/Obj/app_util_platform.o
 .ARM.attributes
                0x00000000000002d1       0x39 Output/blinky_FreeRTOS_pca10056 Release/Obj/nrf_drv_clock.o
 .ARM.attributes
                0x000000000000030a       0x39 Output/blinky_FreeRTOS_pca10056 Release/Obj/nrfx_clock.o
 .ARM.attributes
                0x0000000000000343       0x39 Output/blinky_FreeRTOS_pca10056 Release/Obj/nrfx_gpiote.o
 .ARM.attributes
                0x000000000000037c       0x39 Output/blinky_FreeRTOS_pca10056 Release/Obj/main.o
 .ARM.attributes
                0x00000000000003b5       0x25 Output/blinky_FreeRTOS_pca10056 Release/Obj/ses_startup_nrf52840.o
 .ARM.attributes
                0x00000000000003da       0x25 Output/blinky_FreeRTOS_pca10056 Release/Obj/ses_startup_nrf_common.o
 .ARM.attributes
                0x00000000000003ff       0x39 Output/blinky_FreeRTOS_pca10056 Release/Obj/system_nrf52840.o
 .ARM.attributes
                0x0000000000000438       0x20 C:/Program Files/SEGGER/SEGGER Embedded Studio for ARM 4.16/lib/libc_v7em_fpv4_sp_d16_hard_t_le_eabi.a(libc2_asm.o)

.comment        0x0000000000000000       0x43
 .comment       0x0000000000000000       0x43 Output/blinky_FreeRTOS_pca10056 Release/Obj/boards.o
                                         0x44 (size before relaxing)
 .comment       0x0000000000000043       0x44 Output/blinky_FreeRTOS_pca10056 Release/Obj/heap_1.o
 .comment       0x0000000000000043       0x44 Output/blinky_FreeRTOS_pca10056 Release/Obj/list.o
 .comment       0x0000000000000043       0x44 Output/blinky_FreeRTOS_pca10056 Release/Obj/port.o
 .comment       0x0000000000000043       0x44 Output/blinky_FreeRTOS_pca10056 Release/Obj/port_cmsis.o
 .comment       0x0000000000000043       0x44 Output/blinky_FreeRTOS_pca10056 Release/Obj/port_cmsis_systick.o
 .comment       0x0000000000000043       0x44 Output/blinky_FreeRTOS_pca10056 Release/Obj/queue.o
 .comment       0x0000000000000043       0x44 Output/blinky_FreeRTOS_pca10056 Release/Obj/tasks.o
 .comment       0x0000000000000043       0x44 Output/blinky_FreeRTOS_pca10056 Release/Obj/timers.o
 .comment       0x0000000000000043       0x44 Output/blinky_FreeRTOS_pca10056 Release/Obj/app_error.o
 .comment       0x0000000000000043       0x44 Output/blinky_FreeRTOS_pca10056 Release/Obj/app_error_weak.o
 .comment       0x0000000000000043       0x44 Output/blinky_FreeRTOS_pca10056 Release/Obj/app_util_platform.o
 .comment       0x0000000000000043       0x44 Output/blinky_FreeRTOS_pca10056 Release/Obj/nrf_drv_clock.o
 .comment       0x0000000000000043       0x44 Output/blinky_FreeRTOS_pca10056 Release/Obj/nrfx_clock.o
 .comment       0x0000000000000043       0x44 Output/blinky_FreeRTOS_pca10056 Release/Obj/nrfx_gpiote.o
 .comment       0x0000000000000043       0x44 Output/blinky_FreeRTOS_pca10056 Release/Obj/main.o
 .comment       0x0000000000000043       0x44 Output/blinky_FreeRTOS_pca10056 Release/Obj/system_nrf52840.o

.debug_line     0x0000000000000000     0xc0b5
 .debug_line    0x0000000000000000      0x1ed Output/blinky_FreeRTOS_pca10056 Release/Obj/thumb_crt0.o
 .debug_line    0x00000000000001ed      0xa81 Output/blinky_FreeRTOS_pca10056 Release/Obj/boards.o
 .debug_line    0x0000000000000c6e      0x56b Output/blinky_FreeRTOS_pca10056 Release/Obj/heap_1.o
 .debug_line    0x00000000000011d9      0x621 Output/blinky_FreeRTOS_pca10056 Release/Obj/list.o
 .debug_line    0x00000000000017fa      0x4cb Output/blinky_FreeRTOS_pca10056 Release/Obj/port.o
 .debug_line    0x0000000000001cc5      0x61f Output/blinky_FreeRTOS_pca10056 Release/Obj/port_cmsis.o
 .debug_line    0x00000000000022e4      0xb34 Output/blinky_FreeRTOS_pca10056 Release/Obj/port_cmsis_systick.o
 .debug_line    0x0000000000002e18     0x167f Output/blinky_FreeRTOS_pca10056 Release/Obj/queue.o
 .debug_line    0x0000000000004497     0x222d Output/blinky_FreeRTOS_pca10056 Release/Obj/tasks.o
 .debug_line    0x00000000000066c4      0xb69 Output/blinky_FreeRTOS_pca10056 Release/Obj/timers.o
 .debug_line    0x000000000000722d      0x3b5 Output/blinky_FreeRTOS_pca10056 Release/Obj/app_error.o
 .debug_line    0x00000000000075e2      0x610 Output/blinky_FreeRTOS_pca10056 Release/Obj/app_error_weak.o
 .debug_line    0x0000000000007bf2      0x43a Output/blinky_FreeRTOS_pca10056 Release/Obj/app_util_platform.o
 .debug_line    0x000000000000802c      0xb0b Output/blinky_FreeRTOS_pca10056 Release/Obj/nrf_drv_clock.o
 .debug_line    0x0000000000008b37      0xbae Output/blinky_FreeRTOS_pca10056 Release/Obj/nrfx_clock.o
 .debug_line    0x00000000000096e5     0x1b5c Output/blinky_FreeRTOS_pca10056 Release/Obj/nrfx_gpiote.o
 .debug_line    0x000000000000b241      0x83a Output/blinky_FreeRTOS_pca10056 Release/Obj/main.o
 .debug_line    0x000000000000ba7b       0x94 Output/blinky_FreeRTOS_pca10056 Release/Obj/ses_startup_nrf52840.o
 .debug_line    0x000000000000bb0f       0xb5 Output/blinky_FreeRTOS_pca10056 Release/Obj/ses_startup_nrf_common.o
 .debug_line    0x000000000000bbc4      0x4f1 Output/blinky_FreeRTOS_pca10056 Release/Obj/system_nrf52840.o

.debug_info     0x0000000000000000    0x16f39
 .debug_info    0x0000000000000000       0x22 Output/blinky_FreeRTOS_pca10056 Release/Obj/thumb_crt0.o
 .debug_info    0x0000000000000022     0x1305 Output/blinky_FreeRTOS_pca10056 Release/Obj/boards.o
 .debug_info    0x0000000000001327      0x7a1 Output/blinky_FreeRTOS_pca10056 Release/Obj/heap_1.o
 .debug_info    0x0000000000001ac8      0x8c7 Output/blinky_FreeRTOS_pca10056 Release/Obj/list.o
 .debug_info    0x000000000000238f      0x6b5 Output/blinky_FreeRTOS_pca10056 Release/Obj/port.o
 .debug_info    0x0000000000002a44      0xea8 Output/blinky_FreeRTOS_pca10056 Release/Obj/port_cmsis.o
 .debug_info    0x00000000000038ec     0x172f Output/blinky_FreeRTOS_pca10056 Release/Obj/port_cmsis_systick.o
 .debug_info    0x000000000000501b     0x27f5 Output/blinky_FreeRTOS_pca10056 Release/Obj/queue.o
 .debug_info    0x0000000000007810     0x32f3 Output/blinky_FreeRTOS_pca10056 Release/Obj/tasks.o
 .debug_info    0x000000000000ab03     0x1aaf Output/blinky_FreeRTOS_pca10056 Release/Obj/timers.o
 .debug_info    0x000000000000c5b2      0x876 Output/blinky_FreeRTOS_pca10056 Release/Obj/app_error.o
 .debug_info    0x000000000000ce28      0xc20 Output/blinky_FreeRTOS_pca10056 Release/Obj/app_error_weak.o
 .debug_info    0x000000000000da48      0xd79 Output/blinky_FreeRTOS_pca10056 Release/Obj/app_util_platform.o
 .debug_info    0x000000000000e7c1     0x1376 Output/blinky_FreeRTOS_pca10056 Release/Obj/nrf_drv_clock.o
 .debug_info    0x000000000000fb37     0x18a9 Output/blinky_FreeRTOS_pca10056 Release/Obj/nrfx_clock.o
 .debug_info    0x00000000000113e0     0x3bae Output/blinky_FreeRTOS_pca10056 Release/Obj/nrfx_gpiote.o
 .debug_info    0x0000000000014f8e      0xac5 Output/blinky_FreeRTOS_pca10056 Release/Obj/main.o
 .debug_info    0x0000000000015a53       0x26 Output/blinky_FreeRTOS_pca10056 Release/Obj/ses_startup_nrf52840.o
 .debug_info    0x0000000000015a79       0x26 Output/blinky_FreeRTOS_pca10056 Release/Obj/ses_startup_nrf_common.o
 .debug_info    0x0000000000015a9f     0x149a Output/blinky_FreeRTOS_pca10056 Release/Obj/system_nrf52840.o

.debug_abbrev   0x0000000000000000     0x3731
 .debug_abbrev  0x0000000000000000       0x12 Output/blinky_FreeRTOS_pca10056 Release/Obj/thumb_crt0.o
 .debug_abbrev  0x0000000000000012      0x3a4 Output/blinky_FreeRTOS_pca10056 Release/Obj/boards.o
 .debug_abbrev  0x00000000000003b6      0x1f8 Output/blinky_FreeRTOS_pca10056 Release/Obj/heap_1.o
 .debug_abbrev  0x00000000000005ae      0x1a4 Output/blinky_FreeRTOS_pca10056 Release/Obj/list.o
 .debug_abbrev  0x0000000000000752      0x12a Output/blinky_FreeRTOS_pca10056 Release/Obj/port.o
 .debug_abbrev  0x000000000000087c      0x354 Output/blinky_FreeRTOS_pca10056 Release/Obj/port_cmsis.o
 .debug_abbrev  0x0000000000000bd0      0x3bf Output/blinky_FreeRTOS_pca10056 Release/Obj/port_cmsis_systick.o
 .debug_abbrev  0x0000000000000f8f      0x499 Output/blinky_FreeRTOS_pca10056 Release/Obj/queue.o
 .debug_abbrev  0x0000000000001428      0x4da Output/blinky_FreeRTOS_pca10056 Release/Obj/tasks.o
 .debug_abbrev  0x0000000000001902      0x403 Output/blinky_FreeRTOS_pca10056 Release/Obj/timers.o
 .debug_abbrev  0x0000000000001d05      0x1d8 Output/blinky_FreeRTOS_pca10056 Release/Obj/app_error.o
 .debug_abbrev  0x0000000000001edd      0x233 Output/blinky_FreeRTOS_pca10056 Release/Obj/app_error_weak.o
 .debug_abbrev  0x0000000000002110      0x2be Output/blinky_FreeRTOS_pca10056 Release/Obj/app_util_platform.o
 .debug_abbrev  0x00000000000023ce      0x47b Output/blinky_FreeRTOS_pca10056 Release/Obj/nrf_drv_clock.o
 .debug_abbrev  0x0000000000002849      0x478 Output/blinky_FreeRTOS_pca10056 Release/Obj/nrfx_clock.o
 .debug_abbrev  0x0000000000002cc1      0x5c9 Output/blinky_FreeRTOS_pca10056 Release/Obj/nrfx_gpiote.o
 .debug_abbrev  0x000000000000328a      0x218 Output/blinky_FreeRTOS_pca10056 Release/Obj/main.o
 .debug_abbrev  0x00000000000034a2       0x14 Output/blinky_FreeRTOS_pca10056 Release/Obj/ses_startup_nrf52840.o
 .debug_abbrev  0x00000000000034b6       0x14 Output/blinky_FreeRTOS_pca10056 Release/Obj/ses_startup_nrf_common.o
 .debug_abbrev  0x00000000000034ca      0x267 Output/blinky_FreeRTOS_pca10056 Release/Obj/system_nrf52840.o

.debug_aranges  0x0000000000000000      0x880
 .debug_aranges
                0x0000000000000000       0x80 Output/blinky_FreeRTOS_pca10056 Release/Obj/thumb_crt0.o
 .debug_aranges
                0x0000000000000080       0x78 Output/blinky_FreeRTOS_pca10056 Release/Obj/boards.o
 .debug_aranges
                0x00000000000000f8       0x38 Output/blinky_FreeRTOS_pca10056 Release/Obj/heap_1.o
 .debug_aranges
                0x0000000000000130       0x40 Output/blinky_FreeRTOS_pca10056 Release/Obj/list.o
 .debug_aranges
                0x0000000000000170       0x30 Output/blinky_FreeRTOS_pca10056 Release/Obj/port.o
 .debug_aranges
                0x00000000000001a0       0x48 Output/blinky_FreeRTOS_pca10056 Release/Obj/port_cmsis.o
 .debug_aranges
                0x00000000000001e8       0x30 Output/blinky_FreeRTOS_pca10056 Release/Obj/port_cmsis_systick.o
 .debug_aranges
                0x0000000000000218      0x100 Output/blinky_FreeRTOS_pca10056 Release/Obj/queue.o
 .debug_aranges
                0x0000000000000318      0x1a8 Output/blinky_FreeRTOS_pca10056 Release/Obj/tasks.o
 .debug_aranges
                0x00000000000004c0       0x98 Output/blinky_FreeRTOS_pca10056 Release/Obj/timers.o
 .debug_aranges
                0x0000000000000558       0x28 Output/blinky_FreeRTOS_pca10056 Release/Obj/app_error.o
 .debug_aranges
                0x0000000000000580       0x20 Output/blinky_FreeRTOS_pca10056 Release/Obj/app_error_weak.o
 .debug_aranges
                0x00000000000005a0       0x48 Output/blinky_FreeRTOS_pca10056 Release/Obj/app_util_platform.o
 .debug_aranges
                0x00000000000005e8       0x88 Output/blinky_FreeRTOS_pca10056 Release/Obj/nrf_drv_clock.o
 .debug_aranges
                0x0000000000000670       0x78 Output/blinky_FreeRTOS_pca10056 Release/Obj/nrfx_clock.o
 .debug_aranges
                0x00000000000006e8       0xf8 Output/blinky_FreeRTOS_pca10056 Release/Obj/nrfx_gpiote.o
 .debug_aranges
                0x00000000000007e0       0x30 Output/blinky_FreeRTOS_pca10056 Release/Obj/main.o
 .debug_aranges
                0x0000000000000810       0x20 Output/blinky_FreeRTOS_pca10056 Release/Obj/ses_startup_nrf52840.o
 .debug_aranges
                0x0000000000000830       0x20 Output/blinky_FreeRTOS_pca10056 Release/Obj/ses_startup_nrf_common.o
 .debug_aranges
                0x0000000000000850       0x30 Output/blinky_FreeRTOS_pca10056 Release/Obj/system_nrf52840.o

.debug_str      0x0000000000000000    0x8f6a7
 .debug_str     0x0000000000000000       0xc5 Output/blinky_FreeRTOS_pca10056 Release/Obj/thumb_crt0.o
 .debug_str     0x00000000000000c5    0x811c9 Output/blinky_FreeRTOS_pca10056 Release/Obj/boards.o
                                      0x82551 (size before relaxing)
 .debug_str     0x000000000008128e     0x3d7a Output/blinky_FreeRTOS_pca10056 Release/Obj/heap_1.o
                                      0x80131 (size before relaxing)
 .debug_str     0x0000000000085008      0x171 Output/blinky_FreeRTOS_pca10056 Release/Obj/list.o
                                      0x7fb77 (size before relaxing)
 .debug_str     0x0000000000085179       0x6f Output/blinky_FreeRTOS_pca10056 Release/Obj/port.o
                                      0x7ffb8 (size before relaxing)
 .debug_str     0x00000000000851e8      0x56d Output/blinky_FreeRTOS_pca10056 Release/Obj/port_cmsis.o
                                      0x805d9 (size before relaxing)
 .debug_str     0x0000000000085755      0x79c Output/blinky_FreeRTOS_pca10056 Release/Obj/port_cmsis_systick.o
                                      0x8546c (size before relaxing)
 .debug_str     0x0000000000085ef1     0x102e Output/blinky_FreeRTOS_pca10056 Release/Obj/queue.o
                                      0x81266 (size before relaxing)
 .debug_str     0x0000000000086f1f     0x1996 Output/blinky_FreeRTOS_pca10056 Release/Obj/tasks.o
                                      0x81eff (size before relaxing)
 .debug_str     0x00000000000888b5      0x506 Output/blinky_FreeRTOS_pca10056 Release/Obj/timers.o
                                      0x81704 (size before relaxing)
 .debug_str     0x0000000000088dbb      0x121 Output/blinky_FreeRTOS_pca10056 Release/Obj/app_error.o
                                      0x74774 (size before relaxing)
 .debug_str     0x0000000000088edc     0x320e Output/blinky_FreeRTOS_pca10056 Release/Obj/app_error_weak.o
                                      0x81639 (size before relaxing)
 .debug_str     0x000000000008c0ea      0x20d Output/blinky_FreeRTOS_pca10056 Release/Obj/app_util_platform.o
                                      0x74fab (size before relaxing)
 .debug_str     0x000000000008c2f7      0x92b Output/blinky_FreeRTOS_pca10056 Release/Obj/nrf_drv_clock.o
                                      0x84474 (size before relaxing)
 .debug_str     0x000000000008cc22      0x79f Output/blinky_FreeRTOS_pca10056 Release/Obj/nrfx_clock.o
                                      0x84ad7 (size before relaxing)
 .debug_str     0x000000000008d3c1     0x18eb Output/blinky_FreeRTOS_pca10056 Release/Obj/nrfx_gpiote.o
                                      0x85dd3 (size before relaxing)
 .debug_str     0x000000000008ecac      0x491 Output/blinky_FreeRTOS_pca10056 Release/Obj/main.o
                                      0x869d9 (size before relaxing)
 .debug_str     0x000000000008f13d       0x57 Output/blinky_FreeRTOS_pca10056 Release/Obj/ses_startup_nrf52840.o
                                         0xcc (size before relaxing)
 .debug_str     0x000000000008f194       0x59 Output/blinky_FreeRTOS_pca10056 Release/Obj/ses_startup_nrf_common.o
                                         0xce (size before relaxing)
 .debug_str     0x000000000008f1ed      0x4ba Output/blinky_FreeRTOS_pca10056 Release/Obj/system_nrf52840.o
                                      0x73252 (size before relaxing)

.debug_ranges   0x0000000000000000     0x1788
 .debug_ranges  0x0000000000000000       0x78 Output/blinky_FreeRTOS_pca10056 Release/Obj/thumb_crt0.o
 .debug_ranges  0x0000000000000078      0x2c8 Output/blinky_FreeRTOS_pca10056 Release/Obj/boards.o
 .debug_ranges  0x0000000000000340       0x28 Output/blinky_FreeRTOS_pca10056 Release/Obj/heap_1.o
 .debug_ranges  0x0000000000000368       0x30 Output/blinky_FreeRTOS_pca10056 Release/Obj/list.o
 .debug_ranges  0x0000000000000398       0x20 Output/blinky_FreeRTOS_pca10056 Release/Obj/port.o
 .debug_ranges  0x00000000000003b8       0x80 Output/blinky_FreeRTOS_pca10056 Release/Obj/port_cmsis.o
 .debug_ranges  0x0000000000000438       0x80 Output/blinky_FreeRTOS_pca10056 Release/Obj/port_cmsis_systick.o
 .debug_ranges  0x00000000000004b8      0x308 Output/blinky_FreeRTOS_pca10056 Release/Obj/queue.o
 .debug_ranges  0x00000000000007c0      0x370 Output/blinky_FreeRTOS_pca10056 Release/Obj/tasks.o
 .debug_ranges  0x0000000000000b30      0x110 Output/blinky_FreeRTOS_pca10056 Release/Obj/timers.o
 .debug_ranges  0x0000000000000c40       0x18 Output/blinky_FreeRTOS_pca10056 Release/Obj/app_error.o
 .debug_ranges  0x0000000000000c58       0x10 Output/blinky_FreeRTOS_pca10056 Release/Obj/app_error_weak.o
 .debug_ranges  0x0000000000000c68       0x38 Output/blinky_FreeRTOS_pca10056 Release/Obj/app_util_platform.o
 .debug_ranges  0x0000000000000ca0       0xf0 Output/blinky_FreeRTOS_pca10056 Release/Obj/nrf_drv_clock.o
 .debug_ranges  0x0000000000000d90      0x148 Output/blinky_FreeRTOS_pca10056 Release/Obj/nrfx_clock.o
 .debug_ranges  0x0000000000000ed8      0x870 Output/blinky_FreeRTOS_pca10056 Release/Obj/nrfx_gpiote.o
 .debug_ranges  0x0000000000001748       0x20 Output/blinky_FreeRTOS_pca10056 Release/Obj/main.o
 .debug_ranges  0x0000000000001768       0x20 Output/blinky_FreeRTOS_pca10056 Release/Obj/system_nrf52840.o

.debug_frame    0x0000000000000000     0x1688
 .debug_frame   0x0000000000000000      0x104 Output/blinky_FreeRTOS_pca10056 Release/Obj/boards.o
 .debug_frame   0x0000000000000104       0x60 Output/blinky_FreeRTOS_pca10056 Release/Obj/heap_1.o
 .debug_frame   0x0000000000000164       0x70 Output/blinky_FreeRTOS_pca10056 Release/Obj/list.o
 .debug_frame   0x00000000000001d4       0x40 Output/blinky_FreeRTOS_pca10056 Release/Obj/port.o
 .debug_frame   0x0000000000000214       0x7c Output/blinky_FreeRTOS_pca10056 Release/Obj/port_cmsis.o
 .debug_frame   0x0000000000000290       0x84 Output/blinky_FreeRTOS_pca10056 Release/Obj/port_cmsis_systick.o
 .debug_frame   0x0000000000000314      0x3d8 Output/blinky_FreeRTOS_pca10056 Release/Obj/queue.o
 .debug_frame   0x00000000000006ec      0x624 Output/blinky_FreeRTOS_pca10056 Release/Obj/tasks.o
 .debug_frame   0x0000000000000d10      0x220 Output/blinky_FreeRTOS_pca10056 Release/Obj/timers.o
 .debug_frame   0x0000000000000f30       0x58 Output/blinky_FreeRTOS_pca10056 Release/Obj/app_error.o
 .debug_frame   0x0000000000000f88       0x20 Output/blinky_FreeRTOS_pca10056 Release/Obj/app_error_weak.o
 .debug_frame   0x0000000000000fa8       0x70 Output/blinky_FreeRTOS_pca10056 Release/Obj/app_util_platform.o
 .debug_frame   0x0000000000001018      0x19c Output/blinky_FreeRTOS_pca10056 Release/Obj/nrf_drv_clock.o
 .debug_frame   0x00000000000011b4      0x134 Output/blinky_FreeRTOS_pca10056 Release/Obj/nrfx_clock.o
 .debug_frame   0x00000000000012e8      0x2fc Output/blinky_FreeRTOS_pca10056 Release/Obj/nrfx_gpiote.o
 .debug_frame   0x00000000000015e4       0x58 Output/blinky_FreeRTOS_pca10056 Release/Obj/main.o
 .debug_frame   0x000000000000163c       0x4c Output/blinky_FreeRTOS_pca10056 Release/Obj/system_nrf52840.o

.debug_loc      0x0000000000000000     0x7bba
 .debug_loc     0x0000000000000000      0x92e Output/blinky_FreeRTOS_pca10056 Release/Obj/boards.o
 .debug_loc     0x000000000000092e       0x98 Output/blinky_FreeRTOS_pca10056 Release/Obj/heap_1.o
 .debug_loc     0x00000000000009c6       0xbd Output/blinky_FreeRTOS_pca10056 Release/Obj/list.o
 .debug_loc     0x0000000000000a83       0xc8 Output/blinky_FreeRTOS_pca10056 Release/Obj/port_cmsis.o
 .debug_loc     0x0000000000000b4b      0x5da Output/blinky_FreeRTOS_pca10056 Release/Obj/port_cmsis_systick.o
 .debug_loc     0x0000000000001125     0x16ba Output/blinky_FreeRTOS_pca10056 Release/Obj/queue.o
 .debug_loc     0x00000000000027df     0x1d5a Output/blinky_FreeRTOS_pca10056 Release/Obj/tasks.o
 .debug_loc     0x0000000000004539      0xc28 Output/blinky_FreeRTOS_pca10056 Release/Obj/timers.o
 .debug_loc     0x0000000000005161       0xcd Output/blinky_FreeRTOS_pca10056 Release/Obj/app_error.o
 .debug_loc     0x000000000000522e       0x4a Output/blinky_FreeRTOS_pca10056 Release/Obj/app_error_weak.o
 .debug_loc     0x0000000000005278       0xda Output/blinky_FreeRTOS_pca10056 Release/Obj/app_util_platform.o
 .debug_loc     0x0000000000005352      0x36c Output/blinky_FreeRTOS_pca10056 Release/Obj/nrf_drv_clock.o
 .debug_loc     0x00000000000056be      0x258 Output/blinky_FreeRTOS_pca10056 Release/Obj/nrfx_clock.o
 .debug_loc     0x0000000000005916     0x2230 Output/blinky_FreeRTOS_pca10056 Release/Obj/nrfx_gpiote.o
 .debug_loc     0x0000000000007b46       0x74 Output/blinky_FreeRTOS_pca10056 Release/Obj/main.o

.debug_pubnames
                0x0000000000000000     0x469a
 .debug_pubnames
                0x0000000000000000      0x4bd Output/blinky_FreeRTOS_pca10056 Release/Obj/boards.o
 .debug_pubnames
                0x00000000000004bd       0x8c Output/blinky_FreeRTOS_pca10056 Release/Obj/heap_1.o
 .debug_pubnames
                0x0000000000000549       0x72 Output/blinky_FreeRTOS_pca10056 Release/Obj/list.o
 .debug_pubnames
                0x00000000000005bb       0x4d Output/blinky_FreeRTOS_pca10056 Release/Obj/port.o
 .debug_pubnames
                0x0000000000000608      0x494 Output/blinky_FreeRTOS_pca10056 Release/Obj/port_cmsis.o
 .debug_pubnames
                0x0000000000000a9c      0x77b Output/blinky_FreeRTOS_pca10056 Release/Obj/port_cmsis_systick.o
 .debug_pubnames
                0x0000000000001217      0x3b3 Output/blinky_FreeRTOS_pca10056 Release/Obj/queue.o
 .debug_pubnames
                0x00000000000015ca      0x9ba Output/blinky_FreeRTOS_pca10056 Release/Obj/tasks.o
 .debug_pubnames
                0x0000000000001f84      0x33b Output/blinky_FreeRTOS_pca10056 Release/Obj/timers.o
 .debug_pubnames
                0x00000000000022bf       0x6c Output/blinky_FreeRTOS_pca10056 Release/Obj/app_error.o
 .debug_pubnames
                0x000000000000232b      0x10e Output/blinky_FreeRTOS_pca10056 Release/Obj/app_error_weak.o
 .debug_pubnames
                0x0000000000002439      0x204 Output/blinky_FreeRTOS_pca10056 Release/Obj/app_util_platform.o
 .debug_pubnames
                0x000000000000263d      0x48e Output/blinky_FreeRTOS_pca10056 Release/Obj/nrf_drv_clock.o
 .debug_pubnames
                0x0000000000002acb      0x64c Output/blinky_FreeRTOS_pca10056 Release/Obj/nrfx_clock.o
 .debug_pubnames
                0x0000000000003117     0x13d7 Output/blinky_FreeRTOS_pca10056 Release/Obj/nrfx_gpiote.o
 .debug_pubnames
                0x00000000000044ee       0xc4 Output/blinky_FreeRTOS_pca10056 Release/Obj/main.o
 .debug_pubnames
                0x00000000000045b2       0xe8 Output/blinky_FreeRTOS_pca10056 Release/Obj/system_nrf52840.o

.debug_pubtypes
                0x0000000000000000     0x2a36
 .debug_pubtypes
                0x0000000000000000      0x23c Output/blinky_FreeRTOS_pca10056 Release/Obj/boards.o
 .debug_pubtypes
                0x000000000000023c      0x1ba Output/blinky_FreeRTOS_pca10056 Release/Obj/heap_1.o
 .debug_pubtypes
                0x00000000000003f6      0x21c Output/blinky_FreeRTOS_pca10056 Release/Obj/list.o
 .debug_pubtypes
                0x0000000000000612      0x1a3 Output/blinky_FreeRTOS_pca10056 Release/Obj/port.o
 .debug_pubtypes
                0x00000000000007b5      0x235 Output/blinky_FreeRTOS_pca10056 Release/Obj/port_cmsis.o
 .debug_pubtypes
                0x00000000000009ea      0x23b Output/blinky_FreeRTOS_pca10056 Release/Obj/port_cmsis_systick.o
 .debug_pubtypes
                0x0000000000000c25      0x2fa Output/blinky_FreeRTOS_pca10056 Release/Obj/queue.o
 .debug_pubtypes
                0x0000000000000f1f      0x335 Output/blinky_FreeRTOS_pca10056 Release/Obj/tasks.o
 .debug_pubtypes
                0x0000000000001254      0x365 Output/blinky_FreeRTOS_pca10056 Release/Obj/timers.o
 .debug_pubtypes
                0x00000000000015b9      0x1e2 Output/blinky_FreeRTOS_pca10056 Release/Obj/app_error.o
 .debug_pubtypes
                0x000000000000179b      0x2bd Output/blinky_FreeRTOS_pca10056 Release/Obj/app_error_weak.o
 .debug_pubtypes
                0x0000000000001a58      0x1cf Output/blinky_FreeRTOS_pca10056 Release/Obj/app_util_platform.o
 .debug_pubtypes
                0x0000000000001c27      0x314 Output/blinky_FreeRTOS_pca10056 Release/Obj/nrf_drv_clock.o
 .debug_pubtypes
                0x0000000000001f3b      0x328 Output/blinky_FreeRTOS_pca10056 Release/Obj/nrfx_clock.o
 .debug_pubtypes
                0x0000000000002263      0x41b Output/blinky_FreeRTOS_pca10056 Release/Obj/nrfx_gpiote.o
 .debug_pubtypes
                0x000000000000267e      0x1fd Output/blinky_FreeRTOS_pca10056 Release/Obj/main.o
 .debug_pubtypes
                0x000000000000287b      0x1bb Output/blinky_FreeRTOS_pca10056 Release/Obj/system_nrf52840.o

.debug_macro    0x0000000000000000     0x3669
 .debug_macro   0x0000000000000000      0x216 Output/blinky_FreeRTOS_pca10056 Release/Obj/boards.o
 .debug_macro   0x0000000000000216       0x1c Output/blinky_FreeRTOS_pca10056 Release/Obj/boards.o
 .debug_macro   0x0000000000000232       0x26 Output/blinky_FreeRTOS_pca10056 Release/Obj/boards.o
 .debug_macro   0x0000000000000258      0x429 Output/blinky_FreeRTOS_pca10056 Release/Obj/boards.o
 .debug_macro   0x0000000000000681       0x52 Output/blinky_FreeRTOS_pca10056 Release/Obj/boards.o
 .debug_macro   0x00000000000006d3       0xd5 Output/blinky_FreeRTOS_pca10056 Release/Obj/boards.o
 .debug_macro   0x00000000000007a8      0x14e Output/blinky_FreeRTOS_pca10056 Release/Obj/boards.o
 .debug_macro   0x00000000000008f6       0x3f Output/blinky_FreeRTOS_pca10056 Release/Obj/boards.o
 .debug_macro   0x0000000000000935       0x72 Output/blinky_FreeRTOS_pca10056 Release/Obj/boards.o
 .debug_macro   0x00000000000009a7       0x49 Output/blinky_FreeRTOS_pca10056 Release/Obj/boards.o
 .debug_macro   0x00000000000009f0       0x8c Output/blinky_FreeRTOS_pca10056 Release/Obj/boards.o
 .debug_macro   0x0000000000000a7c       0x19 Output/blinky_FreeRTOS_pca10056 Release/Obj/boards.o
 .debug_macro   0x0000000000000a95       0x1d Output/blinky_FreeRTOS_pca10056 Release/Obj/boards.o
 .debug_macro   0x0000000000000ab2       0x35 Output/blinky_FreeRTOS_pca10056 Release/Obj/boards.o
 .debug_macro   0x0000000000000ae7       0x7b Output/blinky_FreeRTOS_pca10056 Release/Obj/boards.o
 .debug_macro   0x0000000000000b62       0x64 Output/blinky_FreeRTOS_pca10056 Release/Obj/boards.o
 .debug_macro   0x0000000000000bc6       0x20 Output/blinky_FreeRTOS_pca10056 Release/Obj/boards.o
 .debug_macro   0x0000000000000be6       0x16 Output/blinky_FreeRTOS_pca10056 Release/Obj/boards.o
 .debug_macro   0x0000000000000bfc      0x208 Output/blinky_FreeRTOS_pca10056 Release/Obj/boards.o
 .debug_macro   0x0000000000000e04      0x16d Output/blinky_FreeRTOS_pca10056 Release/Obj/boards.o
 .debug_macro   0x0000000000000f71      0x1c1 Output/blinky_FreeRTOS_pca10056 Release/Obj/heap_1.o
 .debug_macro   0x0000000000001132      0x1a0 Output/blinky_FreeRTOS_pca10056 Release/Obj/list.o
 .debug_macro   0x00000000000012d2      0x1a6 Output/blinky_FreeRTOS_pca10056 Release/Obj/port.o
 .debug_macro   0x0000000000001478      0x1d0 Output/blinky_FreeRTOS_pca10056 Release/Obj/port_cmsis.o
 .debug_macro   0x0000000000001648      0x297 Output/blinky_FreeRTOS_pca10056 Release/Obj/port_cmsis_systick.o
 .debug_macro   0x00000000000018df       0x45 Output/blinky_FreeRTOS_pca10056 Release/Obj/port_cmsis_systick.o
 .debug_macro   0x0000000000001924       0x28 Output/blinky_FreeRTOS_pca10056 Release/Obj/port_cmsis_systick.o
 .debug_macro   0x000000000000194c       0x22 Output/blinky_FreeRTOS_pca10056 Release/Obj/port_cmsis_systick.o
 .debug_macro   0x000000000000196e       0x10 Output/blinky_FreeRTOS_pca10056 Release/Obj/port_cmsis_systick.o
 .debug_macro   0x000000000000197e      0x205 Output/blinky_FreeRTOS_pca10056 Release/Obj/queue.o
 .debug_macro   0x0000000000001b83       0x86 Output/blinky_FreeRTOS_pca10056 Release/Obj/queue.o
 .debug_macro   0x0000000000001c09      0x26d Output/blinky_FreeRTOS_pca10056 Release/Obj/tasks.o
 .debug_macro   0x0000000000001e76       0x10 Output/blinky_FreeRTOS_pca10056 Release/Obj/tasks.o
 .debug_macro   0x0000000000001e86      0x1e3 Output/blinky_FreeRTOS_pca10056 Release/Obj/timers.o
 .debug_macro   0x0000000000002069       0xfa Output/blinky_FreeRTOS_pca10056 Release/Obj/app_error.o
 .debug_macro   0x0000000000002163       0x35 Output/blinky_FreeRTOS_pca10056 Release/Obj/app_error.o
 .debug_macro   0x0000000000002198       0x78 Output/blinky_FreeRTOS_pca10056 Release/Obj/app_error.o
 .debug_macro   0x0000000000002210      0x1f3 Output/blinky_FreeRTOS_pca10056 Release/Obj/app_error_weak.o
 .debug_macro   0x0000000000002403       0x31 Output/blinky_FreeRTOS_pca10056 Release/Obj/app_error_weak.o
 .debug_macro   0x0000000000002434       0x16 Output/blinky_FreeRTOS_pca10056 Release/Obj/app_error_weak.o
 .debug_macro   0x000000000000244a       0x55 Output/blinky_FreeRTOS_pca10056 Release/Obj/app_error_weak.o
 .debug_macro   0x000000000000249f      0x17f Output/blinky_FreeRTOS_pca10056 Release/Obj/app_error_weak.o
 .debug_macro   0x000000000000261e       0x9a Output/blinky_FreeRTOS_pca10056 Release/Obj/app_error_weak.o
 .debug_macro   0x00000000000026b8       0x28 Output/blinky_FreeRTOS_pca10056 Release/Obj/app_error_weak.o
 .debug_macro   0x00000000000026e0       0x23 Output/blinky_FreeRTOS_pca10056 Release/Obj/app_error_weak.o
 .debug_macro   0x0000000000002703       0x1c Output/blinky_FreeRTOS_pca10056 Release/Obj/app_error_weak.o
 .debug_macro   0x000000000000271f      0x110 Output/blinky_FreeRTOS_pca10056 Release/Obj/app_util_platform.o
 .debug_macro   0x000000000000282f      0x2ca Output/blinky_FreeRTOS_pca10056 Release/Obj/nrf_drv_clock.o
 .debug_macro   0x0000000000002af9       0x37 Output/blinky_FreeRTOS_pca10056 Release/Obj/nrf_drv_clock.o
 .debug_macro   0x0000000000002b30       0x10 Output/blinky_FreeRTOS_pca10056 Release/Obj/nrf_drv_clock.o
 .debug_macro   0x0000000000002b40      0x179 Output/blinky_FreeRTOS_pca10056 Release/Obj/nrf_drv_clock.o
 .debug_macro   0x0000000000002cb9      0x2a8 Output/blinky_FreeRTOS_pca10056 Release/Obj/nrfx_clock.o
 .debug_macro   0x0000000000002f61       0x1c Output/blinky_FreeRTOS_pca10056 Release/Obj/nrfx_clock.o
 .debug_macro   0x0000000000002f7d       0x42 Output/blinky_FreeRTOS_pca10056 Release/Obj/nrfx_clock.o
 .debug_macro   0x0000000000002fbf      0x2e0 Output/blinky_FreeRTOS_pca10056 Release/Obj/nrfx_gpiote.o
 .debug_macro   0x000000000000329f       0x1c Output/blinky_FreeRTOS_pca10056 Release/Obj/nrfx_gpiote.o
 .debug_macro   0x00000000000032bb       0x16 Output/blinky_FreeRTOS_pca10056 Release/Obj/nrfx_gpiote.o
 .debug_macro   0x00000000000032d1      0x2f0 Output/blinky_FreeRTOS_pca10056 Release/Obj/main.o
 .debug_macro   0x00000000000035c1       0xa8 Output/blinky_FreeRTOS_pca10056 Release/Obj/system_nrf52840.o