Archive member included to satisfy reference by file (symbol)

/Applications/SEGGER Embedded Studio for ARM 4.16/lib/libc_v7em_fpv4_sp_d16_hard_t_le_eabi.a(libc_asm.o)
                              Output/ble_app_blinky_c_pca10056_s140 Release/Obj/bsp.o (__aeabi_uldivmod)
/Applications/SEGGER Embedded Studio for ARM 4.16/lib/libc_v7em_fpv4_sp_d16_hard_t_le_eabi.a(libc2.o)
                              Output/ble_app_blinky_c_pca10056_s140 Release/Obj/nrf_log_str_formatter.o (isprint)
/Applications/SEGGER Embedded Studio for ARM 4.16/lib/libc_v7em_fpv4_sp_d16_hard_t_le_eabi.a(libc2_asm.o)
                              Output/ble_app_blinky_c_pca10056_s140 Release/Obj/nrf_log_frontend.o (memcpy)
/Applications/SEGGER Embedded Studio for ARM 4.16/lib/libc_v7em_fpv4_sp_d16_hard_t_le_eabi.a(libc.o)
                              /Applications/SEGGER Embedded Studio for ARM 4.16/lib/libc_v7em_fpv4_sp_d16_hard_t_le_eabi.a(libc2.o) (__heap_lock)
/Applications/SEGGER Embedded Studio for ARM 4.16/lib/libdebugio_v7em_fpv4_sp_d16_hard_t_le_eabi.a(libdebugio.o)
                              Output/ble_app_blinky_c_pca10056_s140 Release/Obj/thumb_crt0.o (debug_fopen)
/Applications/SEGGER Embedded Studio for ARM 4.16/lib/libdebugio_mempoll_v7em_fpv4_sp_d16_hard_t_le_eabi.a(mempoll_debug_operations.o)
                              /Applications/SEGGER Embedded Studio for ARM 4.16/lib/libdebugio_v7em_fpv4_sp_d16_hard_t_le_eabi.a(libdebugio.o) (__do_debug_operation)
/Applications/SEGGER Embedded Studio for ARM 4.16/lib/libdebugio_mempoll_v7em_fpv4_sp_d16_hard_t_le_eabi.a(do_nv_debug_operation.o)
                              /Applications/SEGGER Embedded Studio for ARM 4.16/lib/libdebugio_v7em_fpv4_sp_d16_hard_t_le_eabi.a(libdebugio.o) (__do_nvdebug_operation)
/Applications/SEGGER Embedded Studio for ARM 4.16/lib/libm_v7em_fpv4_sp_d16_hard_t_le_eabi.a(libm_asm.o)
                              /Applications/SEGGER Embedded Studio for ARM 4.16/lib/libc_v7em_fpv4_sp_d16_hard_t_le_eabi.a(libc2.o) (__aeabi_i2d)
/Applications/SEGGER Embedded Studio for ARM 4.16/lib/libm_v7em_fpv4_sp_d16_hard_t_le_eabi.a(libm2.o)
                              /Applications/SEGGER Embedded Studio for ARM 4.16/lib/libvfprintf_v7em_fpv4_sp_d16_hard_t_le_eabi.o (frexp)
/Applications/SEGGER Embedded Studio for ARM 4.16/lib/libm_v7em_fpv4_sp_d16_hard_t_le_eabi.a(libm2_asm.o)
                              /Applications/SEGGER Embedded Studio for ARM 4.16/lib/libm_v7em_fpv4_sp_d16_hard_t_le_eabi.a(libm2.o) (fabs)

Discarded input sections

 .text          0x0000000000000000        0x0 Output/ble_app_blinky_c_pca10056_s140 Release/Obj/thumb_crt0.o
 .data          0x0000000000000000        0x0 Output/ble_app_blinky_c_pca10056_s140 Release/Obj/thumb_crt0.o
 .bss           0x0000000000000000        0x0 Output/ble_app_blinky_c_pca10056_s140 Release/Obj/thumb_crt0.o
 .text.__aeabi_read_tp
                0x0000000000000000        0x8 Output/ble_app_blinky_c_pca10056_s140 Release/Obj/thumb_crt0.o
 .text.abort    0x0000000000000000        0x2 Output/ble_app_blinky_c_pca10056_s140 Release/Obj/thumb_crt0.o
 .text.__assert
                0x0000000000000000        0x2 Output/ble_app_blinky_c_pca10056_s140 Release/Obj/thumb_crt0.o
 .text.__aeabi_assert
                0x0000000000000000        0x2 Output/ble_app_blinky_c_pca10056_s140 Release/Obj/thumb_crt0.o
 .text.__sync_synchronize
                0x0000000000000000        0x2 Output/ble_app_blinky_c_pca10056_s140 Release/Obj/thumb_crt0.o
 .text.__getchar
                0x0000000000000000        0x4 Output/ble_app_blinky_c_pca10056_s140 Release/Obj/thumb_crt0.o
 .text.__putchar
                0x0000000000000000        0x4 Output/ble_app_blinky_c_pca10056_s140 Release/Obj/thumb_crt0.o
 .text.__open   0x0000000000000000        0x4 Output/ble_app_blinky_c_pca10056_s140 Release/Obj/thumb_crt0.o
 .text.__close  0x0000000000000000        0x4 Output/ble_app_blinky_c_pca10056_s140 Release/Obj/thumb_crt0.o
 .text.__write  0x0000000000000000        0xa Output/ble_app_blinky_c_pca10056_s140 Release/Obj/thumb_crt0.o
 .text.__read   0x0000000000000000        0xa Output/ble_app_blinky_c_pca10056_s140 Release/Obj/thumb_crt0.o
 .text.__seek   0x0000000000000000       0x1a Output/ble_app_blinky_c_pca10056_s140 Release/Obj/thumb_crt0.o
 .bss.__user_locale_name_buffer
                0x0000000000000000        0x4 Output/ble_app_blinky_c_pca10056_s140 Release/Obj/thumb_crt0.o
 .stack         0x0000000000000000        0x0 Output/ble_app_blinky_c_pca10056_s140 Release/Obj/thumb_crt0.o
 .stack_process
                0x0000000000000000        0x0 Output/ble_app_blinky_c_pca10056_s140 Release/Obj/thumb_crt0.o
 .heap          0x0000000000000000        0x0 Output/ble_app_blinky_c_pca10056_s140 Release/Obj/thumb_crt0.o
 .group         0x0000000000000000        0xc Output/ble_app_blinky_c_pca10056_s140 Release/Obj/nrf_log_backend_rtt.o
[...]
Memory Configuration

Name             Origin             Length             Attributes
UNPLACED_SECTIONS 0x0000000100000000 0x0000000000000000 xw
RAM              0x0000000020000000 0x0000000000040000 xw
FLASH            0x0000000000000000 0x0000000000100000 xw
*default*        0x0000000000000000 0xffffffffffffffff

Linker script and memory map

                0x0000000000000000                __vfprintf = __vfprintf_long
                0x0000000000000000                __vfscanf = __vfscanf_long
                0x0000000020000000                __RAM_segment_start__ = 0x20000000
                0x0000000020040000                __RAM_segment_end__ = 0x20040000
                0x0000000000040000                __RAM_segment_size__ = 0x40000
                0x0000000000000000                __FLASH_segment_start__ = 0x0
                0x0000000000100000                __FLASH_segment_end__ = 0x100000
                0x0000000000100000                __FLASH_segment_size__ = 0x100000
                0x0000000000000000                __HEAPSIZE__ = 0x0
                0x0000000000000000                __STACKSIZE_PROCESS__ = 0x0
                0x0000000000002000                __STACKSIZE__ = 0x2000
                0x0000000020000000                __reserved_ram_load_start__ = 0x20000000

.reserved_ram   0x0000000020000000     0x1d70
                0x0000000020000000                __reserved_ram_start__ = .
 *(.reserved_ram .reserved_ram.*)
                0x0000000020001d70                . = MAX (((__reserved_ram_start__ + 0x20001d70) - 0x20000000), .)
 *fill*         0x0000000020000000     0x1d70 
                0x0000000020001d70                __reserved_ram_end__ = (__reserved_ram_start__ + SIZEOF (.reserved_ram))
                0x0000000000001d70                __reserved_ram_size__ = SIZEOF (.reserved_ram)
                0x0000000020001d70                __reserved_ram_load_end__ = __reserved_ram_end__
                0x0000000000000001                . = ASSERT (((__reserved_ram_start__ == __reserved_ram_end__) || ((__reserved_ram_end__ - __RAM_segment_start__) <= __RAM_segment_size__)), error: .reserved_ram is too large to fit in RAM memory segment)
                0x0000000020001d70                __vectors_ram_load_start__ = 0x20001d70

.vectors_ram    0x0000000020001d70        0x0
                0x0000000020001d70                __vectors_ram_start__ = .
                0x0000000020001d70                __app_ram_start__ = __vectors_ram_start__
 *(.vectors_ram .vectors_ram.*)
                0x0000000020001d70                __vectors_ram_end__ = (__vectors_ram_start__ + SIZEOF (.vectors_ram))
                0x0000000000000000                __vectors_ram_size__ = SIZEOF (.vectors_ram)
                0x0000000020001d70                __vectors_ram_load_end__ = __vectors_ram_end__
                0x0000000000000001                . = ASSERT (((__vectors_ram_start__ == __vectors_ram_end__) || ((__vectors_ram_end__ - __RAM_segment_start__) <= __RAM_segment_size__)), error: .vectors_ram is too large to fit in RAM memory segment)
                0x0000000000000001                . = ASSERT ((__reserved_ram_end__ <= __vectors_ram_start__), error: section .reserved_ram overlaps absolute placed section .vectors_ram)
                0x0000000020001d70                __nrf_sections_run_load_start__ = ALIGN (__vectors_ram_end__, 0x4)

.nrf_sections_run
                0x0000000020001d70        0x0
                0x0000000020001d70                __nrf_sections_run_start__ = .
                0x0000000020001d70                __start_nrf_sections_run = __nrf_sections_run_start__
 *(.nrf_sections_run .nrf_sections_run.*)
                0x0000000020001d70                __nrf_sections_run_end__ = (__nrf_sections_run_start__ + SIZEOF (.nrf_sections_run))
                0x0000000000000000                __nrf_sections_run_size__ = SIZEOF (.nrf_sections_run)
                0x0000000020001d70                __nrf_sections_run_load_end__ = __nrf_sections_run_end__
                0x0000000000000001                . = ASSERT (((__nrf_sections_run_start__ == __nrf_sections_run_end__) || ((__nrf_sections_run_end__ - __RAM_segment_start__) <= __RAM_segment_size__)), error: .nrf_sections_run is too large to fit in RAM memory segment)
                0x0000000000000000                __reserved_flash_load_start__ = 0x0

.reserved_flash
                0x0000000000000000    0x26000
                0x0000000000000000                __reserved_flash_start__ = .
 *(.reserved_flash .reserved_flash.*)
                0x0000000000026000                . = MAX (((__reserved_flash_start__ + 0x26000) - 0x0), .)
 *fill*         0x0000000000000000    0x26000 
                0x0000000000026000                __reserved_flash_end__ = (__reserved_flash_start__ + SIZEOF (.reserved_flash))
                0x0000000000026000                __reserved_flash_size__ = SIZEOF (.reserved_flash)
                0x0000000000026000                __reserved_flash_load_end__ = __reserved_flash_end__
                0x0000000000000001                . = ASSERT (((__reserved_flash_start__ == __reserved_flash_end__) || ((__reserved_flash_end__ - __FLASH_segment_start__) <= __FLASH_segment_size__)), error: .reserved_flash is too large to fit in FLASH memory segment)
                0x0000000000026000                __vectors_load_start__ = 0x26000

.vectors        0x0000000000026000      0x200
                0x0000000000026000                __vectors_start__ = .
 *(.vectors .vectors.*)
 .vectors       0x0000000000026000      0x200 Output/ble_app_blinky_c_pca10056_s140 Release/Obj/ses_startup_nrf52840.o
                0x0000000000026000                _vectors
                0x0000000000026200                __vectors_end__ = (__vectors_start__ + SIZEOF (.vectors))
                0x0000000000000200                __vectors_size__ = SIZEOF (.vectors)
                0x0000000000026200                __vectors_load_end__ = __vectors_end__
                0x0000000000000001                . = ASSERT (((__vectors_start__ == __vectors_end__) || ((__vectors_end__ - __FLASH_segment_start__) <= __FLASH_segment_size__)), error: .vectors is too large to fit in FLASH memory segment)
                0x0000000000000001                . = ASSERT ((__reserved_flash_end__ <= __vectors_start__), error: section .reserved_flash overlaps absolute placed section .vectors)
                0x0000000000026200                __init_load_start__ = ALIGN (__vectors_end__, 0x4)

.init           0x0000000000026200      0x1d4
                0x0000000000026200                __init_start__ = .
 *(.init .init.*)
 .init          0x0000000000026200      0x15c Output/ble_app_blinky_c_pca10056_s140 Release/Obj/thumb_crt0.o
                0x0000000000026200                _start
                0x00000000000262b4                exit
 .init          0x000000000002635c       0x18 Output/ble_app_blinky_c_pca10056_s140 Release/Obj/ses_startup_nrf52840.o
                0x000000000002635c                NMI_Handler
                0x000000000002635e                HardFault_Handler
                0x0000000000026360                MemoryManagement_Handler
                0x0000000000026362                BusFault_Handler
                0x0000000000026364                UsageFault_Handler
                0x0000000000026366                SVC_Handler
                0x0000000000026368                DebugMon_Handler
                0x000000000002636a                PendSV_Handler
                0x000000000002636c                SysTick_Handler
                0x000000000002636e                FPU_IRQHandler
                0x000000000002636e                USBD_IRQHandler
                0x000000000002636e                SPIM0_SPIS0_TWIM0_TWIS0_SPI0_TWI0_IRQHandler
                0x000000000002636e                TIMER4_IRQHandler
                0x000000000002636e                CRYPTOCELL_IRQHandler
                0x000000000002636e                I2S_IRQHandler
                0x000000000002636e                SWI4_EGU4_IRQHandler
                0x000000000002636e                TIMER0_IRQHandler
                0x000000000002636e                UARTE1_IRQHandler
                0x000000000002636e                Dummy_Handler
                0x000000000002636e                TIMER1_IRQHandler
                0x000000000002636e                SPIM3_IRQHandler
                0x000000000002636e                PWM2_IRQHandler
                0x000000000002636e                ECB_IRQHandler
                0x000000000002636e                SPIM1_SPIS1_TWIM1_TWIS1_SPI1_TWI1_IRQHandler
                0x000000000002636e                SAADC_IRQHandler
                0x000000000002636e                CCM_AAR_IRQHandler
                0x000000000002636e                WDT_IRQHandler
                0x000000000002636e                SWI5_EGU5_IRQHandler
                0x000000000002636e                RNG_IRQHandler
                0x000000000002636e                RTC2_IRQHandler
                0x000000000002636e                PWM0_IRQHandler
                0x000000000002636e                SWI3_EGU3_IRQHandler
                0x000000000002636e                SWI1_EGU1_IRQHandler
                0x000000000002636e                SPIM2_SPIS2_SPI2_IRQHandler
                0x000000000002636e                NFCT_IRQHandler
                0x000000000002636e                MWU_IRQHandler
                0x000000000002636e                COMP_LPCOMP_IRQHandler
                0x000000000002636e                RTC0_IRQHandler
                0x000000000002636e                PWM1_IRQHandler
                0x000000000002636e                RADIO_IRQHandler
                0x000000000002636e                PDM_IRQHandler
                0x000000000002636e                TEMP_IRQHandler
                0x000000000002636e                QDEC_IRQHandler
                0x000000000002636e                TIMER3_IRQHandler
                0x000000000002636e                PWM3_IRQHandler
                0x000000000002636e                TIMER2_IRQHandler
                0x000000000002636e                QSPI_IRQHandler
                0x0000000000026370                nRFInitialize
 .init          0x0000000000026374       0x60 Output/ble_app_blinky_c_pca10056_s140 Release/Obj/ses_startup_nrf_common.o
                0x0000000000026374                Reset_Handler
                0x000000000002639c                InitializeUserMemorySections
                0x00000000000263d4                __init_end__ = (__init_start__ + SIZEOF (.init))
                0x00000000000001d4                __init_size__ = SIZEOF (.init)
                0x00000000000263d4                __init_load_end__ = __init_end__
                0x0000000000000001                . = ASSERT (((__init_start__ == __init_end__) || ((__init_end__ - __FLASH_segment_start__) <= __FLASH_segment_size__)), error: .init is too large to fit in FLASH memory segment)
                0x00000000000263d4                __init_rodata_load_start__ = ALIGN (__init_end__, 0x4)

.init_rodata    0x00000000000263d4        0x0
                0x00000000000263d4                __init_rodata_start__ = .
 *(.init_rodata .init_rodata.*)
                0x00000000000263d4                __init_rodata_end__ = (__init_rodata_start__ + SIZEOF (.init_rodata))
                0x0000000000000000                __init_rodata_size__ = SIZEOF (.init_rodata)
                0x00000000000263d4                __init_rodata_load_end__ = __init_rodata_end__
                0x0000000000000001                . = ASSERT (((__init_rodata_start__ == __init_rodata_end__) || ((__init_rodata_end__ - __FLASH_segment_start__) <= __FLASH_segment_size__)), error: .init_rodata is too large to fit in FLASH memory segment)
                0x00000000000263d4                __text_load_start__ = ALIGN (__init_rodata_end__, 0x4)

.text           0x00000000000263d4     0x46f6
                0x00000000000263d4                __text_start__ = .
 *(.text .text.* .glue_7t .glue_7 .gnu.linkonce.t.* .gcc_except_table .ARM.extab* .gnu.linkonce.armextab.*)
 .glue_7        0x00000000000263d4        0x0 linker stubs
 .glue_7t       0x00000000000263d4        0x0 linker stubs
 .text.nrf_log_backend_serial_put
                0x00000000000263d4       0xc0 Output/ble_app_blinky_c_pca10056_s140 Release/Obj/nrf_log_backend_serial.o
                0x00000000000263d4                nrf_log_backend_serial_put
 .text.uart_evt_handler
                0x0000000000026494        0xc Output/ble_app_blinky_c_pca10056_s140 Release/Obj/nrf_log_backend_uart.o
 .text.nrf_log_backend_uart_flush
                0x00000000000264a0        0x2 Output/ble_app_blinky_c_pca10056_s140 Release/Obj/nrf_log_backend_uart.o
 *fill*         0x00000000000264a2        0x2 
 .text.uart_init
                0x00000000000264a4       0x4c Output/ble_app_blinky_c_pca10056_s140 Release/Obj/nrf_log_backend_uart.o
 .text.nrf_log_backend_uart_put
                0x00000000000264f0       0x1c Output/ble_app_blinky_c_pca10056_s140 Release/Obj/nrf_log_backend_uart.o
 .text.serial_tx
                0x000000000002650c       0x48 Output/ble_app_blinky_c_pca10056_s140 Release/Obj/nrf_log_backend_uart.o
 .text.nrf_log_backend_uart_panic_set
                0x0000000000026554       0x2c Output/ble_app_blinky_c_pca10056_s140 Release/Obj/nrf_log_backend_uart.o
 .text.nrf_log_backend_uart_init
                0x0000000000026580        0x6 Output/ble_app_blinky_c_pca10056_s140 Release/Obj/nrf_log_backend_uart.o
                0x0000000000026580                nrf_log_backend_uart_init
 *fill*         0x0000000000026586        0x2 
 .text.nrf_log_default_backends_init
                0x0000000000026588       0x20 Output/ble_app_blinky_c_pca10056_s140 Release/Obj/nrf_log_default_backends.o
                0x0000000000026588                nrf_log_default_backends_init
 .text.invalid_packets_omit
                0x00000000000265a8       0x3a Output/ble_app_blinky_c_pca10056_s140 Release/Obj/nrf_log_frontend.o
 *fill*         0x00000000000265e2        0x2 
 .text.buf_prealloc
                0x00000000000265e4      0x138 Output/ble_app_blinky_c_pca10056_s140 Release/Obj/nrf_log_frontend.o
 .text.nrf_log_init
                0x000000000002671c       0x3c Output/ble_app_blinky_c_pca10056_s140 Release/Obj/nrf_log_frontend.o
                0x000000000002671c                nrf_log_init
 .text.nrf_log_module_name_get
                0x0000000000026758       0x38 Output/ble_app_blinky_c_pca10056_s140 Release/Obj/nrf_log_frontend.o
                0x0000000000026758                nrf_log_module_name_get
 .text.nrf_log_color_id_get
                0x0000000000026790       0x2c Output/ble_app_blinky_c_pca10056_s140 Release/Obj/nrf_log_frontend.o
                0x0000000000026790                nrf_log_color_id_get
 .text.buffer_is_empty
                0x00000000000267bc       0x14 Output/ble_app_blinky_c_pca10056_s140 Release/Obj/nrf_log_frontend.o
                0x00000000000267bc                buffer_is_empty
 .text.nrf_log_frontend_dequeue
                0x00000000000267d0      0x224 Output/ble_app_blinky_c_pca10056_s140 Release/Obj/nrf_log_frontend.o
                0x00000000000267d0                nrf_log_frontend_dequeue
 .text.std_n    0x00000000000269f4       0xb0 Output/ble_app_blinky_c_pca10056_s140 Release/Obj/nrf_log_frontend.o
 .text.nrf_log_frontend_std_0
                0x0000000000026aa4        0x8 Output/ble_app_blinky_c_pca10056_s140 Release/Obj/nrf_log_frontend.o
                0x0000000000026aa4                nrf_log_frontend_std_0
 .text.nrf_log_frontend_std_1
                0x0000000000026aac       0x12 Output/ble_app_blinky_c_pca10056_s140 Release/Obj/nrf_log_frontend.o
                0x0000000000026aac                nrf_log_frontend_std_1
 .text.nrf_log_frontend_std_2
                0x0000000000026abe       0x14 Output/ble_app_blinky_c_pca10056_s140 Release/Obj/nrf_log_frontend.o
                0x0000000000026abe                nrf_log_frontend_std_2
 *fill*         0x0000000000026ad2        0x2 
 .text.nrf_log_backend_add
                0x0000000000026ad4       0x44 Output/ble_app_blinky_c_pca10056_s140 Release/Obj/nrf_log_frontend.o
                0x0000000000026ad4                nrf_log_backend_add
 .text.nrf_log_panic
                0x0000000000026b18       0x2c Output/ble_app_blinky_c_pca10056_s140 Release/Obj/nrf_log_frontend.o
                0x0000000000026b18                nrf_log_panic
 .text.postfix_process
                0x0000000000026b44       0x3c Output/ble_app_blinky_c_pca10056_s140 Release/Obj/nrf_log_str_formatter.o
 .text.prefix_process
                0x0000000000026b80       0x78 Output/ble_app_blinky_c_pca10056_s140 Release/Obj/nrf_log_str_formatter.o
 .text.nrf_log_std_entry_process
                0x0000000000026bf8       0xc8 Output/ble_app_blinky_c_pca10056_s140 Release/Obj/nrf_log_str_formatter.o
                0x0000000000026bf8                nrf_log_std_entry_process
 .text.nrf_log_hexdump_entry_process
                0x0000000000026cc0       0xb4 Output/ble_app_blinky_c_pca10056_s140 Release/Obj/nrf_log_str_formatter.o
                0x0000000000026cc0                nrf_log_hexdump_entry_process
 .text.detection_delay_timeout_handler
                0x0000000000026d74       0xfc Output/ble_app_blinky_c_pca10056_s140 Release/Obj/app_button.o
 .text.gpiote_event_handler
                0x0000000000026e70       0x98 Output/ble_app_blinky_c_pca10056_s140 Release/Obj/app_button.o
 .text.app_button_init
                0x0000000000026f08       0xa8 Output/ble_app_blinky_c_pca10056_s140 Release/Obj/app_button.o
                0x0000000000026f08                app_button_init
 .text.app_button_enable
                0x0000000000026fb0       0x2c Output/ble_app_blinky_c_pca10056_s140 Release/Obj/app_button.o
                0x0000000000026fb0                app_button_enable
 .text.app_error_handler_bare
                0x0000000000026fdc       0x1a Output/ble_app_blinky_c_pca10056_s140 Release/Obj/app_error.o
                0x0000000000026fdc                app_error_handler_bare
 *fill*         0x0000000000026ff6        0x2 
 .text.app_error_fault_handler
                0x0000000000026ff8       0x70 Output/ble_app_blinky_c_pca10056_s140 Release/Obj/app_error_weak.o
                0x0000000000026ff8                app_error_fault_handler
 .text.user_op_alloc
                0x0000000000027068       0x2c Output/ble_app_blinky_c_pca10056_s140 Release/Obj/app_timer.o
 .text.timer_stop_op_schedule
                0x0000000000027094       0x50 Output/ble_app_blinky_c_pca10056_s140 Release/Obj/app_timer.o
 .text.nrfx_coredep_delay_us.part.0.constprop.4
                0x00000000000270e4       0x10 Output/ble_app_blinky_c_pca10056_s140 Release/Obj/app_timer.o
 .text.rtc1_stop
                0x00000000000270f4       0x44 Output/ble_app_blinky_c_pca10056_s140 Release/Obj/app_timer.o
 .text.RTC1_IRQHandler
                0x0000000000027138       0x9c Output/ble_app_blinky_c_pca10056_s140 Release/Obj/app_timer.o
                0x0000000000027138                RTC1_IRQHandler
 .text.SWI0_EGU0_IRQHandler
                0x00000000000271d4      0x2b4 Output/ble_app_blinky_c_pca10056_s140 Release/Obj/app_timer.o
                0x00000000000271d4                SWI0_EGU0_IRQHandler
 .text.app_timer_init
                0x0000000000027488       0x60 Output/ble_app_blinky_c_pca10056_s140 Release/Obj/app_timer.o
                0x0000000000027488                app_timer_init
 .text.app_timer_create
                0x00000000000274e8       0x24 Output/ble_app_blinky_c_pca10056_s140 Release/Obj/app_timer.o
                0x00000000000274e8                app_timer_create
 .text.app_timer_start
                0x000000000002750c       0x8c Output/ble_app_blinky_c_pca10056_s140 Release/Obj/app_timer.o
                0x000000000002750c                app_timer_start
 .text.app_timer_stop
                0x0000000000027598       0x20 Output/ble_app_blinky_c_pca10056_s140 Release/Obj/app_timer.o
                0x0000000000027598                app_timer_stop
 .text.app_util_critical_region_enter
                0x00000000000275b8       0x48 Output/ble_app_blinky_c_pca10056_s140 Release/Obj/app_util_platform.o
                0x00000000000275b8                app_util_critical_region_enter
 .text.app_util_critical_region_exit
                0x0000000000027600       0x2c Output/ble_app_blinky_c_pca10056_s140 Release/Obj/app_util_platform.o
                0x0000000000027600                app_util_critical_region_exit
 .text.nrf_atflags_set
                0x000000000002762c       0x12 Output/ble_app_blinky_c_pca10056_s140 Release/Obj/nrf_atflags.o
                0x000000000002762c                nrf_atflags_set
 .text.nrf_atflags_clear
                0x000000000002763e       0x14 Output/ble_app_blinky_c_pca10056_s140 Release/Obj/nrf_atflags.o
                0x000000000002763e                nrf_atflags_clear
 .text.nrf_atflags_get
                0x0000000000027652       0x12 Output/ble_app_blinky_c_pca10056_s140 Release/Obj/nrf_atflags.o
                0x0000000000027652                nrf_atflags_get
 .text.nrf_atomic_u32_fetch_store
                0x0000000000027664       0x14 Output/ble_app_blinky_c_pca10056_s140 Release/Obj/nrf_atomic.o
                0x0000000000027664                nrf_atomic_u32_fetch_store
 .text.nrf_atomic_u32_or
                0x0000000000027678       0x16 Output/ble_app_blinky_c_pca10056_s140 Release/Obj/nrf_atomic.o
                0x0000000000027678                nrf_atomic_u32_or
 .text.nrf_atomic_u32_fetch_and
                0x000000000002768e       0x16 Output/ble_app_blinky_c_pca10056_s140 Release/Obj/nrf_atomic.o
                0x000000000002768e                nrf_atomic_u32_fetch_and
 .text.nrf_atomic_u32_and
                0x00000000000276a4       0x16 Output/ble_app_blinky_c_pca10056_s140 Release/Obj/nrf_atomic.o
                0x00000000000276a4                nrf_atomic_u32_and
 .text.nrf_atomic_u32_add
                0x00000000000276ba       0x16 Output/ble_app_blinky_c_pca10056_s140 Release/Obj/nrf_atomic.o
                0x00000000000276ba                nrf_atomic_u32_add
 .text.nrf_atomic_u32_sub
                0x00000000000276d0       0x16 Output/ble_app_blinky_c_pca10056_s140 Release/Obj/nrf_atomic.o
                0x00000000000276d0                nrf_atomic_u32_sub
 .text.nrf_atomic_flag_set
                0x00000000000276e6        0x6 Output/ble_app_blinky_c_pca10056_s140 Release/Obj/nrf_atomic.o
                0x00000000000276e6                nrf_atomic_flag_set
 .text.nrf_atomic_flag_clear_fetch
                0x00000000000276ec        0x6 Output/ble_app_blinky_c_pca10056_s140 Release/Obj/nrf_atomic.o
                0x00000000000276ec                nrf_atomic_flag_clear_fetch
 .text.nrf_balloc_init
                0x00000000000276f2       0x2e Output/ble_app_blinky_c_pca10056_s140 Release/Obj/nrf_balloc.o
                0x00000000000276f2                nrf_balloc_init
 .text.nrf_balloc_alloc
                0x0000000000027720       0x48 Output/ble_app_blinky_c_pca10056_s140 Release/Obj/nrf_balloc.o
                0x0000000000027720                nrf_balloc_alloc
 .text.nrf_balloc_free
                0x0000000000027768       0x34 Output/ble_app_blinky_c_pca10056_s140 Release/Obj/nrf_balloc.o
                0x0000000000027768                nrf_balloc_free
 .text.nrf_fprintf_buffer_flush
                0x000000000002779c       0x16 Output/ble_app_blinky_c_pca10056_s140 Release/Obj/nrf_fprintf.o
                0x000000000002779c                nrf_fprintf_buffer_flush
 .text.nrf_fprintf
                0x00000000000277b2       0x1c Output/ble_app_blinky_c_pca10056_s140 Release/Obj/nrf_fprintf.o
                0x00000000000277b2                nrf_fprintf
 .text.buffer_add
                0x00000000000277ce       0x2e Output/ble_app_blinky_c_pca10056_s140 Release/Obj/nrf_fprintf_format.o
 .text.unsigned_print
                0x00000000000277fc       0xb0 Output/ble_app_blinky_c_pca10056_s140 Release/Obj/nrf_fprintf_format.o
 .text.nrf_fprintf_fmt
                0x00000000000278ac      0x278 Output/ble_app_blinky_c_pca10056_s140 Release/Obj/nrf_fprintf_format.o
                0x00000000000278ac                nrf_fprintf_fmt
 .text.memobj_op
                0x0000000000027b24       0x82 Output/ble_app_blinky_c_pca10056_s140 Release/Obj/nrf_memobj.o
 .text.nrf_memobj_pool_init
                0x0000000000027ba6        0x4 Output/ble_app_blinky_c_pca10056_s140 Release/Obj/nrf_memobj.o
                0x0000000000027ba6                nrf_memobj_pool_init
 .text.nrf_memobj_free
                0x0000000000027baa       0x2c Output/ble_app_blinky_c_pca10056_s140 Release/Obj/nrf_memobj.o
                0x0000000000027baa                nrf_memobj_free
 .text.nrf_memobj_alloc
                0x0000000000027bd6       0x5e Output/ble_app_blinky_c_pca10056_s140 Release/Obj/nrf_memobj.o
                0x0000000000027bd6                nrf_memobj_alloc
 .text.nrf_memobj_get
                0x0000000000027c34        0x8 Output/ble_app_blinky_c_pca10056_s140 Release/Obj/nrf_memobj.o
                0x0000000000027c34                nrf_memobj_get
 .text.nrf_memobj_put
                0x0000000000027c3c       0x1e Output/ble_app_blinky_c_pca10056_s140 Release/Obj/nrf_memobj.o
                0x0000000000027c3c                nrf_memobj_put
 .text.nrf_memobj_write
                0x0000000000027c5a       0x14 Output/ble_app_blinky_c_pca10056_s140 Release/Obj/nrf_memobj.o
                0x0000000000027c5a                nrf_memobj_write
 .text.nrf_memobj_read
                0x0000000000027c6e       0x14 Output/ble_app_blinky_c_pca10056_s140 Release/Obj/nrf_memobj.o
                0x0000000000027c6e                nrf_memobj_read
 .text.sd_app_evt_wait
                0x0000000000027c82        0x4 Output/ble_app_blinky_c_pca10056_s140 Release/Obj/nrf_pwr_mgmt.o
 *fill*         0x0000000000027c86        0x2 
 .text.nrf_pwr_mgmt_init
                0x0000000000027c88       0x2c Output/ble_app_blinky_c_pca10056_s140 Release/Obj/nrf_pwr_mgmt.o
                0x0000000000027c88                nrf_pwr_mgmt_init
 .text.nrf_pwr_mgmt_run
                0x0000000000027cb4       0x4c Output/ble_app_blinky_c_pca10056_s140 Release/Obj/nrf_pwr_mgmt.o
                0x0000000000027cb4                nrf_pwr_mgmt_run
 .text.nrf_ringbuf_init
                0x0000000000027d00       0x12 Output/ble_app_blinky_c_pca10056_s140 Release/Obj/nrf_ringbuf.o
                0x0000000000027d00                nrf_ringbuf_init
 .text.nrf_section_iter_init
                0x0000000000027d12       0x14 Output/ble_app_blinky_c_pca10056_s140 Release/Obj/nrf_section_iter.o
                0x0000000000027d12                nrf_section_iter_init
 .text.nrf_section_iter_next
                0x0000000000027d26       0x18 Output/ble_app_blinky_c_pca10056_s140 Release/Obj/nrf_section_iter.o
                0x0000000000027d26                nrf_section_iter_next
 *fill*         0x0000000000027d3e        0x2 
 .text.nrf_strerror_find
                0x0000000000027d40       0x3c Output/ble_app_blinky_c_pca10056_s140 Release/Obj/nrf_strerror.o
                0x0000000000027d40                nrf_strerror_find
 .text.nrf_strerror_get
                0x0000000000027d7c       0x14 Output/ble_app_blinky_c_pca10056_s140 Release/Obj/nrf_strerror.o
                0x0000000000027d7c                nrf_strerror_get
 .text.errata_98
                0x0000000000027d90       0x20 Output/ble_app_blinky_c_pca10056_s140 Release/Obj/system_nrf52840.o
 .text.SystemInit
                0x0000000000027db0      0x1b8 Output/ble_app_blinky_c_pca10056_s140 Release/Obj/system_nrf52840.o
                0x0000000000027db0                SystemInit
 .text.bsp_board_led_on
                0x0000000000027f68       0x28 Output/ble_app_blinky_c_pca10056_s140 Release/Obj/boards.o
                0x0000000000027f68                bsp_board_led_on
 .text.bsp_board_led_off
                0x0000000000027f90       0x28 Output/ble_app_blinky_c_pca10056_s140 Release/Obj/boards.o
                0x0000000000027f90                bsp_board_led_off
 .text.bsp_board_leds_off
                0x0000000000027fb8       0x1e Output/ble_app_blinky_c_pca10056_s140 Release/Obj/boards.o
                0x0000000000027fb8                bsp_board_leds_off
 .text.bsp_board_init
                0x0000000000027fd6       0x3e Output/ble_app_blinky_c_pca10056_s140 Release/Obj/boards.o
                0x0000000000027fd6                bsp_board_init
 .text.clock_clk_started_notify
                0x0000000000028014       0x24 Output/ble_app_blinky_c_pca10056_s140 Release/Obj/nrf_drv_clock.o
 .text.clock_irq_handler
                0x0000000000028038       0x1c Output/ble_app_blinky_c_pca10056_s140 Release/Obj/nrf_drv_clock.o
 .text.soc_evt_handler
                0x0000000000028054       0x14 Output/ble_app_blinky_c_pca10056_s140 Release/Obj/nrf_drv_clock.o
 .text.nrf_drv_clock_init
                0x0000000000028068       0x38 Output/ble_app_blinky_c_pca10056_s140 Release/Obj/nrf_drv_clock.o
                0x0000000000028068                nrf_drv_clock_init
 .text.nrf_drv_clock_lfclk_release
                0x00000000000280a0       0x34 Output/ble_app_blinky_c_pca10056_s140 Release/Obj/nrf_drv_clock.o
                0x00000000000280a0                nrf_drv_clock_lfclk_release
 .text.sd_state_evt_handler
                0x00000000000280d4       0x58 Output/ble_app_blinky_c_pca10056_s140 Release/Obj/nrf_drv_clock.o
 .text.uarte_evt_handler
                0x000000000002812c       0x34 Output/ble_app_blinky_c_pca10056_s140 Release/Obj/nrf_drv_uart.o
 .text.uart_evt_handler
                0x0000000000028160       0x34 Output/ble_app_blinky_c_pca10056_s140 Release/Obj/nrf_drv_uart.o
 .text.nrf_drv_uart_init
                0x0000000000028194       0x7c Output/ble_app_blinky_c_pca10056_s140 Release/Obj/nrf_drv_uart.o
                0x0000000000028194                nrf_drv_uart_init
 .text.nrfx_clock_init
                0x0000000000028210       0x18 Output/ble_app_blinky_c_pca10056_s140 Release/Obj/nrfx_clock.o
                0x0000000000028210                nrfx_clock_init
 .text.nrfx_clock_enable
                0x0000000000028228       0x24 Output/ble_app_blinky_c_pca10056_s140 Release/Obj/nrfx_clock.o
                0x0000000000028228                nrfx_clock_enable
 .text.nrfx_clock_lfclk_stop
                0x000000000002824c       0x18 Output/ble_app_blinky_c_pca10056_s140 Release/Obj/nrfx_clock.o
                0x000000000002824c                nrfx_clock_lfclk_stop
 .text.POWER_CLOCK_IRQHandler
                0x0000000000028264       0x64 Output/ble_app_blinky_c_pca10056_s140 Release/Obj/nrfx_clock.o
                0x0000000000028264                POWER_CLOCK_IRQHandler
 .text.nrf_gpiote_event_clear
                0x00000000000282c8       0x18 Output/ble_app_blinky_c_pca10056_s140 Release/Obj/nrfx_gpiote.o
 .text.nrf_gpio_pin_port_decode
                0x00000000000282e0       0x18 Output/ble_app_blinky_c_pca10056_s140 Release/Obj/nrfx_gpiote.o
 .text.nrf_gpio_cfg_sense_set
                0x00000000000282f8       0x2e Output/ble_app_blinky_c_pca10056_s140 Release/Obj/nrfx_gpiote.o
 *fill*         0x0000000000028326        0x2 
 .text.channel_free
                0x0000000000028328       0x1c Output/ble_app_blinky_c_pca10056_s140 Release/Obj/nrfx_gpiote.o
 .text.nrfx_gpiote_init
                0x0000000000028344       0x70 Output/ble_app_blinky_c_pca10056_s140 Release/Obj/nrfx_gpiote.o
                0x0000000000028344                nrfx_gpiote_init
 .text.nrfx_gpiote_is_init
                0x00000000000283b4       0x14 Output/ble_app_blinky_c_pca10056_s140 Release/Obj/nrfx_gpiote.o
                0x00000000000283b4                nrfx_gpiote_is_init
 .text.nrfx_gpiote_in_init
                0x00000000000283c8       0xf8 Output/ble_app_blinky_c_pca10056_s140 Release/Obj/nrfx_gpiote.o
                0x00000000000283c8                nrfx_gpiote_in_init
 .text.nrfx_gpiote_in_event_enable
                0x00000000000284c0       0x94 Output/ble_app_blinky_c_pca10056_s140 Release/Obj/nrfx_gpiote.o
                0x00000000000284c0                nrfx_gpiote_in_event_enable
 .text.nrfx_gpiote_in_is_set
                0x0000000000028554       0x1c Output/ble_app_blinky_c_pca10056_s140 Release/Obj/nrfx_gpiote.o
                0x0000000000028554                nrfx_gpiote_in_is_set
 .text.GPIOTE_IRQHandler
                0x0000000000028570      0x1ac Output/ble_app_blinky_c_pca10056_s140 Release/Obj/nrfx_gpiote.o
                0x0000000000028570                GPIOTE_IRQHandler
 .text.UARTE0_UART0_IRQHandler
                0x000000000002871c        0xc Output/ble_app_blinky_c_pca10056_s140 Release/Obj/nrfx_prs.o
                0x000000000002871c                UARTE0_UART0_IRQHandler
 .text.nrfx_prs_acquire
                0x0000000000028728       0x44 Output/ble_app_blinky_c_pca10056_s140 Release/Obj/nrfx_prs.o
                0x0000000000028728                nrfx_prs_acquire
 .text.nrfx_prs_release
                0x000000000002876c       0x18 Output/ble_app_blinky_c_pca10056_s140 Release/Obj/nrfx_prs.o
                0x000000000002876c                nrfx_prs_release
 .text.nrf_uart_event_clear
                0x0000000000028784       0x10 Output/ble_app_blinky_c_pca10056_s140 Release/Obj/nrfx_uart.o
 .text.tx_byte  0x0000000000028794       0x1e Output/ble_app_blinky_c_pca10056_s140 Release/Obj/nrfx_uart.o
 .text.rx_byte  0x00000000000287b2       0x2c Output/ble_app_blinky_c_pca10056_s140 Release/Obj/nrfx_uart.o
 *fill*         0x00000000000287de        0x2 
 .text.rx_done_event.constprop.7
                0x00000000000287e0       0x20 Output/ble_app_blinky_c_pca10056_s140 Release/Obj/nrfx_uart.o
 .text.nrfx_uart_0_irq_handler
                0x0000000000028800      0x13c Output/ble_app_blinky_c_pca10056_s140 Release/Obj/nrfx_uart.o
                0x0000000000028800                nrfx_uart_0_irq_handler
 .text.nrf_gpio_cfg_default
                0x000000000002893c       0x20 Output/ble_app_blinky_c_pca10056_s140 Release/Obj/nrfx_uart.o
 .text.nrfx_uart_init
                0x000000000002895c      0x1a8 Output/ble_app_blinky_c_pca10056_s140 Release/Obj/nrfx_uart.o
                0x000000000002895c                nrfx_uart_init
 .text.nrfx_uart_uninit
                0x0000000000028b04       0xac Output/ble_app_blinky_c_pca10056_s140 Release/Obj/nrfx_uart.o
                0x0000000000028b04                nrfx_uart_uninit
 .text.nrfx_uart_tx
                0x0000000000028bb0       0x94 Output/ble_app_blinky_c_pca10056_s140 Release/Obj/nrfx_uart.o
                0x0000000000028bb0                nrfx_uart_tx
 .text.nrf_uarte_event_clear
                0x0000000000028c44       0x10 Output/ble_app_blinky_c_pca10056_s140 Release/Obj/nrfx_uarte.o
 .text.rx_done_event.constprop.6
                0x0000000000028c54       0x20 Output/ble_app_blinky_c_pca10056_s140 Release/Obj/nrfx_uarte.o
 .text.nrfx_uarte_0_irq_handler
                0x0000000000028c74       0xe8 Output/ble_app_blinky_c_pca10056_s140 Release/Obj/nrfx_uarte.o
                0x0000000000028c74                nrfx_uarte_0_irq_handler
 .text.nrf_gpio_cfg_default
                0x0000000000028d5c       0x20 Output/ble_app_blinky_c_pca10056_s140 Release/Obj/nrfx_uarte.o
 .text.nrfx_uarte_init
                0x0000000000028d7c      0x1b8 Output/ble_app_blinky_c_pca10056_s140 Release/Obj/nrfx_uarte.o
                0x0000000000028d7c                nrfx_uarte_init
 .text.nrfx_uarte_uninit
                0x0000000000028f34       0xac Output/ble_app_blinky_c_pca10056_s140 Release/Obj/nrfx_uarte.o
                0x0000000000028f34                nrfx_uarte_uninit
 .text.nrfx_uarte_tx
                0x0000000000028fe0       0x88 Output/ble_app_blinky_c_pca10056_s140 Release/Obj/nrfx_uarte.o
                0x0000000000028fe0                nrfx_uarte_tx
 .text.bsp_event_to_button_action_assign
                0x0000000000029068       0x4c Output/ble_app_blinky_c_pca10056_s140 Release/Obj/bsp.o
                0x0000000000029068                bsp_event_to_button_action_assign
 .text.advertising_buttons_configure
                0x00000000000290b4       0x36 Output/ble_app_blinky_c_pca10056_s140 Release/Obj/bsp_btn_ble.o
 *fill*         0x00000000000290ea        0x2 
 .text.ble_evt_handler
                0x00000000000290ec       0x80 Output/ble_app_blinky_c_pca10056_s140 Release/Obj/bsp_btn_ble.o
 .text.sd_ble_gap_conn_param_update
                0x000000000002916c        0x4 Output/ble_app_blinky_c_pca10056_s140 Release/Obj/main.o
 .text.sd_ble_gap_disconnect
                0x0000000000029170        0x4 Output/ble_app_blinky_c_pca10056_s140 Release/Obj/main.o
 .text.sd_ble_gap_phy_update
                0x0000000000029174        0x4 Output/ble_app_blinky_c_pca10056_s140 Release/Obj/main.o
 .text.db_disc_handler
                0x0000000000029178        0xc Output/ble_app_blinky_c_pca10056_s140 Release/Obj/main.o
 .text.scan_start
                0x0000000000029184       0x24 Output/ble_app_blinky_c_pca10056_s140 Release/Obj/main.o
 .text.ble_evt_handler
                0x00000000000291a8       0xc4 Output/ble_app_blinky_c_pca10056_s140 Release/Obj/main.o
 .text.scan_evt_handler
                0x000000000002926c       0x10 Output/ble_app_blinky_c_pca10056_s140 Release/Obj/main.o
 .text.button_event_handler
                0x000000000002927c       0x50 Output/ble_app_blinky_c_pca10056_s140 Release/Obj/main.o
 .text.lbs_c_evt_handler
                0x00000000000292cc       0x90 Output/ble_app_blinky_c_pca10056_s140 Release/Obj/main.o
 .text.startup.main
                0x000000000002935c      0x134 Output/ble_app_blinky_c_pca10056_s140 Release/Obj/main.o
                0x000000000002935c                main
 .text.ble_advdata_search
                0x0000000000029490       0x38 Output/ble_app_blinky_c_pca10056_s140 Release/Obj/ble_advdata.o
                0x0000000000029490                ble_advdata_search
 .text.ble_advdata_name_find
                0x00000000000294c8       0x48 Output/ble_app_blinky_c_pca10056_s140 Release/Obj/ble_advdata.o
                0x00000000000294c8                ble_advdata_name_find
 .text.conn_handle_list_get
                0x0000000000029510       0x2e Output/ble_app_blinky_c_pca10056_s140 Release/Obj/ble_conn_state.o
                0x0000000000029510                conn_handle_list_get
 *fill*         0x000000000002953e        0x2 
 .text.ble_evt_handler
                0x0000000000029540       0xd0 Output/ble_app_blinky_c_pca10056_s140 Release/Obj/ble_conn_state.o
 .text.sd_ble_gattc_primary_services_discover
                0x0000000000029610        0x4 Output/ble_app_blinky_c_pca10056_s140 Release/Obj/ble_db_discovery.o
 .text.sd_ble_gattc_characteristics_discover
                0x0000000000029614        0x4 Output/ble_app_blinky_c_pca10056_s140 Release/Obj/ble_db_discovery.o
 .text.sd_ble_gattc_descriptors_discover
                0x0000000000029618        0x4 Output/ble_app_blinky_c_pca10056_s140 Release/Obj/ble_db_discovery.o
 .text.registered_handler_get
                0x000000000002961c       0x3c Output/ble_app_blinky_c_pca10056_s140 Release/Obj/ble_db_discovery.o
 .text.discovery_error_evt_trigger
                0x0000000000029658       0x38 Output/ble_app_blinky_c_pca10056_s140 Release/Obj/ble_db_discovery.o
 .text.discovery_complete_evt_trigger
                0x0000000000029690       0x90 Output/ble_app_blinky_c_pca10056_s140 Release/Obj/ble_db_discovery.o
 .text.characteristics_discover
                0x0000000000029720       0x4a Output/ble_app_blinky_c_pca10056_s140 Release/Obj/ble_db_discovery.o
 *fill*         0x000000000002976a        0x2 
 .text.discovery_start
                0x000000000002976c       0x60 Output/ble_app_blinky_c_pca10056_s140 Release/Obj/ble_db_discovery.o
 .text.on_srv_disc_completion
                0x00000000000297cc       0x74 Output/ble_app_blinky_c_pca10056_s140 Release/Obj/ble_db_discovery.o
 .text.descriptors_discover
                0x0000000000029840       0xb2 Output/ble_app_blinky_c_pca10056_s140 Release/Obj/ble_db_discovery.o
 *fill*         0x00000000000298f2        0x2 
 .text.ble_db_discovery_init
                0x00000000000298f4       0x30 Output/ble_app_blinky_c_pca10056_s140 Release/Obj/ble_db_discovery.o
                0x00000000000298f4                ble_db_discovery_init
 .text.ble_db_discovery_evt_register
                0x0000000000029924       0x44 Output/ble_app_blinky_c_pca10056_s140 Release/Obj/ble_db_discovery.o
                0x0000000000029924                ble_db_discovery_evt_register
 .text.ble_db_discovery_start
                0x0000000000029968       0x2c Output/ble_app_blinky_c_pca10056_s140 Release/Obj/ble_db_discovery.o
                0x0000000000029968                ble_db_discovery_start
 .text.ble_db_discovery_on_ble_evt
                0x0000000000029994      0x284 Output/ble_app_blinky_c_pca10056_s140 Release/Obj/ble_db_discovery.o
                0x0000000000029994                ble_db_discovery_on_ble_evt
 .text.sd_ble_gap_data_length_update
                0x0000000000029c18        0x4 Output/ble_app_blinky_c_pca10056_s140 Release/Obj/nrf_ble_gatt.o
 .text.sd_ble_gattc_exchange_mtu_request
                0x0000000000029c1c        0x4 Output/ble_app_blinky_c_pca10056_s140 Release/Obj/nrf_ble_gatt.o
 .text.sd_ble_gatts_exchange_mtu_reply
                0x0000000000029c20        0x4 Output/ble_app_blinky_c_pca10056_s140 Release/Obj/nrf_ble_gatt.o
 .text.data_length_update
                0x0000000000029c24       0x80 Output/ble_app_blinky_c_pca10056_s140 Release/Obj/nrf_ble_gatt.o
 .text.nrf_ble_gatt_init
                0x0000000000029ca4       0x26 Output/ble_app_blinky_c_pca10056_s140 Release/Obj/nrf_ble_gatt.o
                0x0000000000029ca4                nrf_ble_gatt_init
 *fill*         0x0000000000029cca        0x2 
 .text.nrf_ble_gatt_on_ble_evt
                0x0000000000029ccc      0x198 Output/ble_app_blinky_c_pca10056_s140 Release/Obj/nrf_ble_gatt.o
                0x0000000000029ccc                nrf_ble_gatt_on_ble_evt
 .text.sd_ble_gap_scan_start
                0x0000000000029e64        0x4 Output/ble_app_blinky_c_pca10056_s140 Release/Obj/nrf_ble_scan.o
 .text.sd_ble_gap_scan_stop
                0x0000000000029e68        0x4 Output/ble_app_blinky_c_pca10056_s140 Release/Obj/nrf_ble_scan.o
 .text.sd_ble_gap_connect
                0x0000000000029e6c        0x4 Output/ble_app_blinky_c_pca10056_s140 Release/Obj/nrf_ble_scan.o
 .text.nrf_ble_scan_connect_with_target
                0x0000000000029e70       0x46 Output/ble_app_blinky_c_pca10056_s140 Release/Obj/nrf_ble_scan.o
 .text.nrf_ble_scan_filter_set
                0x0000000000029eb6       0x5c Output/ble_app_blinky_c_pca10056_s140 Release/Obj/nrf_ble_scan.o
                0x0000000000029eb6                nrf_ble_scan_filter_set
 .text.nrf_ble_scan_filters_enable
                0x0000000000029f12       0x26 Output/ble_app_blinky_c_pca10056_s140 Release/Obj/nrf_ble_scan.o
                0x0000000000029f12                nrf_ble_scan_filters_enable
 .text.is_whitelist_used
                0x0000000000029f38        0xa Output/ble_app_blinky_c_pca10056_s140 Release/Obj/nrf_ble_scan.o
                0x0000000000029f38                is_whitelist_used
 *fill*         0x0000000000029f42        0x2 
 .text.nrf_ble_scan_init
                0x0000000000029f44       0xa0 Output/ble_app_blinky_c_pca10056_s140 Release/Obj/nrf_ble_scan.o
                0x0000000000029f44                nrf_ble_scan_init
 .text.nrf_ble_scan_start
                0x0000000000029fe4       0x6c Output/ble_app_blinky_c_pca10056_s140 Release/Obj/nrf_ble_scan.o
                0x0000000000029fe4                nrf_ble_scan_start
 .text.nrf_ble_scan_on_ble_evt
                0x000000000002a050      0x172 Output/ble_app_blinky_c_pca10056_s140 Release/Obj/nrf_ble_scan.o
                0x000000000002a050                nrf_ble_scan_on_ble_evt
 .text.sd_ble_gattc_read
                0x000000000002a1c2        0x4 Output/ble_app_blinky_c_pca10056_s140 Release/Obj/ble_lbs_c.o
 .text.sd_ble_gattc_write
                0x000000000002a1c6        0x4 Output/ble_app_blinky_c_pca10056_s140 Release/Obj/ble_lbs_c.o
 .text.sd_ble_uuid_vs_add
                0x000000000002a1ca        0x4 Output/ble_app_blinky_c_pca10056_s140 Release/Obj/ble_lbs_c.o
 *fill*         0x000000000002a1ce        0x2 
 .text.tx_buffer_process
                0x000000000002a1d0       0x44 Output/ble_app_blinky_c_pca10056_s140 Release/Obj/ble_lbs_c.o
 .text.ble_lbs_on_db_disc_evt
                0x000000000002a214       0xb0 Output/ble_app_blinky_c_pca10056_s140 Release/Obj/ble_lbs_c.o
                0x000000000002a214                ble_lbs_on_db_disc_evt
 .text.ble_lbs_c_init
                0x000000000002a2c4       0x64 Output/ble_app_blinky_c_pca10056_s140 Release/Obj/ble_lbs_c.o
                0x000000000002a2c4                ble_lbs_c_init
 .text.ble_lbs_c_on_ble_evt
                0x000000000002a328       0x6a Output/ble_app_blinky_c_pca10056_s140 Release/Obj/ble_lbs_c.o
                0x000000000002a328                ble_lbs_c_on_ble_evt
 *fill*         0x000000000002a392        0x2 
 .text.ble_lbs_c_button_notif_enable
                0x000000000002a394       0x58 Output/ble_app_blinky_c_pca10056_s140 Release/Obj/ble_lbs_c.o
                0x000000000002a394                ble_lbs_c_button_notif_enable
 .text.ble_lbs_led_status_send
                0x000000000002a3ec       0x58 Output/ble_app_blinky_c_pca10056_s140 Release/Obj/ble_lbs_c.o
                0x000000000002a3ec                ble_lbs_led_status_send
 .text.ble_lbs_c_handles_assign
                0x000000000002a444       0x18 Output/ble_app_blinky_c_pca10056_s140 Release/Obj/ble_lbs_c.o
                0x000000000002a444                ble_lbs_c_handles_assign
 .text.sd_softdevice_enable
                0x000000000002a45c        0x4 Output/ble_app_blinky_c_pca10056_s140 Release/Obj/nrf_sdh.o
 .text.sdh_request_observer_notify
                0x000000000002a460       0x30 Output/ble_app_blinky_c_pca10056_s140 Release/Obj/nrf_sdh.o
 .text.sdh_state_observer_notify
                0x000000000002a490       0x28 Output/ble_app_blinky_c_pca10056_s140 Release/Obj/nrf_sdh.o
 .text.softdevices_evt_irq_enable
                0x000000000002a4b8       0x38 Output/ble_app_blinky_c_pca10056_s140 Release/Obj/nrf_sdh.o
 .text.nrf_sdh_enable_request
                0x000000000002a4f0       0x7c Output/ble_app_blinky_c_pca10056_s140 Release/Obj/nrf_sdh.o
                0x000000000002a4f0                nrf_sdh_enable_request
 .text.nrf_sdh_is_enabled
                0x000000000002a56c        0xc Output/ble_app_blinky_c_pca10056_s140 Release/Obj/nrf_sdh.o
                0x000000000002a56c                nrf_sdh_is_enabled
 .text.nrf_sdh_evts_poll
                0x000000000002a578       0x28 Output/ble_app_blinky_c_pca10056_s140 Release/Obj/nrf_sdh.o
                0x000000000002a578                nrf_sdh_evts_poll
 .text.SWI2_EGU2_IRQHandler
                0x000000000002a5a0        0x4 Output/ble_app_blinky_c_pca10056_s140 Release/Obj/nrf_sdh.o
                0x000000000002a5a0                SWI2_EGU2_IRQHandler
 .text.sd_ble_enable
                0x000000000002a5a4        0x4 Output/ble_app_blinky_c_pca10056_s140 Release/Obj/nrf_sdh_ble.o
 .text.sd_ble_cfg_set
                0x000000000002a5a8        0x4 Output/ble_app_blinky_c_pca10056_s140 Release/Obj/nrf_sdh_ble.o
 .text.sd_ble_evt_get
                0x000000000002a5ac        0x4 Output/ble_app_blinky_c_pca10056_s140 Release/Obj/nrf_sdh_ble.o
 .text.nrf_sdh_ble_evts_poll
                0x000000000002a5b0       0x50 Output/ble_app_blinky_c_pca10056_s140 Release/Obj/nrf_sdh_ble.o
 .text.nrf_sdh_ble_default_cfg_set
                0x000000000002a600      0x160 Output/ble_app_blinky_c_pca10056_s140 Release/Obj/nrf_sdh_ble.o
                0x000000000002a600                nrf_sdh_ble_default_cfg_set
 .text.nrf_sdh_ble_enable
                0x000000000002a760       0x94 Output/ble_app_blinky_c_pca10056_s140 Release/Obj/nrf_sdh_ble.o
                0x000000000002a760                nrf_sdh_ble_enable
 .text.sd_evt_get
                0x000000000002a7f4        0x4 Output/ble_app_blinky_c_pca10056_s140 Release/Obj/nrf_sdh_soc.o
 .text.nrf_sdh_soc_evts_poll
                0x000000000002a7f8       0x3c Output/ble_app_blinky_c_pca10056_s140 Release/Obj/nrf_sdh_soc.o
 .text.libc.__RAL_ascii_isctype
                0x000000000002a834       0x1c /Applications/SEGGER Embedded Studio for ARM 4.16/lib/libc_v7em_fpv4_sp_d16_hard_t_le_eabi.a(libc2.o)
 .text.libc.__RAL_ascii_toupper
                0x000000000002a850        0xc /Applications/SEGGER Embedded Studio for ARM 4.16/lib/libc_v7em_fpv4_sp_d16_hard_t_le_eabi.a(libc2.o)
 .text.libc.__RAL_ascii_tolower
                0x000000000002a85c        0xc /Applications/SEGGER Embedded Studio for ARM 4.16/lib/libc_v7em_fpv4_sp_d16_hard_t_le_eabi.a(libc2.o)
 .text.libc.__RAL_ascii_iswctype
                0x000000000002a868       0x1c /Applications/SEGGER Embedded Studio for ARM 4.16/lib/libc_v7em_fpv4_sp_d16_hard_t_le_eabi.a(libc2.o)
 .text.libc.__RAL_ascii_towupper
                0x000000000002a884        0xc /Applications/SEGGER Embedded Studio for ARM 4.16/lib/libc_v7em_fpv4_sp_d16_hard_t_le_eabi.a(libc2.o)
 .text.libc.__RAL_ascii_towlower
                0x000000000002a890        0xc /Applications/SEGGER Embedded Studio for ARM 4.16/lib/libc_v7em_fpv4_sp_d16_hard_t_le_eabi.a(libc2.o)
 .text.libc.__RAL_ascii_wctomb
                0x000000000002a89c        0xe /Applications/SEGGER Embedded Studio for ARM 4.16/lib/libc_v7em_fpv4_sp_d16_hard_t_le_eabi.a(libc2.o)
                0x000000000002a89c                __RAL_ascii_wctomb
 .text.libc.__RAL_ascii_mbtowc
                0x000000000002a8aa       0x24 /Applications/SEGGER Embedded Studio for ARM 4.16/lib/libc_v7em_fpv4_sp_d16_hard_t_le_eabi.a(libc2.o)
                0x000000000002a8aa                __RAL_ascii_mbtowc
 *fill*         0x000000000002a8ce        0x2 
 .text.libc.__RAL_isctype
                0x000000000002a8d0       0x14 /Applications/SEGGER Embedded Studio for ARM 4.16/lib/libc_v7em_fpv4_sp_d16_hard_t_le_eabi.a(libc2.o)
                0x000000000002a8d0                __RAL_isctype
 .text.libc.isprint
                0x000000000002a8e4        0xa /Applications/SEGGER Embedded Studio for ARM 4.16/lib/libc_v7em_fpv4_sp_d16_hard_t_le_eabi.a(libc2.o)
                0x000000000002a8e4                isprint
 .text.libc.memcmp
                0x000000000002a8ee       0x76 /Applications/SEGGER Embedded Studio for ARM 4.16/lib/libc_v7em_fpv4_sp_d16_hard_t_le_eabi.a(libc2.o)
                0x000000000002a8ee                memcmp
 .text.libc.memcpy
                0x000000000002a964       0x52 /Applications/SEGGER Embedded Studio for ARM 4.16/lib/libc_v7em_fpv4_sp_d16_hard_t_le_eabi.a(libc2_asm.o)
                0x000000000002a964                memcpy
                0x000000000002a964                __aeabi_memcpy
                0x000000000002a970                __aeabi_memcpy4
                0x000000000002a970                __aeabi_memcpy8
 .text.libc.memset
                0x000000000002a9b6       0x66 /Applications/SEGGER Embedded Studio for ARM 4.16/lib/libc_v7em_fpv4_sp_d16_hard_t_le_eabi.a(libc2_asm.o)
                0x000000000002a9b6                memset
 .text.libc.strcmp
                0x000000000002aa1c       0x4e /Applications/SEGGER Embedded Studio for ARM 4.16/lib/libc_v7em_fpv4_sp_d16_hard_t_le_eabi.a(libc2_asm.o)
                0x000000000002aa1c                strcmp
 .text.libc.strlen
                0x000000000002aa6a       0x60 /Applications/SEGGER Embedded Studio for ARM 4.16/lib/libc_v7em_fpv4_sp_d16_hard_t_le_eabi.a(libc2_asm.o)
                0x000000000002aa6a                strlen
                0x000000000002aaca                __text_end__ = (__text_start__ + SIZEOF (.text))
                0x00000000000046f6                __text_size__ = SIZEOF (.text)
                0x000000000002aaca                __text_load_end__ = __text_end__

.vfp11_veneer   0x0000000100000000        0x0
 .vfp11_veneer  0x0000000100000000        0x0 linker stubs

.v4_bx          0x0000000100000000        0x0
 .v4_bx         0x0000000100000000        0x0 linker stubs

.iplt           0x0000000100000000        0x0
 .iplt          0x0000000100000000        0x0 Output/ble_app_blinky_c_pca10056_s140 Release/Obj/thumb_crt0.o
                0x0000000000000001                . = ASSERT (((__text_start__ == __text_end__) || ((__text_end__ - __FLASH_segment_start__) <= __FLASH_segment_size__)), error: .text is too large to fit in FLASH memory segment)
                0x000000000002aacc                __sdh_soc_observers_load_start__ = ALIGN (__text_end__, 0x4)

.sdh_soc_observers
                0x000000000002aacc        0x8
                0x000000000002aacc                __sdh_soc_observers_start__ = .
                0x000000000002aacc                __start_sdh_soc_observers = __sdh_soc_observers_start__
 *(SORT_BY_NAME(.sdh_soc_observers*))
 .sdh_soc_observers0
                0x000000000002aacc        0x8 Output/ble_app_blinky_c_pca10056_s140 Release/Obj/nrf_drv_clock.o
                0x000000000002aad4                __sdh_soc_observers_end__ = (__sdh_soc_observers_start__ + SIZEOF (.sdh_soc_observers))
                0x0000000000000008                __sdh_soc_observers_size__ = SIZEOF (.sdh_soc_observers)
                0x000000000002aad4                __stop_sdh_soc_observers = __sdh_soc_observers_end__
                0x000000000002aad4                __sdh_soc_observers_load_end__ = __sdh_soc_observers_end__
                0x0000000000000001                . = ASSERT (((__sdh_soc_observers_start__ == __sdh_soc_observers_end__) || ((__sdh_soc_observers_end__ - __FLASH_segment_start__) <= __FLASH_segment_size__)), error: .sdh_soc_observers is too large to fit in FLASH memory segment)
                0x000000000002aad4                __sdh_ble_observers_load_start__ = ALIGN (__sdh_soc_observers_end__, 0x4)

.sdh_ble_observers
                0x000000000002aad4       0x38
                0x000000000002aad4                __sdh_ble_observers_start__ = .
                0x000000000002aad4                __start_sdh_ble_observers = __sdh_ble_observers_start__
 *(SORT_BY_NAME(.sdh_ble_observers*))
 .sdh_ble_observers0
                0x000000000002aad4        0x8 Output/ble_app_blinky_c_pca10056_s140 Release/Obj/ble_conn_state.o
 .sdh_ble_observers1
                0x000000000002aadc        0x8 Output/ble_app_blinky_c_pca10056_s140 Release/Obj/bsp_btn_ble.o
 .sdh_ble_observers1
                0x000000000002aae4       0x18 Output/ble_app_blinky_c_pca10056_s140 Release/Obj/main.o
 .sdh_ble_observers2
                0x000000000002aafc        0x8 Output/ble_app_blinky_c_pca10056_s140 Release/Obj/main.o
 .sdh_ble_observers3
                0x000000000002ab04        0x8 Output/ble_app_blinky_c_pca10056_s140 Release/Obj/main.o
                0x000000000002ab0c                __sdh_ble_observers_end__ = (__sdh_ble_observers_start__ + SIZEOF (.sdh_ble_observers))
                0x0000000000000038                __sdh_ble_observers_size__ = SIZEOF (.sdh_ble_observers)
                0x000000000002ab0c                __stop_sdh_ble_observers = __sdh_ble_observers_end__
                0x000000000002ab0c                __sdh_ble_observers_load_end__ = __sdh_ble_observers_end__
                0x0000000000000001                . = ASSERT (((__sdh_ble_observers_start__ == __sdh_ble_observers_end__) || ((__sdh_ble_observers_end__ - __FLASH_segment_start__) <= __FLASH_segment_size__)), error: .sdh_ble_observers is too large to fit in FLASH memory segment)
                0x000000000002ab0c                __pwr_mgmt_data_load_start__ = ALIGN (__sdh_ble_observers_end__, 0x4)

.pwr_mgmt_data  0x000000000002ab0c        0x0
                0x000000000002ab0c                __pwr_mgmt_data_start__ = .
                0x000000000002ab0c                __start_pwr_mgmt_data = __pwr_mgmt_data_start__
 *(SORT_BY_NAME(.pwr_mgmt_data*))
                0x000000000002ab0c                __pwr_mgmt_data_end__ = (__pwr_mgmt_data_start__ + SIZEOF (.pwr_mgmt_data))
                0x0000000000000000                __pwr_mgmt_data_size__ = SIZEOF (.pwr_mgmt_data)
                0x000000000002ab0c                __stop_pwr_mgmt_data = __pwr_mgmt_data_end__
                0x000000000002ab0c                __pwr_mgmt_data_load_end__ = __pwr_mgmt_data_end__
                0x0000000000000001                . = ASSERT (((__pwr_mgmt_data_start__ == __pwr_mgmt_data_end__) || ((__pwr_mgmt_data_end__ - __FLASH_segment_start__) <= __FLASH_segment_size__)), error: .pwr_mgmt_data is too large to fit in FLASH memory segment)
                0x000000000002ab0c                __log_const_data_load_start__ = ALIGN (__pwr_mgmt_data_end__, 0x4)

.log_const_data
                0x000000000002ab0c       0x78
                0x000000000002ab0c                __log_const_data_start__ = .
                0x000000000002ab0c                __start_log_const_data = __log_const_data_start__
 *(SORT_BY_NAME(.log_const_data*))
 .log_const_data_CLOCK
                0x000000000002ab0c        0x8 Output/ble_app_blinky_c_pca10056_s140 Release/Obj/nrfx_clock.o
                0x000000000002ab0c                m_nrf_log_CLOCK_logs_data_const
 .log_const_data_GPIOTE
                0x000000000002ab14        0x8 Output/ble_app_blinky_c_pca10056_s140 Release/Obj/nrfx_gpiote.o
                0x000000000002ab14                m_nrf_log_GPIOTE_logs_data_const
 .log_const_data_PRS
                0x000000000002ab1c        0x8 Output/ble_app_blinky_c_pca10056_s140 Release/Obj/nrfx_prs.o
                0x000000000002ab1c                m_nrf_log_PRS_logs_data_const
 .log_const_data_UART
                0x000000000002ab24        0x8 Output/ble_app_blinky_c_pca10056_s140 Release/Obj/nrfx_uart.o
                0x000000000002ab24                m_nrf_log_UART_logs_data_const
 .log_const_data_UARTE
                0x000000000002ab2c        0x8 Output/ble_app_blinky_c_pca10056_s140 Release/Obj/nrfx_uarte.o
                0x000000000002ab2c                m_nrf_log_UARTE_logs_data_const
 .log_const_data_app
                0x000000000002ab34        0x8 Output/ble_app_blinky_c_pca10056_s140 Release/Obj/nrf_log_frontend.o
                0x000000000002ab34                m_nrf_log_app_logs_data_const
 .log_const_data_ble_db_disc
                0x000000000002ab3c        0x8 Output/ble_app_blinky_c_pca10056_s140 Release/Obj/ble_db_discovery.o
                0x000000000002ab3c                m_nrf_log_ble_db_disc_logs_data_const
 .log_const_data_ble_lbs_c
                0x000000000002ab44        0x8 Output/ble_app_blinky_c_pca10056_s140 Release/Obj/ble_lbs_c.o
                0x000000000002ab44                m_nrf_log_ble_lbs_c_logs_data_const
 .log_const_data_ble_scan
                0x000000000002ab4c        0x8 Output/ble_app_blinky_c_pca10056_s140 Release/Obj/nrf_ble_scan.o
                0x000000000002ab4c                m_nrf_log_ble_scan_logs_data_const
 .log_const_data_clock
                0x000000000002ab54        0x8 Output/ble_app_blinky_c_pca10056_s140 Release/Obj/nrf_drv_clock.o
                0x000000000002ab54                m_nrf_log_clock_logs_data_const
 .log_const_data_nrf_ble_gatt
                0x000000000002ab5c        0x8 Output/ble_app_blinky_c_pca10056_s140 Release/Obj/nrf_ble_gatt.o
                0x000000000002ab5c                m_nrf_log_nrf_ble_gatt_logs_data_const
 .log_const_data_nrf_sdh
                0x000000000002ab64        0x8 Output/ble_app_blinky_c_pca10056_s140 Release/Obj/nrf_sdh.o
                0x000000000002ab64                m_nrf_log_nrf_sdh_logs_data_const
 .log_const_data_nrf_sdh_ble
                0x000000000002ab6c        0x8 Output/ble_app_blinky_c_pca10056_s140 Release/Obj/nrf_sdh_ble.o
                0x000000000002ab6c                m_nrf_log_nrf_sdh_ble_logs_data_const
 .log_const_data_nrf_sdh_soc
                0x000000000002ab74        0x8 Output/ble_app_blinky_c_pca10056_s140 Release/Obj/nrf_sdh_soc.o
                0x000000000002ab74                m_nrf_log_nrf_sdh_soc_logs_data_const
 .log_const_data_pwr_mgmt
                0x000000000002ab7c        0x8 Output/ble_app_blinky_c_pca10056_s140 Release/Obj/nrf_pwr_mgmt.o
                0x000000000002ab7c                m_nrf_log_pwr_mgmt_logs_data_const
                0x000000000002ab84                __log_const_data_end__ = (__log_const_data_start__ + SIZEOF (.log_const_data))
                0x0000000000000078                __log_const_data_size__ = SIZEOF (.log_const_data)
                0x000000000002ab84                __stop_log_const_data = __log_const_data_end__
                0x000000000002ab84                __log_const_data_load_end__ = __log_const_data_end__
                0x0000000000000001                . = ASSERT (((__log_const_data_start__ == __log_const_data_end__) || ((__log_const_data_end__ - __FLASH_segment_start__) <= __FLASH_segment_size__)), error: .log_const_data is too large to fit in FLASH memory segment)
                0x000000000002ab84                __nrf_balloc_load_start__ = ALIGN (__log_const_data_end__, 0x4)

.nrf_balloc     0x000000000002ab84       0x14
                0x000000000002ab84                __nrf_balloc_start__ = .
                0x000000000002ab84                __start_nrf_balloc = __nrf_balloc_start__
 *(.nrf_balloc*)
 .nrf_balloc    0x000000000002ab84       0x14 Output/ble_app_blinky_c_pca10056_s140 Release/Obj/nrf_log_frontend.o
                0x000000000002ab84                log_mempool
                0x000000000002ab98                __nrf_balloc_end__ = (__nrf_balloc_start__ + SIZEOF (.nrf_balloc))
                0x0000000000000014                __nrf_balloc_size__ = SIZEOF (.nrf_balloc)
                0x000000000002ab98                __stop_nrf_balloc = __nrf_balloc_end__
                0x000000000002ab98                __nrf_balloc_load_end__ = __nrf_balloc_end__
                0x0000000000000001                . = ASSERT (((__nrf_balloc_start__ == __nrf_balloc_end__) || ((__nrf_balloc_end__ - __FLASH_segment_start__) <= __FLASH_segment_size__)), error: .nrf_balloc is too large to fit in FLASH memory segment)
                0x000000000002ab98                __sdh_req_observers_load_start__ = ALIGN (__nrf_balloc_end__, 0x4)

.sdh_req_observers
                0x000000000002ab98        0x0
                0x000000000002ab98                __sdh_req_observers_start__ = .
                0x000000000002ab98                __start_sdh_req_observers = __sdh_req_observers_start__
 *(SORT_BY_NAME(.sdh_req_observers*))
                0x000000000002ab98                __sdh_req_observers_end__ = (__sdh_req_observers_start__ + SIZEOF (.sdh_req_observers))
                0x0000000000000000                __sdh_req_observers_size__ = SIZEOF (.sdh_req_observers)
                0x000000000002ab98                __stop_sdh_req_observers = __sdh_req_observers_end__
                0x000000000002ab98                __sdh_req_observers_load_end__ = __sdh_req_observers_end__
                0x0000000000000001                . = ASSERT (((__sdh_req_observers_start__ == __sdh_req_observers_end__) || ((__sdh_req_observers_end__ - __FLASH_segment_start__) <= __FLASH_segment_size__)), error: .sdh_req_observers is too large to fit in FLASH memory segment)
                0x000000000002ab98                __sdh_state_observers_load_start__ = ALIGN (__sdh_req_observers_end__, 0x4)

.sdh_state_observers
                0x000000000002ab98        0x8
                0x000000000002ab98                __sdh_state_observers_start__ = .
                0x000000000002ab98                __start_sdh_state_observers = __sdh_state_observers_start__
 *(SORT_BY_NAME(.sdh_state_observers*))
 .sdh_state_observers0
                0x000000000002ab98        0x8 Output/ble_app_blinky_c_pca10056_s140 Release/Obj/nrf_drv_clock.o
                0x000000000002aba0                __sdh_state_observers_end__ = (__sdh_state_observers_start__ + SIZEOF (.sdh_state_observers))
                0x0000000000000008                __sdh_state_observers_size__ = SIZEOF (.sdh_state_observers)
                0x000000000002aba0                __stop_sdh_state_observers = __sdh_state_observers_end__
                0x000000000002aba0                __sdh_state_observers_load_end__ = __sdh_state_observers_end__
                0x0000000000000001                . = ASSERT (((__sdh_state_observers_start__ == __sdh_state_observers_end__) || ((__sdh_state_observers_end__ - __FLASH_segment_start__) <= __FLASH_segment_size__)), error: .sdh_state_observers is too large to fit in FLASH memory segment)
                0x000000000002aba0                __sdh_stack_observers_load_start__ = ALIGN (__sdh_state_observers_end__, 0x4)

.sdh_stack_observers
                0x000000000002aba0       0x10
                0x000000000002aba0                __sdh_stack_observers_start__ = .
                0x000000000002aba0                __start_sdh_stack_observers = __sdh_stack_observers_start__
 *(SORT_BY_NAME(.sdh_stack_observers*))
 .sdh_stack_observers0
                0x000000000002aba0        0x8 Output/ble_app_blinky_c_pca10056_s140 Release/Obj/nrf_sdh_ble.o
 .sdh_stack_observers0
                0x000000000002aba8        0x8 Output/ble_app_blinky_c_pca10056_s140 Release/Obj/nrf_sdh_soc.o
                0x000000000002abb0                __sdh_stack_observers_end__ = (__sdh_stack_observers_start__ + SIZEOF (.sdh_stack_observers))
                0x0000000000000010                __sdh_stack_observers_size__ = SIZEOF (.sdh_stack_observers)
                0x000000000002abb0                __stop_sdh_stack_observers = __sdh_stack_observers_end__
                0x000000000002abb0                __sdh_stack_observers_load_end__ = __sdh_stack_observers_end__
                0x0000000000000001                . = ASSERT (((__sdh_stack_observers_start__ == __sdh_stack_observers_end__) || ((__sdh_stack_observers_end__ - __FLASH_segment_start__) <= __FLASH_segment_size__)), error: .sdh_stack_observers is too large to fit in FLASH memory segment)
                0x000000000002abb0                __nrf_queue_load_start__ = ALIGN (__sdh_stack_observers_end__, 0x4)

.nrf_queue      0x000000000002abb0        0x0
                0x000000000002abb0                __nrf_queue_start__ = .
                0x000000000002abb0                __start_nrf_queue = __nrf_queue_start__
 *(.nrf_queue*)
                0x000000000002abb0                __nrf_queue_end__ = (__nrf_queue_start__ + SIZEOF (.nrf_queue))
                0x0000000000000000                __nrf_queue_size__ = SIZEOF (.nrf_queue)
                0x000000000002abb0                __stop_nrf_queue = __nrf_queue_end__
                0x000000000002abb0                __nrf_queue_load_end__ = __nrf_queue_end__
                0x0000000000000001                . = ASSERT (((__nrf_queue_start__ == __nrf_queue_end__) || ((__nrf_queue_end__ - __FLASH_segment_start__) <= __FLASH_segment_size__)), error: .nrf_queue is too large to fit in FLASH memory segment)
                0x000000000002abb0                __cli_command_load_start__ = ALIGN (__nrf_queue_end__, 0x4)

.cli_command    0x000000000002abb0        0x0
                0x000000000002abb0                __cli_command_start__ = .
                0x000000000002abb0                __start_cli_command = __cli_command_start__
 *(.cli_command*)
                0x000000000002abb0                __cli_command_end__ = (__cli_command_start__ + SIZEOF (.cli_command))
                0x0000000000000000                __cli_command_size__ = SIZEOF (.cli_command)
                0x000000000002abb0                __stop_cli_command = __cli_command_end__
                0x000000000002abb0                __cli_command_load_end__ = __cli_command_end__
                0x0000000000000001                . = ASSERT (((__cli_command_start__ == __cli_command_end__) || ((__cli_command_end__ - __FLASH_segment_start__) <= __FLASH_segment_size__)), error: .cli_command is too large to fit in FLASH memory segment)
                0x000000000002abb0                __crypto_data_load_start__ = ALIGN (__cli_command_end__, 0x4)

.crypto_data    0x000000000002abb0        0x0
                0x000000000002abb0                __crypto_data_start__ = .
                0x000000000002abb0                __start_crypto_data = __crypto_data_start__
 *(SORT_BY_NAME(.crypto_data*))
                0x000000000002abb0                __crypto_data_end__ = (__crypto_data_start__ + SIZEOF (.crypto_data))
                0x0000000000000000                __crypto_data_size__ = SIZEOF (.crypto_data)
                0x000000000002abb0                __stop_crypto_data = __crypto_data_end__
                0x000000000002abb0                __crypto_data_load_end__ = __crypto_data_end__
                0x0000000000000001                . = ASSERT (((__crypto_data_start__ == __crypto_data_end__) || ((__crypto_data_end__ - __FLASH_segment_start__) <= __FLASH_segment_size__)), error: .crypto_data is too large to fit in FLASH memory segment)
                0x000000000002abb0                __log_backends_load_start__ = ALIGN (__crypto_data_end__, 0x4)

.log_backends   0x000000000002abb0       0x10
                0x000000000002abb0                __log_backends_start__ = .
                0x000000000002abb0                __start_log_backends = __log_backends_start__
 *(SORT_BY_NAME(.log_backends*))
 .log_backends  0x000000000002abb0       0x10 Output/ble_app_blinky_c_pca10056_s140 Release/Obj/nrf_log_default_backends.o
                0x000000000002abc0                __log_backends_end__ = (__log_backends_start__ + SIZEOF (.log_backends))
                0x0000000000000010                __log_backends_size__ = SIZEOF (.log_backends)
                0x000000000002abc0                __stop_log_backends = __log_backends_end__
                0x000000000002abc0                __log_backends_load_end__ = __log_backends_end__
                0x0000000000000001                . = ASSERT (((__log_backends_start__ == __log_backends_end__) || ((__log_backends_end__ - __FLASH_segment_start__) <= __FLASH_segment_size__)), error: .log_backends is too large to fit in FLASH memory segment)
                0x000000000002abc0                __nrf_sections_load_start__ = ALIGN (__log_backends_end__, 0x4)

.nrf_sections   0x000000000002abc0        0x0
                0x000000000002abc0                __nrf_sections_start__ = .
                0x000000000002abc0                __start_nrf_sections = __nrf_sections_start__
 *(.nrf_sections .nrf_sections.*)
                0x000000000002abc0                __nrf_sections_end__ = (__nrf_sections_start__ + SIZEOF (.nrf_sections))
                0x0000000000000000                __nrf_sections_size__ = SIZEOF (.nrf_sections)
                0x000000000002abc0                __nrf_sections_load_end__ = __nrf_sections_end__
                0x0000000000000001                . = ASSERT (((__nrf_sections_start__ == __nrf_sections_end__) || ((__nrf_sections_end__ - __FLASH_segment_start__) <= __FLASH_segment_size__)), error: .nrf_sections is too large to fit in FLASH memory segment)
                0x000000000002abc0                __log_dynamic_data_load_start__ = ALIGN (__nrf_sections_end__, 0x4)

.log_dynamic_data
                0x0000000020001d70        0x0 load address 0x000000000002abc0
                0x0000000020001d70                __log_dynamic_data_start__ = .
 *(SORT_BY_NAME(.log_dynamic_data*))
                0x0000000020001d70                __log_dynamic_data_end__ = (__log_dynamic_data_start__ + SIZEOF (.log_dynamic_data))
                0x0000000000000000                __log_dynamic_data_size__ = SIZEOF (.log_dynamic_data)
                0x000000000002abc0                __log_dynamic_data_load_end__ = (__log_dynamic_data_load_start__ + SIZEOF (.log_dynamic_data))
                0x0000000000000001                . = ASSERT (((__log_dynamic_data_load_start__ == __log_dynamic_data_load_end__) || ((__log_dynamic_data_load_end__ - __FLASH_segment_start__) <= __FLASH_segment_size__)), error: .log_dynamic_data is too large to fit in FLASH memory segment)

.log_dynamic_data_run
                0x0000000020001d70        0x0
                0x0000000020001d70                __log_dynamic_data_run_start__ = .
                0x0000000020001d70                __start_log_dynamic_data = __log_dynamic_data_run_start__
                0x0000000020001d70                . = MAX ((__log_dynamic_data_run_start__ + SIZEOF (.log_dynamic_data)), .)
                0x0000000020001d70                __log_dynamic_data_run_end__ = (__log_dynamic_data_run_start__ + SIZEOF (.log_dynamic_data_run))
                0x0000000000000000                __log_dynamic_data_run_size__ = SIZEOF (.log_dynamic_data_run)
                0x0000000020001d70                __stop_log_dynamic_data = __log_dynamic_data_run_end__
                0x0000000020001d70                __log_dynamic_data_run_load_end__ = __log_dynamic_data_run_end__
                0x0000000000000001                . = ASSERT (((__log_dynamic_data_run_start__ == __log_dynamic_data_run_end__) || ((__log_dynamic_data_run_end__ - __RAM_segment_start__) <= __RAM_segment_size__)), error: .log_dynamic_data_run is too large to fit in RAM memory segment)
                0x000000000002abc0                __log_filter_data_load_start__ = ALIGN ((__log_dynamic_data_load_start__ + SIZEOF (.log_dynamic_data)), 0x4)

.log_filter_data
                0x0000000020001d70        0x0 load address 0x000000000002abc0
                0x0000000020001d70                __log_filter_data_start__ = .
 *(SORT_BY_NAME(.log_filter_data*))
                0x0000000020001d70                __log_filter_data_end__ = (__log_filter_data_start__ + SIZEOF (.log_filter_data))
                0x0000000000000000                __log_filter_data_size__ = SIZEOF (.log_filter_data)
                0x000000000002abc0                __log_filter_data_load_end__ = (__log_filter_data_load_start__ + SIZEOF (.log_filter_data))
                0x0000000000000001                . = ASSERT (((__log_filter_data_load_start__ == __log_filter_data_load_end__) || ((__log_filter_data_load_end__ - __FLASH_segment_start__) <= __FLASH_segment_size__)), error: .log_filter_data is too large to fit in FLASH memory segment)

.log_filter_data_run
                0x0000000020001d70        0x0
                0x0000000020001d70                __log_filter_data_run_start__ = .
                0x0000000020001d70                __start_log_filter_data = __log_filter_data_run_start__
                0x0000000020001d70                . = MAX ((__log_filter_data_run_start__ + SIZEOF (.log_filter_data)), .)
                0x0000000020001d70                __log_filter_data_run_end__ = (__log_filter_data_run_start__ + SIZEOF (.log_filter_data_run))
                0x0000000000000000                __log_filter_data_run_size__ = SIZEOF (.log_filter_data_run)
                0x0000000020001d70                __stop_log_filter_data = __log_filter_data_run_end__
                0x0000000020001d70                __log_filter_data_run_load_end__ = __log_filter_data_run_end__
                0x0000000000000001                . = ASSERT (((__log_filter_data_run_start__ == __log_filter_data_run_end__) || ((__log_filter_data_run_end__ - __RAM_segment_start__) <= __RAM_segment_size__)), error: .log_filter_data_run is too large to fit in RAM memory segment)
                0x000000000002abc0                __cli_sorted_cmd_ptrs_load_start__ = ALIGN ((__log_filter_data_load_start__ + SIZEOF (.log_filter_data)), 0x4)

.cli_sorted_cmd_ptrs
                0x0000000020001d70        0x0 load address 0x000000000002abc0
                0x0000000020001d70                __cli_sorted_cmd_ptrs_start__ = .
 *(.cli_sorted_cmd_ptrs*)
                0x0000000020001d70                __cli_sorted_cmd_ptrs_end__ = (__cli_sorted_cmd_ptrs_start__ + SIZEOF (.cli_sorted_cmd_ptrs))
                0x0000000000000000                __cli_sorted_cmd_ptrs_size__ = SIZEOF (.cli_sorted_cmd_ptrs)
                0x000000000002abc0                __cli_sorted_cmd_ptrs_load_end__ = (__cli_sorted_cmd_ptrs_load_start__ + SIZEOF (.cli_sorted_cmd_ptrs))
                0x0000000000000001                . = ASSERT (((__cli_sorted_cmd_ptrs_load_start__ == __cli_sorted_cmd_ptrs_load_end__) || ((__cli_sorted_cmd_ptrs_load_end__ - __FLASH_segment_start__) <= __FLASH_segment_size__)), error: .cli_sorted_cmd_ptrs is too large to fit in FLASH memory segment)

.cli_sorted_cmd_ptrs_run
                0x0000000020001d70        0x0
                0x0000000020001d70                __cli_sorted_cmd_ptrs_run_start__ = .
                0x0000000020001d70                __start_cli_sorted_cmd_ptrs = __cli_sorted_cmd_ptrs_run_start__
                0x0000000020001d70                . = MAX ((__cli_sorted_cmd_ptrs_run_start__ + SIZEOF (.cli_sorted_cmd_ptrs)), .)
                0x0000000020001d70                __cli_sorted_cmd_ptrs_run_end__ = (__cli_sorted_cmd_ptrs_run_start__ + SIZEOF (.cli_sorted_cmd_ptrs_run))
                0x0000000000000000                __cli_sorted_cmd_ptrs_run_size__ = SIZEOF (.cli_sorted_cmd_ptrs_run)
                0x0000000020001d70                __stop_cli_sorted_cmd_ptrs = __cli_sorted_cmd_ptrs_run_end__
                0x0000000020001d70                __cli_sorted_cmd_ptrs_run_load_end__ = __cli_sorted_cmd_ptrs_run_end__
                0x0000000000000001                . = ASSERT (((__cli_sorted_cmd_ptrs_run_start__ == __cli_sorted_cmd_ptrs_run_end__) || ((__cli_sorted_cmd_ptrs_run_end__ - __RAM_segment_start__) <= __RAM_segment_size__)), error: .cli_sorted_cmd_ptrs_run is too large to fit in RAM memory segment)
                0x000000000002abc0                __fs_data_load_start__ = ALIGN ((__cli_sorted_cmd_ptrs_load_start__ + SIZEOF (.cli_sorted_cmd_ptrs)), 0x4)

.fs_data        0x0000000020001d70        0x0 load address 0x000000000002abc0
                0x0000000020001d70                __fs_data_start__ = .
 *(.fs_data*)
                0x0000000020001d70                __fs_data_end__ = (__fs_data_start__ + SIZEOF (.fs_data))
                0x0000000000000000                __fs_data_size__ = SIZEOF (.fs_data)
                0x000000000002abc0                __fs_data_load_end__ = (__fs_data_load_start__ + SIZEOF (.fs_data))
                0x0000000000000001                . = ASSERT (((__fs_data_load_start__ == __fs_data_load_end__) || ((__fs_data_load_end__ - __FLASH_segment_start__) <= __FLASH_segment_size__)), error: .fs_data is too large to fit in FLASH memory segment)

.fs_data_run    0x0000000020001d70        0x0
                0x0000000020001d70                __fs_data_run_start__ = .
                0x0000000020001d70                __start_fs_data = __fs_data_run_start__
                0x0000000020001d70                . = MAX ((__fs_data_run_start__ + SIZEOF (.fs_data)), .)
                0x0000000020001d70                __fs_data_run_end__ = (__fs_data_run_start__ + SIZEOF (.fs_data_run))
                0x0000000000000000                __fs_data_run_size__ = SIZEOF (.fs_data_run)
                0x0000000020001d70                __stop_fs_data = __fs_data_run_end__
                0x0000000020001d70                __fs_data_run_load_end__ = __fs_data_run_end__
                0x0000000000000001                . = ASSERT (((__fs_data_run_start__ == __fs_data_run_end__) || ((__fs_data_run_end__ - __RAM_segment_start__) <= __RAM_segment_size__)), error: .fs_data_run is too large to fit in RAM memory segment)
                0x0000000020001d70                __nrf_sections_run_end_load_start__ = ALIGN (__fs_data_run_end__, 0x4)

.nrf_sections_run_end
                0x0000000020001d70        0x0
                0x0000000020001d70                __nrf_sections_run_end_start__ = .
                0x0000000020001d70                __end_nrf_sections_run = __nrf_sections_run_end_start__
 *(.nrf_sections_run_end .nrf_sections_run_end.*)
                0x0000000020001d70                __nrf_sections_run_end_end__ = (__nrf_sections_run_end_start__ + SIZEOF (.nrf_sections_run_end))
                0x0000000000000000                __nrf_sections_run_end_size__ = SIZEOF (.nrf_sections_run_end)
                0x0000000020001d70                __nrf_sections_run_end_load_end__ = __nrf_sections_run_end_end__
                0x0000000000000001                . = ASSERT (((__nrf_sections_run_end_start__ == __nrf_sections_run_end_end__) || ((__nrf_sections_run_end_end__ - __RAM_segment_start__) <= __RAM_segment_size__)), error: .nrf_sections_run_end is too large to fit in RAM memory segment)
                0x000000000002abc0                __dtors_load_start__ = ALIGN ((__fs_data_load_start__ + SIZEOF (.fs_data)), 0x4)

.dtors          0x000000000002abc0        0x0
                0x000000000002abc0                __dtors_start__ = .
 *(SORT_BY_NAME(.dtors.*))
 *(.dtors)
 *(.fini_array)
 *(SORT_BY_NAME(.fini_array.*))
                0x000000000002abc0                __dtors_end__ = (__dtors_start__ + SIZEOF (.dtors))
                0x0000000000000000                __dtors_size__ = SIZEOF (.dtors)
                0x000000000002abc0                __dtors_load_end__ = __dtors_end__
                0x0000000000000001                . = ASSERT (((__dtors_start__ == __dtors_end__) || ((__dtors_end__ - __FLASH_segment_start__) <= __FLASH_segment_size__)), error: .dtors is too large to fit in FLASH memory segment)
                0x000000000002abc0                __ctors_load_start__ = ALIGN (__dtors_end__, 0x4)

.ctors          0x000000000002abc0        0x0
                0x000000000002abc0                __ctors_start__ = .
 *(SORT_BY_NAME(.ctors.*))
 *(.ctors)
 *(.init_array)
 *(SORT_BY_NAME(.init_array.*))
                0x000000000002abc0                __ctors_end__ = (__ctors_start__ + SIZEOF (.ctors))
                0x0000000000000000                __ctors_size__ = SIZEOF (.ctors)
                0x000000000002abc0                __ctors_load_end__ = __ctors_end__
                0x0000000000000001                . = ASSERT (((__ctors_start__ == __ctors_end__) || ((__ctors_end__ - __FLASH_segment_start__) <= __FLASH_segment_size__)), error: .ctors is too large to fit in FLASH memory segment)
                0x000000000002abc0                __rodata_load_start__ = ALIGN (__ctors_end__, 0x4)

.rodata         0x000000000002abc0      0xe5c
                0x000000000002abc0                __rodata_start__ = .
 *(.rodata .rodata.* .gnu.linkonce.r.*)
 .rodata        0x000000000002abc0       0x20 Output/ble_app_blinky_c_pca10056_s140 Release/Obj/nrf_log_backend_uart.o
 .rodata.nrf_log_backend_uart_api
                0x000000000002abe0        0xc Output/ble_app_blinky_c_pca10056_s140 Release/Obj/nrf_log_backend_uart.o
                0x000000000002abe0                nrf_log_backend_uart_api
 .rodata.str1.1
                0x000000000002abec       0x11 Output/ble_app_blinky_c_pca10056_s140 Release/Obj/nrf_log_default_backends.o
 *fill*         0x000000000002abfd        0x3 
 .rodata.m_log_push_ringbuf
                0x000000000002ac00        0xc Output/ble_app_blinky_c_pca10056_s140 Release/Obj/nrf_log_frontend.o
 .rodata.nrf_log_frontend_dequeue.str1.1
                0x000000000002ac0c       0x11 Output/ble_app_blinky_c_pca10056_s140 Release/Obj/nrf_log_frontend.o
 .rodata.str1.1
                0x000000000002ac1d        0x4 Output/ble_app_blinky_c_pca10056_s140 Release/Obj/nrf_log_frontend.o
 *fill*         0x000000000002ac21        0x3 
 .rodata.m_colors
                0x000000000002ac24       0x24 Output/ble_app_blinky_c_pca10056_s140 Release/Obj/nrf_log_str_formatter.o
 .rodata.nrf_log_hexdump_entry_process.str1.1
                0x000000000002ac48        0xf Output/ble_app_blinky_c_pca10056_s140 Release/Obj/nrf_log_str_formatter.o
                                         0x11 (size before relaxing)
 .rodata.postfix_process.str1.1
                0x000000000002ac57        0x8 Output/ble_app_blinky_c_pca10056_s140 Release/Obj/nrf_log_str_formatter.o
                                          0xb (size before relaxing)
 .rodata.prefix_process.str1.1
                0x000000000002ac5f       0x2a Output/ble_app_blinky_c_pca10056_s140 Release/Obj/nrf_log_str_formatter.o
 *fill*         0x000000000002ac89        0x3 
 .rodata.severity_names
                0x000000000002ac8c       0x14 Output/ble_app_blinky_c_pca10056_s140 Release/Obj/nrf_log_str_formatter.o
 .rodata.str1.1
                0x000000000002aca0       0x4b Output/ble_app_blinky_c_pca10056_s140 Release/Obj/nrf_log_str_formatter.o
                                         0x51 (size before relaxing)
 *fill*         0x000000000002aceb        0x1 
 .rodata.m_detection_delay_timer_id
                0x000000000002acec        0x4 Output/ble_app_blinky_c_pca10056_s140 Release/Obj/app_button.o
 .rodata.app_error_fault_handler.str1.1
                0x000000000002acf0       0x19 Output/ble_app_blinky_c_pca10056_s140 Release/Obj/app_error_weak.o
 *fill*         0x000000000002ad09        0x7 
 .rodata.delay_machine_code.8625
                0x000000000002ad10        0x6 Output/ble_app_blinky_c_pca10056_s140 Release/Obj/app_timer.o
 .rodata._aV2C.7796
                0x000000000002ad16       0x10 Output/ble_app_blinky_c_pca10056_s140 Release/Obj/nrf_fprintf_format.o
 *fill*         0x000000000002ad26        0x2 
 .rodata.pwr_mgmt_data
                0x000000000002ad28        0xc Output/ble_app_blinky_c_pca10056_s140 Release/Obj/nrf_pwr_mgmt.o
 .rodata.str1.1
                0x000000000002ad34        0x9 Output/ble_app_blinky_c_pca10056_s140 Release/Obj/nrf_pwr_mgmt.o
 .rodata.m_unknown_str
                0x000000000002ad3d       0x13 Output/ble_app_blinky_c_pca10056_s140 Release/Obj/nrf_strerror.o
 .rodata.nrf_strerror_array
                0x000000000002ad50      0x128 Output/ble_app_blinky_c_pca10056_s140 Release/Obj/nrf_strerror.o
 .rodata.str1.1
                0x000000000002ae78      0x3ba Output/ble_app_blinky_c_pca10056_s140 Release/Obj/nrf_strerror.o
 .rodata.m_board_led_list
                0x000000000002b232        0x4 Output/ble_app_blinky_c_pca10056_s140 Release/Obj/boards.o
 .rodata.str1.1
                0x000000000002b236        0x6 Output/ble_app_blinky_c_pca10056_s140 Release/Obj/nrf_drv_clock.o
 .rodata.str1.1
                0x000000000002b23c        0x6 Output/ble_app_blinky_c_pca10056_s140 Release/Obj/nrfx_clock.o
 .rodata.str1.1
                0x000000000002b242        0x7 Output/ble_app_blinky_c_pca10056_s140 Release/Obj/nrfx_gpiote.o
 .rodata.str1.1
                0x000000000002b249        0x4 Output/ble_app_blinky_c_pca10056_s140 Release/Obj/nrfx_prs.o
 .rodata.str1.1
                0x000000000002b24d        0x5 Output/ble_app_blinky_c_pca10056_s140 Release/Obj/nrfx_uart.o
 .rodata.str1.1
                0x000000000002b252        0x6 Output/ble_app_blinky_c_pca10056_s140 Release/Obj/nrfx_uarte.o
 .rodata.ble_evt_handler.str1.1
                0x000000000002b258       0x19 Output/ble_app_blinky_c_pca10056_s140 Release/Obj/main.o
 .rodata.button_event_handler.str1.1
                0x000000000002b271       0x17 Output/ble_app_blinky_c_pca10056_s140 Release/Obj/main.o
 .rodata.lbs_c_evt_handler.str1.1
                0x000000000002b288       0x59 Output/ble_app_blinky_c_pca10056_s140 Release/Obj/main.o
 .rodata.m_target_periph_name
                0x000000000002b2e1        0xe Output/ble_app_blinky_c_pca10056_s140 Release/Obj/main.o
 .rodata.main.str1.1
                0x000000000002b2ef       0x20 Output/ble_app_blinky_c_pca10056_s140 Release/Obj/main.o
 .rodata.ble_db_discovery_on_ble_evt.str1.1
                0x000000000002b30f       0xa0 Output/ble_app_blinky_c_pca10056_s140 Release/Obj/ble_db_discovery.o
 .rodata.str1.1
                0x000000000002b3af        0xc Output/ble_app_blinky_c_pca10056_s140 Release/Obj/ble_db_discovery.o
 .rodata.data_length_update.str1.1
                0x000000000002b3bb       0xdf Output/ble_app_blinky_c_pca10056_s140 Release/Obj/nrf_ble_gatt.o
 .rodata.nrf_ble_gatt_on_ble_evt.str1.1
                0x000000000002b49a       0x60 Output/ble_app_blinky_c_pca10056_s140 Release/Obj/nrf_ble_gatt.o
 .rodata.str1.1
                0x000000000002b4fa        0xd Output/ble_app_blinky_c_pca10056_s140 Release/Obj/nrf_ble_gatt.o
 .rodata.nrf_ble_scan_start.str1.1
                0x000000000002b507       0x24 Output/ble_app_blinky_c_pca10056_s140 Release/Obj/nrf_ble_scan.o
 .rodata.str1.1
                0x000000000002b52b        0x9 Output/ble_app_blinky_c_pca10056_s140 Release/Obj/nrf_ble_scan.o
 .rodata        0x000000000002b534       0x10 Output/ble_app_blinky_c_pca10056_s140 Release/Obj/ble_lbs_c.o
 .rodata.str1.1
                0x000000000002b544        0xa Output/ble_app_blinky_c_pca10056_s140 Release/Obj/ble_lbs_c.o
 .rodata        0x000000000002b54e        0x4 Output/ble_app_blinky_c_pca10056_s140 Release/Obj/nrf_sdh.o
 *fill*         0x000000000002b552        0x2 
 .rodata.sdh_req_observers
                0x000000000002b554        0xc Output/ble_app_blinky_c_pca10056_s140 Release/Obj/nrf_sdh.o
 .rodata.sdh_stack_observers
                0x000000000002b560        0xc Output/ble_app_blinky_c_pca10056_s140 Release/Obj/nrf_sdh.o
 .rodata.sdh_state_observers
                0x000000000002b56c        0xc Output/ble_app_blinky_c_pca10056_s140 Release/Obj/nrf_sdh.o
 .rodata.str1.1
                0x000000000002b578        0x8 Output/ble_app_blinky_c_pca10056_s140 Release/Obj/nrf_sdh.o
 .rodata.nrf_sdh_ble_default_cfg_set.str1.1
                0x000000000002b580      0x182 Output/ble_app_blinky_c_pca10056_s140 Release/Obj/nrf_sdh_ble.o
 .rodata.nrf_sdh_ble_enable.str1.1
                0x000000000002b702       0xa7 Output/ble_app_blinky_c_pca10056_s140 Release/Obj/nrf_sdh_ble.o
 *fill*         0x000000000002b7a9        0x3 
 .rodata.sdh_ble_observers
                0x000000000002b7ac        0xc Output/ble_app_blinky_c_pca10056_s140 Release/Obj/nrf_sdh_ble.o
 .rodata.str1.1
                0x000000000002b7b8        0xc Output/ble_app_blinky_c_pca10056_s140 Release/Obj/nrf_sdh_ble.o
 .rodata.sdh_soc_observers
                0x000000000002b7c4        0xc Output/ble_app_blinky_c_pca10056_s140 Release/Obj/nrf_sdh_soc.o
 .rodata.str1.1
                0x000000000002b7d0        0xc Output/ble_app_blinky_c_pca10056_s140 Release/Obj/nrf_sdh_soc.o
 .rodata.libc.__RAL_ascii_ctype_map
                0x000000000002b7dc       0x80 /Applications/SEGGER Embedded Studio for ARM 4.16/lib/libc_v7em_fpv4_sp_d16_hard_t_le_eabi.a(libc2.o)
                0x000000000002b7dc                __RAL_ascii_ctype_map
 .rodata.libc.__RAL_ascii_ctype_mask
                0x000000000002b85c        0xd /Applications/SEGGER Embedded Studio for ARM 4.16/lib/libc_v7em_fpv4_sp_d16_hard_t_le_eabi.a(libc2.o)
 *fill*         0x000000000002b869        0x3 
 .rodata.libc.__RAL_c_locale
                0x000000000002b86c        0xc /Applications/SEGGER Embedded Studio for ARM 4.16/lib/libc_v7em_fpv4_sp_d16_hard_t_le_eabi.a(libc2.o)
                0x000000000002b86c                __RAL_c_locale
 .rodata.libc.__RAL_c_locale_abbrev_day_names
                0x000000000002b878       0x1d /Applications/SEGGER Embedded Studio for ARM 4.16/lib/libc_v7em_fpv4_sp_d16_hard_t_le_eabi.a(libc2.o)
                0x000000000002b878                __RAL_c_locale_abbrev_day_names
 *fill*         0x000000000002b895        0x3 
 .rodata.libc.__RAL_c_locale_abbrev_month_names
                0x000000000002b898       0x31 /Applications/SEGGER Embedded Studio for ARM 4.16/lib/libc_v7em_fpv4_sp_d16_hard_t_le_eabi.a(libc2.o)
                0x000000000002b898                __RAL_c_locale_abbrev_month_names
 *fill*         0x000000000002b8c9        0x3 
 .rodata.libc.__RAL_c_locale_am_pm_indicator
                0x000000000002b8cc        0x7 /Applications/SEGGER Embedded Studio for ARM 4.16/lib/libc_v7em_fpv4_sp_d16_hard_t_le_eabi.a(libc2.o)
                0x000000000002b8cc                __RAL_c_locale_am_pm_indicator
 *fill*         0x000000000002b8d3        0x1 
 .rodata.libc.__RAL_c_locale_data
                0x000000000002b8d4       0x58 /Applications/SEGGER Embedded Studio for ARM 4.16/lib/libc_v7em_fpv4_sp_d16_hard_t_le_eabi.a(libc2.o)
                0x000000000002b8d4                __RAL_c_locale_data
 .rodata.libc.__RAL_c_locale_date_format
                0x000000000002b92c        0x9 /Applications/SEGGER Embedded Studio for ARM 4.16/lib/libc_v7em_fpv4_sp_d16_hard_t_le_eabi.a(libc2.o)
                0x000000000002b92c                __RAL_c_locale_date_format
 *fill*         0x000000000002b935        0x3 
 .rodata.libc.__RAL_c_locale_date_time_format
                0x000000000002b938        0xf /Applications/SEGGER Embedded Studio for ARM 4.16/lib/libc_v7em_fpv4_sp_d16_hard_t_le_eabi.a(libc2.o)
                0x000000000002b938                __RAL_c_locale_date_time_format
 *fill*         0x000000000002b947        0x1 
 .rodata.libc.__RAL_c_locale_day_names
                0x000000000002b948       0x3a /Applications/SEGGER Embedded Studio for ARM 4.16/lib/libc_v7em_fpv4_sp_d16_hard_t_le_eabi.a(libc2.o)
                0x000000000002b948                __RAL_c_locale_day_names
 *fill*         0x000000000002b982        0x2 
 .rodata.libc.__RAL_c_locale_month_names
                0x000000000002b984       0x57 /Applications/SEGGER Embedded Studio for ARM 4.16/lib/libc_v7em_fpv4_sp_d16_hard_t_le_eabi.a(libc2.o)
                0x000000000002b984                __RAL_c_locale_month_names
 *fill*         0x000000000002b9db        0x1 
 .rodata.libc.__RAL_c_locale_time_format
                0x000000000002b9dc        0x9 /Applications/SEGGER Embedded Studio for ARM 4.16/lib/libc_v7em_fpv4_sp_d16_hard_t_le_eabi.a(libc2.o)
                0x000000000002b9dc                __RAL_c_locale_time_format
 *fill*         0x000000000002b9e5        0x3 
 .rodata.libc.__RAL_codeset_ascii
                0x000000000002b9e8       0x20 /Applications/SEGGER Embedded Studio for ARM 4.16/lib/libc_v7em_fpv4_sp_d16_hard_t_le_eabi.a(libc2.o)
                0x000000000002b9e8                __RAL_codeset_ascii